Archive member included to satisfy reference by file (symbol)

c:/nxp/mcuxpressoide_10.2.0_759/ide/tools/bin/../lib/gcc/arm-none-eabi/7.2.1/../../../../arm-none-eabi/lib/thumb/v7e-m/fpv4-sp/hard\libcr_nohost_nf.a(_cr__main.o)
                              ./startup/startup_mk64f12.o (__main)
c:/nxp/mcuxpressoide_10.2.0_759/ide/tools/bin/../lib/gcc/arm-none-eabi/7.2.1/../../../../arm-none-eabi/lib/thumb/v7e-m/fpv4-sp/hard\libcr_nohost_nf.a(_cr_assert.o)
                              ./utilities/fsl_debug_console.o (__assertion_failed)
c:/nxp/mcuxpressoide_10.2.0_759/ide/tools/bin/../lib/gcc/arm-none-eabi/7.2.1/../../../../arm-none-eabi/lib/thumb/v7e-m/fpv4-sp/hard\libcr_nohost_nf.a(__ciob.o)
                              c:/nxp/mcuxpressoide_10.2.0_759/ide/tools/bin/../lib/gcc/arm-none-eabi/7.2.1/../../../../arm-none-eabi/lib/thumb/v7e-m/fpv4-sp/hard\libcr_nohost_nf.a(_cr_assert.o) (__Ciob)
c:/nxp/mcuxpressoide_10.2.0_759/ide/tools/bin/../lib/gcc/arm-none-eabi/7.2.1/../../../../arm-none-eabi/lib/thumb/v7e-m/fpv4-sp/hard\libcr_nohost_nf.a(__sys_appexit.o)
                              c:/nxp/mcuxpressoide_10.2.0_759/ide/tools/bin/../lib/gcc/arm-none-eabi/7.2.1/../../../../arm-none-eabi/lib/thumb/v7e-m/fpv4-sp/hard\libcr_nohost_nf.a(_cr_assert.o) (__sys_appexit)
c:/nxp/mcuxpressoide_10.2.0_759/ide/tools/bin/../lib/gcc/arm-none-eabi/7.2.1/../../../../arm-none-eabi/lib/thumb/v7e-m/fpv4-sp/hard\libcr_c.a(memcpy.o)
                              ./freertos/source/queue.o (memcpy)
c:/nxp/mcuxpressoide_10.2.0_759/ide/tools/bin/../lib/gcc/arm-none-eabi/7.2.1/../../../../arm-none-eabi/lib/thumb/v7e-m/fpv4-sp/hard\libcr_c.a(memset.o)
                              ./utilities/fsl_debug_console.o (memset)
c:/nxp/mcuxpressoide_10.2.0_759/ide/tools/bin/../lib/gcc/arm-none-eabi/7.2.1/../../../../arm-none-eabi/lib/thumb/v7e-m/fpv4-sp/hard\libcr_c.a(_deferredlazyseek.o)
                              c:/nxp/mcuxpressoide_10.2.0_759/ide/tools/bin/../lib/gcc/arm-none-eabi/7.2.1/../../../../arm-none-eabi/lib/thumb/v7e-m/fpv4-sp/hard\libcr_nohost_nf.a(_cr_assert.o) (__flsbuf)
c:/nxp/mcuxpressoide_10.2.0_759/ide/tools/bin/../lib/gcc/arm-none-eabi/7.2.1/../../../../arm-none-eabi/lib/thumb/v7e-m/fpv4-sp/hard\libcr_c.a(_fflush.o)
                              c:/nxp/mcuxpressoide_10.2.0_759/ide/tools/bin/../lib/gcc/arm-none-eabi/7.2.1/../../../../arm-none-eabi/lib/thumb/v7e-m/fpv4-sp/hard\libcr_c.a(_deferredlazyseek.o) (_fflush)
c:/nxp/mcuxpressoide_10.2.0_759/ide/tools/bin/../lib/gcc/arm-none-eabi/7.2.1/../../../../arm-none-eabi/lib/thumb/v7e-m/fpv4-sp/hard\libcr_c.a(_writebuf.o)
                              c:/nxp/mcuxpressoide_10.2.0_759/ide/tools/bin/../lib/gcc/arm-none-eabi/7.2.1/../../../../arm-none-eabi/lib/thumb/v7e-m/fpv4-sp/hard\libcr_c.a(_deferredlazyseek.o) (_Cwritebuf)
c:/nxp/mcuxpressoide_10.2.0_759/ide/tools/bin/../lib/gcc/arm-none-eabi/7.2.1/../../../../arm-none-eabi/lib/thumb/v7e-m/fpv4-sp/hard\libcr_c.a(alloc.o)
                              ./drivers/esp8266/esp8266.o (malloc)
c:/nxp/mcuxpressoide_10.2.0_759/ide/tools/bin/../lib/gcc/arm-none-eabi/7.2.1/../../../../arm-none-eabi/lib/thumb/v7e-m/fpv4-sp/hard\libcr_c.a(ctype.o)
                              ./drivers/esp8266/esp8266.o (isalnum)
c:/nxp/mcuxpressoide_10.2.0_759/ide/tools/bin/../lib/gcc/arm-none-eabi/7.2.1/../../../../arm-none-eabi/lib/thumb/v7e-m/fpv4-sp/hard\libcr_c.a(fputs.o)
                              c:/nxp/mcuxpressoide_10.2.0_759/ide/tools/bin/../lib/gcc/arm-none-eabi/7.2.1/../../../../arm-none-eabi/lib/thumb/v7e-m/fpv4-sp/hard\libcr_nohost_nf.a(_cr_assert.o) (fputs)
c:/nxp/mcuxpressoide_10.2.0_759/ide/tools/bin/../lib/gcc/arm-none-eabi/7.2.1/../../../../arm-none-eabi/lib/thumb/v7e-m/fpv4-sp/hard\libcr_c.a(fseek.o)
                              c:/nxp/mcuxpressoide_10.2.0_759/ide/tools/bin/../lib/gcc/arm-none-eabi/7.2.1/../../../../arm-none-eabi/lib/thumb/v7e-m/fpv4-sp/hard\libcr_c.a(_deferredlazyseek.o) (fseek)
c:/nxp/mcuxpressoide_10.2.0_759/ide/tools/bin/../lib/gcc/arm-none-eabi/7.2.1/../../../../arm-none-eabi/lib/thumb/v7e-m/fpv4-sp/hard\libcr_c.a(ftell.o)
                              c:/nxp/mcuxpressoide_10.2.0_759/ide/tools/bin/../lib/gcc/arm-none-eabi/7.2.1/../../../../arm-none-eabi/lib/thumb/v7e-m/fpv4-sp/hard\libcr_c.a(fseek.o) (ftell)
c:/nxp/mcuxpressoide_10.2.0_759/ide/tools/bin/../lib/gcc/arm-none-eabi/7.2.1/../../../../arm-none-eabi/lib/thumb/v7e-m/fpv4-sp/hard\libcr_c.a(initio.o)
                              c:/nxp/mcuxpressoide_10.2.0_759/ide/tools/bin/../lib/gcc/arm-none-eabi/7.2.1/../../../../arm-none-eabi/lib/thumb/v7e-m/fpv4-sp/hard\libcr_nohost_nf.a(_cr__main.o) (_initio)
c:/nxp/mcuxpressoide_10.2.0_759/ide/tools/bin/../lib/gcc/arm-none-eabi/7.2.1/../../../../arm-none-eabi/lib/thumb/v7e-m/fpv4-sp/hard\libcr_c.a(printf.o)
                              ./drivers/esp8266/esp8266.o (_sprintf)
[...]
Memory Configuration

Name             Origin             Length             Attributes
PROGRAM_FLASH    0x00000000         0x00100000         xr
SRAM_UPPER       0x20000000         0x00030000         xrw
SRAM_LOWER       0x1fff0000         0x00010000         xrw
FLEX_RAM         0x14000000         0x00001000         xrw
*default*        0x00000000         0xffffffff

Linker script and memory map

LOAD ./utilities/fsl_assert.o
LOAD ./utilities/fsl_debug_console.o
LOAD ./utilities/fsl_io.o
LOAD ./utilities/fsl_log.o
LOAD ./utilities/fsl_str.o
LOAD ./startup/startup_mk64f12.o
LOAD ./source/esp8266_app.o
LOAD ./source/semihost_hardfault.o
LOAD ./freertos/source/croutine.o
LOAD ./freertos/source/event_groups.o
LOAD ./freertos/source/list.o
LOAD ./freertos/source/queue.o
LOAD ./freertos/source/tasks.o
LOAD ./freertos/source/timers.o
LOAD ./freertos/portable/fsl_tickless_systick.o
LOAD ./freertos/portable/heap_4.o
LOAD ./freertos/portable/port.o
LOAD ./drivers/esp8266/esp8266.o
LOAD ./drivers/fsl_clock.o
LOAD ./drivers/fsl_common.o
LOAD ./drivers/fsl_flash.o
LOAD ./drivers/fsl_gpio.o
LOAD ./drivers/fsl_smc.o
LOAD ./drivers/fsl_uart.o
LOAD ./board/board.o
LOAD ./board/clock_config.o
LOAD ./board/pin_mux.o
LOAD ./CMSIS/system_MK64F12.o
START GROUP
LOAD c:/nxp/mcuxpressoide_10.2.0_759/ide/tools/bin/../lib/gcc/arm-none-eabi/7.2.1/../../../../arm-none-eabi/lib/thumb/v7e-m/fpv4-sp/hard\libcr_nohost_nf.a
LOAD c:/nxp/mcuxpressoide_10.2.0_759/ide/tools/bin/../lib/gcc/arm-none-eabi/7.2.1/../../../../arm-none-eabi/lib/thumb/v7e-m/fpv4-sp/hard\libcr_c.a
LOAD c:/nxp/mcuxpressoide_10.2.0_759/ide/tools/bin/../lib/gcc/arm-none-eabi/7.2.1/thumb/v7e-m/fpv4-sp/hard\libcr_eabihelpers.a
END GROUP
                0x00000000                __base_PROGRAM_FLASH = 0x0
                0x00000000                __base_Flash = 0x0
                0x00100000                __top_PROGRAM_FLASH = 0x100000
                0x00100000                __top_Flash = 0x100000
                0x20000000                __base_SRAM_UPPER = 0x20000000
                0x20000000                __base_RAM = 0x20000000
                0x20030000                __top_SRAM_UPPER = 0x20030000
                0x20030000                __top_RAM = 0x20030000
                0x1fff0000                __base_SRAM_LOWER = 0x1fff0000
                0x1fff0000                __base_RAM2 = 0x1fff0000
                0x20000000                __top_SRAM_LOWER = 0x20000000
                0x20000000                __top_RAM2 = 0x20000000
                0x14000000                __base_FLEX_RAM = 0x14000000
                0x14000000                __base_RAM3 = 0x14000000
                0x14001000                __top_FLEX_RAM = 0x14001000
                0x14001000                __top_RAM3 = 0x14001000

.text           0x00000000     0x7a48
 FILL mask 0xff
                0x00000000                __vectors_start__ = ABSOLUTE (.)
 *(.isr_vector)
 .isr_vector    0x00000000      0x198 ./startup/startup_mk64f12.o
                0x00000000                g_pfnVectors
                0x00000000                __Vectors
                0x00000198                . = ALIGN (0x4)
                0x00000198                __section_table_start = .
                0x00000198                __data_section_table = .
                0x00000198        0x4 LONG 0x7a48 LOADADDR (.data)
                0x0000019c        0x4 LONG 0x20000000 ADDR (.data)
                0x000001a0        0x4 LONG 0xd8 SIZEOF (.data)
                0x000001a4        0x4 LONG 0x7a48 LOADADDR (.data_RAM2)
                0x000001a8        0x4 LONG 0x1fff0000 ADDR (.data_RAM2)
                0x000001ac        0x4 LONG 0x0 SIZEOF (.data_RAM2)
                0x000001b0        0x4 LONG 0x7a48 LOADADDR (.data_RAM3)
                0x000001b4        0x4 LONG 0x14000000 ADDR (.data_RAM3)
                0x000001b8        0x4 LONG 0x0 SIZEOF (.data_RAM3)
                0x000001bc                __data_section_table_end = .
                0x000001bc                __bss_section_table = .
                0x000001bc        0x4 LONG 0x200000d8 ADDR (.bss)
                0x000001c0        0x4 LONG 0x2cc8 SIZEOF (.bss)
                0x000001c4        0x4 LONG 0x1fff0000 ADDR (.bss_RAM2)
                0x000001c8        0x4 LONG 0x0 SIZEOF (.bss_RAM2)
                0x000001cc        0x4 LONG 0x14000000 ADDR (.bss_RAM3)
                0x000001d0        0x4 LONG 0x0 SIZEOF (.bss_RAM3)
                0x000001d4                __bss_section_table_end = .
                0x000001d4                __section_table_end = .
 *(.after_vectors*)
 .after_vectors.init_data
                0x000001d4       0x1e ./startup/startup_mk64f12.o
                0x000001d4                data_init
 .after_vectors.init_bss
                0x000001f2       0x12 ./startup/startup_mk64f12.o
                0x000001f2                bss_init
 .after_vectors.reset
                0x00000204       0x4c ./startup/startup_mk64f12.o
                0x00000204                ResetISR
 .after_vectors
                0x00000250       0x14 ./startup/startup_mk64f12.o
                0x00000250                NMI_Handler
                0x00000254                MemManage_Handler
                0x00000256                BusFault_Handler
                0x00000258                UsageFault_Handler
                0x0000025c                DebugMon_Handler
                0x00000262                LPTMR0_DriverIRQHandler
                0x00000262                DMA_Error_DriverIRQHandler
                0x00000262                SPI1_DriverIRQHandler
                0x00000262                FTM1_DriverIRQHandler
                0x00000262                FTM2_DriverIRQHandler
                0x00000262                PIT2_DriverIRQHandler
                0x00000262                SDHC_DriverIRQHandler
                0x00000262                I2S0_Tx_DriverIRQHandler
                0x00000262                RTC_Seconds_DriverIRQHandler
                0x00000262                DMA6_DriverIRQHandler
                0x00000262                LLWU_DriverIRQHandler
                0x00000262                MCM_DriverIRQHandler
                0x00000262                MCG_DriverIRQHandler
                0x00000262                ENET_1588_Timer_DriverIRQHandler
                0x00000262                I2C2_DriverIRQHandler
                0x00000262                DAC1_DriverIRQHandler
                0x00000262                DMA12_DriverIRQHandler
                0x00000262                CMP1_DriverIRQHandler
                0x00000262                FTM0_DriverIRQHandler
                0x00000262                IntDefaultHandler
                0x00000262                USB0_DriverIRQHandler
                0x00000262                UART5_ERR_DriverIRQHandler
                0x00000262                PORTC_DriverIRQHandler
                0x00000262                DMA11_DriverIRQHandler
                0x00000262                DAC0_DriverIRQHandler
                0x00000262                DMA10_DriverIRQHandler
                0x00000262                CMP2_DriverIRQHandler
                0x00000262                UART2_ERR_DriverIRQHandler
                0x00000262                SPI2_DriverIRQHandler
                0x00000262                LVD_LVW_DriverIRQHandler
                0x00000262                PIT0_DriverIRQHandler
                0x00000262                PORTB_DriverIRQHandler
                0x00000262                DMA5_DriverIRQHandler
                0x00000262                DMA4_DriverIRQHandler
                0x00000262                USBDCD_DriverIRQHandler
                0x00000262                UART3_ERR_DriverIRQHandler
                0x00000262                DMA3_DriverIRQHandler
                0x00000262                DMA8_DriverIRQHandler
                0x00000262                DMA9_DriverIRQHandler
                0x00000262                UART0_ERR_DriverIRQHandler
                0x00000262                CMT_DriverIRQHandler
                0x00000262                Reserved71_DriverIRQHandler
                0x00000262                ADC1_DriverIRQHandler
                0x00000262                PORTA_DriverIRQHandler
                0x00000262                DMA14_DriverIRQHandler
                0x00000262                PIT3_DriverIRQHandler
                0x00000262                PIT1_DriverIRQHandler
                0x00000262                WDOG_EWM_DriverIRQHandler
                0x00000262                PDB0_DriverIRQHandler
                0x00000262                RTC_DriverIRQHandler
                0x00000262                I2S0_Rx_DriverIRQHandler
                0x00000262                Read_Collision_DriverIRQHandler
                0x00000262                SWI_DriverIRQHandler
                0x00000262                UART4_ERR_DriverIRQHandler
                0x00000262                DMA0_DriverIRQHandler
                0x00000262                UART0_LON_DriverIRQHandler
                0x00000262                DMA1_DriverIRQHandler
                0x00000262                I2C1_DriverIRQHandler
                0x00000262                ENET_Receive_DriverIRQHandler
                0x00000262                DMA13_DriverIRQHandler
                0x00000262                ENET_Error_DriverIRQHandler
                0x00000262                DMA15_DriverIRQHandler
                0x00000262                SPI0_DriverIRQHandler
                0x00000262                ADC0_DriverIRQHandler
                0x00000262                CMP0_DriverIRQHandler
                0x00000262                CAN0_DriverIRQHandler
                0x00000262                FTM3_DriverIRQHandler
                0x00000262                RNG_DriverIRQHandler
                0x00000262                UART1_ERR_DriverIRQHandler
                0x00000262                DMA2_DriverIRQHandler
                0x00000262                ENET_Transmit_DriverIRQHandler
                0x00000262                PORTD_DriverIRQHandler
                0x00000262                PORTE_DriverIRQHandler
                0x00000262                FTFE_DriverIRQHandler
                0x00000262                I2C0_DriverIRQHandler
                0x00000262                DMA7_DriverIRQHandler
                0x00000400                . = 0x400
 *fill*         0x00000264      0x19c ff
                0x00000400                PROVIDE (__FLASH_CONFIG_START__, .)
 *(.FlashConfig)
 .FlashConfig   0x00000400       0x10 ./startup/startup_mk64f12.o
                0x00000400                Flash_Config
                0x00000410                PROVIDE (__FLASH_CONFIG_END__, .)
                0x00000001                ASSERT (! ((__FLASH_CONFIG_START__ == __FLASH_CONFIG_END__)), Linker Flash Config Support Enabled, but no .FlashConfig section provided within application)
 *(.text*)
 .text.DbgConsole_Init
                0x00000410       0x38 ./utilities/fsl_debug_console.o
                0x00000410                DbgConsole_Init
 .text.DbgConsole_Printf
                0x00000448       0x64 ./utilities/fsl_debug_console.o
                0x00000448                DbgConsole_Printf
 .text.DbgConsole_RelocateLog
                0x000004ac       0x64 ./utilities/fsl_debug_console.o
 .text.UART_EnableTx
                0x00000510       0x40 ./utilities/fsl_io.o
 .text.UART_EnableRx
                0x00000550       0x40 ./utilities/fsl_io.o
 .text.IO_Init  0x00000590       0x80 ./utilities/fsl_io.o
                0x00000590                IO_Init
 .text.IO_Transfer
                0x00000610       0x5c ./utilities/fsl_io.o
                0x00000610                IO_Transfer
 .text.LOG_Init
                0x0000066c       0x30 ./utilities/fsl_log.o
                0x0000066c                LOG_Init
 .text.LOG_Push
                0x0000069c       0x2c ./utilities/fsl_log.o
                0x0000069c                LOG_Push
 .text.LOG_Pop  0x000006c8       0x42 ./utilities/fsl_log.o
                0x000006c8                LOG_Pop
 .text.ConvertRadixNumToString
                0x0000070a      0x114 ./utilities/fsl_str.o
 *fill*         0x0000081e        0x2 ff
 .text.StrFormatPrintf
                0x00000820      0x35c ./utilities/fsl_str.o
                0x00000820                StrFormatPrintf
 .text.DMA0_IRQHandler
                0x00000b7c        0x8 ./startup/startup_mk64f12.o
                0x00000b7c                DMA0_IRQHandler
 .text.DMA1_IRQHandler
                0x00000b84        0x8 ./startup/startup_mk64f12.o
                0x00000b84                DMA1_IRQHandler
 .text.DMA2_IRQHandler
                0x00000b8c        0x8 ./startup/startup_mk64f12.o
                0x00000b8c                DMA2_IRQHandler
 .text.DMA3_IRQHandler
                0x00000b94        0x8 ./startup/startup_mk64f12.o
                0x00000b94                DMA3_IRQHandler
 .text.DMA4_IRQHandler
                0x00000b9c        0x8 ./startup/startup_mk64f12.o
                0x00000b9c                DMA4_IRQHandler
 .text.DMA5_IRQHandler
                0x00000ba4        0x8 ./startup/startup_mk64f12.o
                0x00000ba4                DMA5_IRQHandler
 .text.DMA6_IRQHandler
                0x00000bac        0x8 ./startup/startup_mk64f12.o
                0x00000bac                DMA6_IRQHandler
 .text.DMA7_IRQHandler
                0x00000bb4        0x8 ./startup/startup_mk64f12.o
                0x00000bb4                DMA7_IRQHandler
 .text.DMA8_IRQHandler
                0x00000bbc        0x8 ./startup/startup_mk64f12.o
                0x00000bbc                DMA8_IRQHandler
 .text.DMA9_IRQHandler
                0x00000bc4        0x8 ./startup/startup_mk64f12.o
                0x00000bc4                DMA9_IRQHandler
 .text.DMA10_IRQHandler
                0x00000bcc        0x8 ./startup/startup_mk64f12.o
                0x00000bcc                DMA10_IRQHandler
 .text.DMA11_IRQHandler
                0x00000bd4        0x8 ./startup/startup_mk64f12.o
                0x00000bd4                DMA11_IRQHandler
 .text.DMA12_IRQHandler
                0x00000bdc        0x8 ./startup/startup_mk64f12.o
                0x00000bdc                DMA12_IRQHandler
 .text.DMA13_IRQHandler
                0x00000be4        0x8 ./startup/startup_mk64f12.o
                0x00000be4                DMA13_IRQHandler
 .text.DMA14_IRQHandler
                0x00000bec        0x8 ./startup/startup_mk64f12.o
                0x00000bec                DMA14_IRQHandler
 .text.DMA15_IRQHandler
                0x00000bf4        0x8 ./startup/startup_mk64f12.o
                0x00000bf4                DMA15_IRQHandler
 .text.DMA_Error_IRQHandler
                0x00000bfc        0x8 ./startup/startup_mk64f12.o
                0x00000bfc                DMA_Error_IRQHandler
 .text.MCM_IRQHandler
                0x00000c04        0x8 ./startup/startup_mk64f12.o
                0x00000c04                MCM_IRQHandler
 .text.FTFE_IRQHandler
                0x00000c0c        0x8 ./startup/startup_mk64f12.o
                0x00000c0c                FTFE_IRQHandler
 .text.Read_Collision_IRQHandler
                0x00000c14        0x8 ./startup/startup_mk64f12.o
                0x00000c14                Read_Collision_IRQHandler
 .text.LVD_LVW_IRQHandler
                0x00000c1c        0x8 ./startup/startup_mk64f12.o
                0x00000c1c                LVD_LVW_IRQHandler
 .text.LLWU_IRQHandler
                0x00000c24        0x8 ./startup/startup_mk64f12.o
                0x00000c24                LLWU_IRQHandler
 .text.WDOG_EWM_IRQHandler
                0x00000c2c        0x8 ./startup/startup_mk64f12.o
                0x00000c2c                WDOG_EWM_IRQHandler
 .text.RNG_IRQHandler
                0x00000c34        0x8 ./startup/startup_mk64f12.o
                0x00000c34                RNG_IRQHandler
 .text.I2C0_IRQHandler
                0x00000c3c        0x8 ./startup/startup_mk64f12.o
                0x00000c3c                I2C0_IRQHandler
 .text.I2C1_IRQHandler
                0x00000c44        0x8 ./startup/startup_mk64f12.o
                0x00000c44                I2C1_IRQHandler
 .text.SPI0_IRQHandler
                0x00000c4c        0x8 ./startup/startup_mk64f12.o
                0x00000c4c                SPI0_IRQHandler
 .text.SPI1_IRQHandler
                0x00000c54        0x8 ./startup/startup_mk64f12.o
                0x00000c54                SPI1_IRQHandler
 .text.I2S0_Tx_IRQHandler
                0x00000c5c        0x8 ./startup/startup_mk64f12.o
                0x00000c5c                I2S0_Tx_IRQHandler
 .text.I2S0_Rx_IRQHandler
                0x00000c64        0x8 ./startup/startup_mk64f12.o
                0x00000c64                I2S0_Rx_IRQHandler
 .text.UART0_LON_IRQHandler
                0x00000c6c        0x8 ./startup/startup_mk64f12.o
                0x00000c6c                UART0_LON_IRQHandler
 .text.UART0_RX_TX_IRQHandler
                0x00000c74        0x8 ./startup/startup_mk64f12.o
                0x00000c74                UART0_RX_TX_IRQHandler
 .text.UART0_ERR_IRQHandler
                0x00000c7c        0x8 ./startup/startup_mk64f12.o
                0x00000c7c                UART0_ERR_IRQHandler
 .text.UART1_RX_TX_IRQHandler
                0x00000c84        0x8 ./startup/startup_mk64f12.o
                0x00000c84                UART1_RX_TX_IRQHandler
 .text.UART1_ERR_IRQHandler
                0x00000c8c        0x8 ./startup/startup_mk64f12.o
                0x00000c8c                UART1_ERR_IRQHandler
 .text.UART2_RX_TX_IRQHandler
                0x00000c94        0x8 ./startup/startup_mk64f12.o
                0x00000c94                UART2_RX_TX_IRQHandler
 .text.UART2_ERR_IRQHandler
                0x00000c9c        0x8 ./startup/startup_mk64f12.o
                0x00000c9c                UART2_ERR_IRQHandler
 .text.UART3_RX_TX_IRQHandler
                0x00000ca4        0x8 ./startup/startup_mk64f12.o
                0x00000ca4                UART3_RX_TX_IRQHandler
 .text.UART3_ERR_IRQHandler
                0x00000cac        0x8 ./startup/startup_mk64f12.o
                0x00000cac                UART3_ERR_IRQHandler
 .text.ADC0_IRQHandler
                0x00000cb4        0x8 ./startup/startup_mk64f12.o
                0x00000cb4                ADC0_IRQHandler
 .text.CMP0_IRQHandler
                0x00000cbc        0x8 ./startup/startup_mk64f12.o
                0x00000cbc                CMP0_IRQHandler
 .text.CMP1_IRQHandler
                0x00000cc4        0x8 ./startup/startup_mk64f12.o
                0x00000cc4                CMP1_IRQHandler
 .text.FTM0_IRQHandler
                0x00000ccc        0x8 ./startup/startup_mk64f12.o
                0x00000ccc                FTM0_IRQHandler
 .text.FTM1_IRQHandler
                0x00000cd4        0x8 ./startup/startup_mk64f12.o
                0x00000cd4                FTM1_IRQHandler
 .text.FTM2_IRQHandler
                0x00000cdc        0x8 ./startup/startup_mk64f12.o
                0x00000cdc                FTM2_IRQHandler
 .text.CMT_IRQHandler
                0x00000ce4        0x8 ./startup/startup_mk64f12.o
                0x00000ce4                CMT_IRQHandler
 .text.RTC_IRQHandler
                0x00000cec        0x8 ./startup/startup_mk64f12.o
                0x00000cec                RTC_IRQHandler
 .text.RTC_Seconds_IRQHandler
                0x00000cf4        0x8 ./startup/startup_mk64f12.o
                0x00000cf4                RTC_Seconds_IRQHandler
 .text.PIT0_IRQHandler
                0x00000cfc        0x8 ./startup/startup_mk64f12.o
                0x00000cfc                PIT0_IRQHandler
 .text.PIT1_IRQHandler
                0x00000d04        0x8 ./startup/startup_mk64f12.o
                0x00000d04                PIT1_IRQHandler
 .text.PIT2_IRQHandler
                0x00000d0c        0x8 ./startup/startup_mk64f12.o
                0x00000d0c                PIT2_IRQHandler
 .text.PIT3_IRQHandler
                0x00000d14        0x8 ./startup/startup_mk64f12.o
                0x00000d14                PIT3_IRQHandler
 .text.PDB0_IRQHandler
                0x00000d1c        0x8 ./startup/startup_mk64f12.o
                0x00000d1c                PDB0_IRQHandler
 .text.USB0_IRQHandler
                0x00000d24        0x8 ./startup/startup_mk64f12.o
                0x00000d24                USB0_IRQHandler
 .text.USBDCD_IRQHandler
                0x00000d2c        0x8 ./startup/startup_mk64f12.o
                0x00000d2c                USBDCD_IRQHandler
 .text.Reserved71_IRQHandler
                0x00000d34        0x8 ./startup/startup_mk64f12.o
                0x00000d34                Reserved71_IRQHandler
 .text.DAC0_IRQHandler
                0x00000d3c        0x8 ./startup/startup_mk64f12.o
                0x00000d3c                DAC0_IRQHandler
 .text.MCG_IRQHandler
                0x00000d44        0x8 ./startup/startup_mk64f12.o
                0x00000d44                MCG_IRQHandler
 .text.LPTMR0_IRQHandler
                0x00000d4c        0x8 ./startup/startup_mk64f12.o
                0x00000d4c                LPTMR0_IRQHandler
 .text.PORTA_IRQHandler
                0x00000d54        0x8 ./startup/startup_mk64f12.o
                0x00000d54                PORTA_IRQHandler
 .text.PORTB_IRQHandler
                0x00000d5c        0x8 ./startup/startup_mk64f12.o
                0x00000d5c                PORTB_IRQHandler
 .text.PORTC_IRQHandler
                0x00000d64        0x8 ./startup/startup_mk64f12.o
                0x00000d64                PORTC_IRQHandler
 .text.PORTD_IRQHandler
                0x00000d6c        0x8 ./startup/startup_mk64f12.o
                0x00000d6c                PORTD_IRQHandler
 .text.PORTE_IRQHandler
                0x00000d74        0x8 ./startup/startup_mk64f12.o
                0x00000d74                PORTE_IRQHandler
 .text.SWI_IRQHandler
                0x00000d7c        0x8 ./startup/startup_mk64f12.o
                0x00000d7c                SWI_IRQHandler
 .text.SPI2_IRQHandler
                0x00000d84        0x8 ./startup/startup_mk64f12.o
                0x00000d84                SPI2_IRQHandler
 .text.UART4_RX_TX_IRQHandler
                0x00000d8c        0x8 ./startup/startup_mk64f12.o
                0x00000d8c                UART4_RX_TX_IRQHandler
 .text.UART4_ERR_IRQHandler
                0x00000d94        0x8 ./startup/startup_mk64f12.o
                0x00000d94                UART4_ERR_IRQHandler
 .text.UART5_RX_TX_IRQHandler
                0x00000d9c        0x8 ./startup/startup_mk64f12.o
                0x00000d9c                UART5_RX_TX_IRQHandler
 .text.UART5_ERR_IRQHandler
                0x00000da4        0x8 ./startup/startup_mk64f12.o
                0x00000da4                UART5_ERR_IRQHandler
 .text.CMP2_IRQHandler
                0x00000dac        0x8 ./startup/startup_mk64f12.o
                0x00000dac                CMP2_IRQHandler
 .text.FTM3_IRQHandler
                0x00000db4        0x8 ./startup/startup_mk64f12.o
                0x00000db4                FTM3_IRQHandler
 .text.DAC1_IRQHandler
                0x00000dbc        0x8 ./startup/startup_mk64f12.o
                0x00000dbc                DAC1_IRQHandler
 .text.ADC1_IRQHandler
                0x00000dc4        0x8 ./startup/startup_mk64f12.o
                0x00000dc4                ADC1_IRQHandler
 .text.I2C2_IRQHandler
                0x00000dcc        0x8 ./startup/startup_mk64f12.o
                0x00000dcc                I2C2_IRQHandler
 .text.CAN0_ORed_Message_buffer_IRQHandler
                0x00000dd4        0x8 ./startup/startup_mk64f12.o
                0x00000dd4                CAN0_ORed_Message_buffer_IRQHandler
 .text.CAN0_Bus_Off_IRQHandler
                0x00000ddc        0x8 ./startup/startup_mk64f12.o
                0x00000ddc                CAN0_Bus_Off_IRQHandler
 .text.CAN0_Error_IRQHandler
                0x00000de4        0x8 ./startup/startup_mk64f12.o
                0x00000de4                CAN0_Error_IRQHandler
 .text.CAN0_Tx_Warning_IRQHandler
                0x00000dec        0x8 ./startup/startup_mk64f12.o
                0x00000dec                CAN0_Tx_Warning_IRQHandler
 .text.CAN0_Rx_Warning_IRQHandler
                0x00000df4        0x8 ./startup/startup_mk64f12.o
                0x00000df4                CAN0_Rx_Warning_IRQHandler
 .text.CAN0_Wake_Up_IRQHandler
                0x00000dfc        0x8 ./startup/startup_mk64f12.o
                0x00000dfc                CAN0_Wake_Up_IRQHandler
 .text.SDHC_IRQHandler
                0x00000e04        0x8 ./startup/startup_mk64f12.o
                0x00000e04                SDHC_IRQHandler
 .text.ENET_1588_Timer_IRQHandler
                0x00000e0c        0x8 ./startup/startup_mk64f12.o
                0x00000e0c                ENET_1588_Timer_IRQHandler
 .text.ENET_Transmit_IRQHandler
                0x00000e14        0x8 ./startup/startup_mk64f12.o
                0x00000e14                ENET_Transmit_IRQHandler
 .text.ENET_Receive_IRQHandler
                0x00000e1c        0x8 ./startup/startup_mk64f12.o
                0x00000e1c                ENET_Receive_IRQHandler
 .text.ENET_Error_IRQHandler
                0x00000e24        0x8 ./startup/startup_mk64f12.o
                0x00000e24                ENET_Error_IRQHandler
 .text.main     0x00000e2c       0x60 ./source/esp8266_app.o
                0x00000e2c                main
 .text.wifi_task
                0x00000e8c       0x78 ./source/esp8266_app.o
 .text.HardFault_Handler
                0x00000f04       0x2a ./source/semihost_hardfault.o
                0x00000f04                HardFault_Handler
 .text.vListInitialise
                0x00000f2e       0x40 ./freertos/source/list.o
                0x00000f2e                vListInitialise
 .text.vListInitialiseItem
                0x00000f6e       0x1a ./freertos/source/list.o
                0x00000f6e                vListInitialiseItem
 .text.vListInsertEnd
                0x00000f88       0x48 ./freertos/source/list.o
                0x00000f88                vListInsertEnd
 .text.vListInsert
                0x00000fd0       0x72 ./freertos/source/list.o
                0x00000fd0                vListInsert
 .text.uxListRemove
                0x00001042       0x54 ./freertos/source/list.o
                0x00001042                uxListRemove
 *fill*         0x00001096        0x2 ff
 .text.xQueueGenericReset
                0x00001098       0xd0 ./freertos/source/queue.o
                0x00001098                xQueueGenericReset
 .text.xQueueGenericCreate
                0x00001168       0x72 ./freertos/source/queue.o
                0x00001168                xQueueGenericCreate
 .text.prvInitialiseNewQueue
                0x000011da       0x46 ./freertos/source/queue.o
 .text.xQueueGenericSend
                0x00001220      0x1f4 ./freertos/source/queue.o
                0x00001220                xQueueGenericSend
 .text.xQueueGenericSendFromISR
                0x00001414      0x128 ./freertos/source/queue.o
                0x00001414                xQueueGenericSendFromISR
 .text.xQueueGenericReceive
                0x0000153c      0x224 ./freertos/source/queue.o
                0x0000153c                xQueueGenericReceive
 .text.prvCopyDataToQueue
                0x00001760       0xd4 ./freertos/source/queue.o
 .text.prvCopyDataFromQueue
                0x00001834       0x4c ./freertos/source/queue.o
 .text.prvUnlockQueue
                0x00001880       0xa4 ./freertos/source/queue.o
 .text.prvIsQueueEmpty
                0x00001924       0x2c ./freertos/source/queue.o
 .text.prvIsQueueFull
                0x00001950       0x30 ./freertos/source/queue.o
 .text.vQueueAddToRegistry
                0x00001980       0x50 ./freertos/source/queue.o
                0x00001980                vQueueAddToRegistry
 .text.vQueueWaitForMessageRestricted
                0x000019d0       0x68 ./freertos/source/queue.o
                0x000019d0                vQueueWaitForMessageRestricted
 .text.xTaskCreate
                0x00001a38       0x82 ./freertos/source/tasks.o
                0x00001a38                xTaskCreate
 .text.prvInitialiseNewTask
                0x00001aba      0x132 ./freertos/source/tasks.o
 .text.prvAddNewTaskToReadyList
                0x00001bec       0xdc ./freertos/source/tasks.o
 .text.vTaskSuspend
                0x00001cc8      0x110 ./freertos/source/tasks.o
                0x00001cc8                vTaskSuspend
 .text.vTaskStartScheduler
                0x00001dd8       0x98 ./freertos/source/tasks.o
                0x00001dd8                vTaskStartScheduler
 .text.vTaskSuspendAll
                0x00001e70       0x1c ./freertos/source/tasks.o
                0x00001e70                vTaskSuspendAll
 .text.xTaskResumeAll
                0x00001e8c      0x138 ./freertos/source/tasks.o
                0x00001e8c                xTaskResumeAll
 .text.xTaskGetTickCount
                0x00001fc4       0x20 ./freertos/source/tasks.o
                0x00001fc4                xTaskGetTickCount
 .text.xTaskIncrementTick
                0x00001fe4      0x158 ./freertos/source/tasks.o
                0x00001fe4                xTaskIncrementTick
 .text.vTaskSwitchContext
                0x0000213c       0xb4 ./freertos/source/tasks.o
                0x0000213c                vTaskSwitchContext
 .text.vTaskPlaceOnEventList
                0x000021f0       0x48 ./freertos/source/tasks.o
                0x000021f0                vTaskPlaceOnEventList
 .text.vTaskPlaceOnEventListRestricted
                0x00002238       0x54 ./freertos/source/tasks.o
                0x00002238                vTaskPlaceOnEventListRestricted
 .text.xTaskRemoveFromEventList
                0x0000228c       0xc4 ./freertos/source/tasks.o
                0x0000228c                xTaskRemoveFromEventList
 .text.vTaskSetTimeOutState
                0x00002350       0x48 ./freertos/source/tasks.o
                0x00002350                vTaskSetTimeOutState
 .text.xTaskCheckForTimeOut
                0x00002398       0xbc ./freertos/source/tasks.o
                0x00002398                xTaskCheckForTimeOut
 .text.vTaskMissedYield
                0x00002454       0x18 ./freertos/source/tasks.o
                0x00002454                vTaskMissedYield
 .text.prvIdleTask
                0x0000246c       0x30 ./freertos/source/tasks.o
 .text.prvInitialiseTaskLists
                0x0000249c       0x80 ./freertos/source/tasks.o
 .text.prvCheckTasksWaitingTermination
                0x0000251c       0x78 ./freertos/source/tasks.o
 .text.prvDeleteTCB
                0x00002594       0x20 ./freertos/source/tasks.o
 .text.prvResetNextTaskUnblockTime
                0x000025b4       0x4c ./freertos/source/tasks.o
 .text.xTaskGetSchedulerState
                0x00002600       0x3c ./freertos/source/tasks.o
                0x00002600                xTaskGetSchedulerState
 .text.vTaskPriorityInherit
                0x0000263c       0xec ./freertos/source/tasks.o
                0x0000263c                vTaskPriorityInherit
 .text.xTaskPriorityDisinherit
                0x00002728      0x108 ./freertos/source/tasks.o
                0x00002728                xTaskPriorityDisinherit
 .text.pvTaskIncrementMutexHeldCount
                0x00002830       0x28 ./freertos/source/tasks.o
                0x00002830                pvTaskIncrementMutexHeldCount
 .text.prvAddCurrentTaskToDelayedList
                0x00002858       0xcc ./freertos/source/tasks.o
 .text.xTimerCreateTimerTask
                0x00002924       0x60 ./freertos/source/timers.o
                0x00002924                xTimerCreateTimerTask
 .text.xTimerGenericCommand
                0x00002984       0x98 ./freertos/source/timers.o
                0x00002984                xTimerGenericCommand
 .text.prvProcessExpiredTimer
                0x00002a1c       0x80 ./freertos/source/timers.o
 .text.prvTimerTask
                0x00002a9c       0x24 ./freertos/source/timers.o
 .text.prvProcessTimerOrBlockTask
                0x00002ac0       0x9c ./freertos/source/timers.o
 .text.prvGetNextExpireTime
                0x00002b5c       0x48 ./freertos/source/timers.o
 .text.prvSampleTimeNow
                0x00002ba4       0x40 ./freertos/source/timers.o
 .text.prvInsertTimerInActiveList
                0x00002be4       0x84 ./freertos/source/timers.o
 .text.prvProcessReceivedCommands
                0x00002c68      0x154 ./freertos/source/timers.o
 .text.prvSwitchTimerLists
                0x00002dbc       0xc0 ./freertos/source/timers.o
 .text.prvCheckForValidListAndQueue
                0x00002e7c       0x6c ./freertos/source/timers.o
 .text.vPortSetupTimerInterrupt
                0x00002ee8       0x40 ./freertos/portable/fsl_tickless_systick.o
                0x00002ee8                vPortSetupTimerInterrupt
 .text.pvPortMalloc
                0x00002f28      0x184 ./freertos/portable/heap_4.o
                0x00002f28                pvPortMalloc
 .text.vPortFree
                0x000030ac       0xb0 ./freertos/portable/heap_4.o
                0x000030ac                vPortFree
 .text.prvHeapInit
                0x0000315c       0xc4 ./freertos/portable/heap_4.o
 .text.prvInsertBlockIntoFreeList
                0x00003220       0xb4 ./freertos/portable/heap_4.o
 .text.pxPortInitialiseStack
                0x000032d4       0x68 ./freertos/portable/port.o
                0x000032d4                pxPortInitialiseStack
 .text.prvTaskExitError
                0x0000333c       0x3c ./freertos/portable/port.o
 *fill*         0x00003378        0x8 ff
 .text.SVC_Handler
                0x00003380       0x28 ./freertos/portable/port.o
                0x00003380                SVC_Handler
 .text.prvPortStartFirstTask
                0x000033a8       0x20 ./freertos/portable/port.o
 .text.xPortStartScheduler
                0x000033c8      0x118 ./freertos/portable/port.o
                0x000033c8                xPortStartScheduler
 .text.vPortEnterCritical
                0x000034e0       0x5c ./freertos/portable/port.o
                0x000034e0                vPortEnterCritical
 .text.vPortExitCritical
                0x0000353c       0x50 ./freertos/portable/port.o
                0x0000353c                vPortExitCritical
 *fill*         0x0000358c        0x4 ff
 .text.PendSV_Handler
                0x00003590       0x68 ./freertos/portable/port.o
                0x00003590                PendSV_Handler
 .text.SysTick_Handler
                0x000035f8       0x40 ./freertos/portable/port.o
                0x000035f8                SysTick_Handler
 .text.vPortEnableVFP
                0x00003638       0x14 ./freertos/portable/port.o
 .text.vPortValidateInterruptPriority
                0x0000364c       0x7c ./freertos/portable/port.o
                0x0000364c                vPortValidateInterruptPriority
 .text.sendATcmd
                0x000036c8       0x98 ./drivers/esp8266/esp8266.o
                0x000036c8                sendATcmd
 .text.readByteToBuffer
                0x00003760       0x54 ./drivers/esp8266/esp8266.o
                0x00003760                readByteToBuffer
 .text.clearBuffer
                0x000037b4       0x24 ./drivers/esp8266/esp8266.o
                0x000037b4                clearBuffer
 .text.searchBuffer
                0x000037d8       0x60 ./drivers/esp8266/esp8266.o
                0x000037d8                searchBuffer
 .text.readResponse
                0x00003838       0x72 ./drivers/esp8266/esp8266.o
                0x00003838                readResponse
 .text.readResponses
                0x000038aa       0x48 ./drivers/esp8266/esp8266.o
                0x000038aa                readResponses
 *fill*         0x000038f2        0x2 ff
 .text.test     0x000038f4       0x68 ./drivers/esp8266/esp8266.o
                0x000038f4                test
 .text.setMode  0x0000395c       0x64 ./drivers/esp8266/esp8266.o
                0x0000395c                setMode
 .text.connect  0x000039c0       0xfc ./drivers/esp8266/esp8266.o
                0x000039c0                connect
 .text.disconnect
                0x00003abc       0x4c ./drivers/esp8266/esp8266.o
                0x00003abc                disconnect
 .text.updateStatus
                0x00003b08      0x244 ./drivers/esp8266/esp8266.o
                0x00003b08                updateStatus
 .text.status   0x00003d4c       0x30 ./drivers/esp8266/esp8266.o
                0x00003d4c                status
 .text.localIP  0x00003d7c       0xb0 ./drivers/esp8266/esp8266.o
                0x00003d7c                localIP
 .text.ping     0x00003e2c       0xf8 ./drivers/esp8266/esp8266.o
                0x00003e2c                ping
 .text.tcpConnect
                0x00003f24      0x138 ./drivers/esp8266/esp8266.o
                0x00003f24                tcpConnect
 .text.tcpSend  0x0000405c       0xd8 ./drivers/esp8266/esp8266.o
                0x0000405c                tcpSend
 .text.validateServer
                0x00004134       0xe4 ./drivers/esp8266/esp8266.o
                0x00004134                validateServer
 .text.configWiFi
                0x00004218       0xc8 ./drivers/esp8266/esp8266.o
                0x00004218                configWiFi
 .text.sendDataToServer
                0x000042e0       0x80 ./drivers/esp8266/esp8266.o
                0x000042e0                sendDataToServer
 .text.wifisleep
                0x00004360       0x78 ./drivers/esp8266/esp8266.o
                0x00004360                wifisleep
 .text.CLOCK_SetEr32kClock
                0x000043d8       0x30 ./drivers/fsl_clock.o
 .text.CLOCK_SetPllFllSelClock
                0x00004408       0x3c ./drivers/fsl_clock.o
 .text.OSC_SetExtRefClkConfig
                0x00004444       0x34 ./drivers/fsl_clock.o
 .text.OSC_SetCapLoad
                0x00004478       0x34 ./drivers/fsl_clock.o
 .text.CLOCK_GetMcgExtClkFreq
                0x000044ac       0x78 ./drivers/fsl_clock.o
 .text.CLOCK_GetFllExtRefClkFreq
                0x00004524       0xd0 ./drivers/fsl_clock.o
 .text.CLOCK_GetInternalRefClkSelectFreq
                0x000045f4       0x44 ./drivers/fsl_clock.o
 .text.CLOCK_GetFllRefClkFreq
                0x00004638       0x2c ./drivers/fsl_clock.o
 .text.CLOCK_GetPll0RefFreq
                0x00004664        0xe ./drivers/fsl_clock.o
 *fill*         0x00004672        0x2 ff
 .text.CLOCK_GetOscRangeFromFreq
                0x00004674       0x3c ./drivers/fsl_clock.o
 .text.CLOCK_GetOsc0ErClkFreq
                0x000046b0       0x38 ./drivers/fsl_clock.o
                0x000046b0                CLOCK_GetOsc0ErClkFreq
 .text.CLOCK_GetEr32kClkFreq
                0x000046e8       0x70 ./drivers/fsl_clock.o
                0x000046e8                CLOCK_GetEr32kClkFreq
 .text.CLOCK_GetPllFllSelClkFreq
                0x00004758       0x54 ./drivers/fsl_clock.o
                0x00004758                CLOCK_GetPllFllSelClkFreq
 .text.CLOCK_GetCoreSysClkFreq
                0x000047ac       0x28 ./drivers/fsl_clock.o
                0x000047ac                CLOCK_GetCoreSysClkFreq
 .text.CLOCK_GetFreq
                0x000047d4      0x148 ./drivers/fsl_clock.o
                0x000047d4                CLOCK_GetFreq
 .text.CLOCK_SetSimConfig
                0x0000491c       0x38 ./drivers/fsl_clock.o
                0x0000491c                CLOCK_SetSimConfig
 .text.CLOCK_GetOutClkFreq
                0x00004954       0x64 ./drivers/fsl_clock.o
                0x00004954                CLOCK_GetOutClkFreq
 .text.CLOCK_GetFllFreq
                0x000049b8       0x7c ./drivers/fsl_clock.o
                0x000049b8                CLOCK_GetFllFreq
 .text.CLOCK_GetInternalRefClkFreq
                0x00004a34       0x24 ./drivers/fsl_clock.o
                0x00004a34                CLOCK_GetInternalRefClkFreq
 .text.CLOCK_GetFixedFreqClkFreq
                0x00004a58       0x2e ./drivers/fsl_clock.o
                0x00004a58                CLOCK_GetFixedFreqClkFreq
 *fill*         0x00004a86        0x2 ff
 .text.CLOCK_GetPll0Freq
                0x00004a88       0x68 ./drivers/fsl_clock.o
                0x00004a88                CLOCK_GetPll0Freq
 .text.CLOCK_SetExternalRefClkConfig
                0x00004af0       0x6c ./drivers/fsl_clock.o
                0x00004af0                CLOCK_SetExternalRefClkConfig
 .text.CLOCK_SetInternalRefClkConfig
                0x00004b5c      0x104 ./drivers/fsl_clock.o
                0x00004b5c                CLOCK_SetInternalRefClkConfig
 .text.CLOCK_EnablePll0
                0x00004c60       0x84 ./drivers/fsl_clock.o
                0x00004c60                CLOCK_EnablePll0
 .text.CLOCK_InitOsc0
                0x00004ce4       0x8c ./drivers/fsl_clock.o
                0x00004ce4                CLOCK_InitOsc0
 .text.CLOCK_SetPbeMode
                0x00004d70       0xa8 ./drivers/fsl_clock.o
                0x00004d70                CLOCK_SetPbeMode
 .text.CLOCK_BootToPeeMode
                0x00004e18       0x64 ./drivers/fsl_clock.o
                0x00004e18                CLOCK_BootToPeeMode
 .text.CLOCK_EnableClock
                0x00004e7c       0x34 ./drivers/fsl_uart.o
 .text.UART_GetInstance
                0x00004eb0       0x54 ./drivers/fsl_uart.o
                0x00004eb0                UART_GetInstance
 .text.UART_Init
                0x00004f04      0x2d8 ./drivers/fsl_uart.o
                0x00004f04                UART_Init
 .text.UART_GetDefaultConfig
                0x000051dc       0x60 ./drivers/fsl_uart.o
                0x000051dc                UART_GetDefaultConfig
 .text.UART_GetStatusFlags
                0x0000523c       0x46 ./drivers/fsl_uart.o
                0x0000523c                UART_GetStatusFlags
 .text.UART_WriteBlocking
                0x00005282       0x3e ./drivers/fsl_uart.o
                0x00005282                UART_WriteBlocking
 .text.UART_ReadBlocking
                0x000052c0       0x90 ./drivers/fsl_uart.o
                0x000052c0                UART_ReadBlocking
 .text.UART0_DriverIRQHandler
                0x00005350       0x28 ./drivers/fsl_uart.o
                0x00005350                UART0_DriverIRQHandler
 .text.UART0_RX_TX_DriverIRQHandler
                0x00005378       0x10 ./drivers/fsl_uart.o
                0x00005378                UART0_RX_TX_DriverIRQHandler
 .text.UART1_DriverIRQHandler
                0x00005388       0x28 ./drivers/fsl_uart.o
                0x00005388                UART1_DriverIRQHandler
 .text.UART1_RX_TX_DriverIRQHandler
                0x000053b0       0x10 ./drivers/fsl_uart.o
                0x000053b0                UART1_RX_TX_DriverIRQHandler
 .text.UART2_DriverIRQHandler
                0x000053c0       0x28 ./drivers/fsl_uart.o
                0x000053c0                UART2_DriverIRQHandler
 .text.UART2_RX_TX_DriverIRQHandler
                0x000053e8       0x10 ./drivers/fsl_uart.o
                0x000053e8                UART2_RX_TX_DriverIRQHandler
 .text.UART3_DriverIRQHandler
                0x000053f8       0x28 ./drivers/fsl_uart.o
                0x000053f8                UART3_DriverIRQHandler
 .text.UART3_RX_TX_DriverIRQHandler
                0x00005420       0x10 ./drivers/fsl_uart.o
                0x00005420                UART3_RX_TX_DriverIRQHandler
 .text.UART4_DriverIRQHandler
                0x00005430       0x28 ./drivers/fsl_uart.o
                0x00005430                UART4_DriverIRQHandler
 .text.UART4_RX_TX_DriverIRQHandler
                0x00005458       0x10 ./drivers/fsl_uart.o
                0x00005458                UART4_RX_TX_DriverIRQHandler
 .text.UART5_DriverIRQHandler
                0x00005468       0x28 ./drivers/fsl_uart.o
                0x00005468                UART5_DriverIRQHandler
 .text.UART5_RX_TX_DriverIRQHandler
                0x00005490       0x10 ./drivers/fsl_uart.o
                0x00005490                UART5_RX_TX_DriverIRQHandler
 .text.BOARD_InitDebugConsole
                0x000054a0       0x28 ./board/board.o
                0x000054a0                BOARD_InitDebugConsole
 .text.CLOCK_SetSimSafeDivs
                0x000054c8       0x20 ./board/clock_config.o
 .text.CLOCK_SetXtal0Freq
                0x000054e8       0x20 ./board/clock_config.o
 .text.CLOCK_CONFIG_SetFllExtRefDiv
                0x00005508       0x3c ./board/clock_config.o
 .text.BOARD_BootClockRUN
                0x00005544       0x60 ./board/clock_config.o
                0x00005544                BOARD_BootClockRUN
 .text.CLOCK_EnableClock
                0x000055a4       0x34 ./board/pin_mux.o
 .text.PORT_SetPinMux
                0x000055d8       0x3a ./board/pin_mux.o
 *fill*         0x00005612        0x2 ff
 .text.BOARD_InitPins
                0x00005614       0x84 ./board/pin_mux.o
                0x00005614                BOARD_InitPins
 .text.SystemInit
                0x00005698       0x40 ./CMSIS/system_MK64F12.o
                0x00005698                SystemInit
 .text.__main   0x000056d8        0xe c:/nxp/mcuxpressoide_10.2.0_759/ide/tools/bin/../lib/gcc/arm-none-eabi/7.2.1/../../../../arm-none-eabi/lib/thumb/v7e-m/fpv4-sp/hard\libcr_nohost_nf.a(_cr__main.o)
                0x000056d8                __main
 *fill*         0x000056e6        0x2 ff
 .text.__assertion_failed
                0x000056e8       0x4c c:/nxp/mcuxpressoide_10.2.0_759/ide/tools/bin/../lib/gcc/arm-none-eabi/7.2.1/../../../../arm-none-eabi/lib/thumb/v7e-m/fpv4-sp/hard\libcr_nohost_nf.a(_cr_assert.o)
                0x000056e8                __assertion_failed
 .text.__sys_appexit
                0x00005734        0x2 c:/nxp/mcuxpressoide_10.2.0_759/ide/tools/bin/../lib/gcc/arm-none-eabi/7.2.1/../../../../arm-none-eabi/lib/thumb/v7e-m/fpv4-sp/hard\libcr_nohost_nf.a(__sys_appexit.o)
                0x00005734                __sys_appexit
                0x00005734                __exit
 .text.memcpy   0x00005736        0x4 c:/nxp/mcuxpressoide_10.2.0_759/ide/tools/bin/../lib/gcc/arm-none-eabi/7.2.1/../../../../arm-none-eabi/lib/thumb/v7e-m/fpv4-sp/hard\libcr_c.a(memcpy.o)
                0x00005736                memcpy
 .text.memset   0x0000573a        0x4 c:/nxp/mcuxpressoide_10.2.0_759/ide/tools/bin/../lib/gcc/arm-none-eabi/7.2.1/../../../../arm-none-eabi/lib/thumb/v7e-m/fpv4-sp/hard\libcr_c.a(memset.o)
                0x0000573a                memset
 .text._deferredlazyseek
                0x0000573e       0x40 c:/nxp/mcuxpressoide_10.2.0_759/ide/tools/bin/../lib/gcc/arm-none-eabi/7.2.1/../../../../arm-none-eabi/lib/thumb/v7e-m/fpv4-sp/hard\libcr_c.a(_deferredlazyseek.o)
                0x0000573e                _deferredlazyseek
 .text.__flsbuf
                0x0000577e      0x140 c:/nxp/mcuxpressoide_10.2.0_759/ide/tools/bin/../lib/gcc/arm-none-eabi/7.2.1/../../../../arm-none-eabi/lib/thumb/v7e-m/fpv4-sp/hard\libcr_c.a(_deferredlazyseek.o)
                0x0000577e                __flsbuf
 .text._fflush  0x000058be       0x52 c:/nxp/mcuxpressoide_10.2.0_759/ide/tools/bin/../lib/gcc/arm-none-eabi/7.2.1/../../../../arm-none-eabi/lib/thumb/v7e-m/fpv4-sp/hard\libcr_c.a(_fflush.o)
                0x000058be                _fflush
 .text._Cwritebuf
                0x00005910       0x6c c:/nxp/mcuxpressoide_10.2.0_759/ide/tools/bin/../lib/gcc/arm-none-eabi/7.2.1/../../../../arm-none-eabi/lib/thumb/v7e-m/fpv4-sp/hard\libcr_c.a(_writebuf.o)
                0x00005910                _Cwritebuf
 .text.malloc   0x0000597c       0xc8 c:/nxp/mcuxpressoide_10.2.0_759/ide/tools/bin/../lib/gcc/arm-none-eabi/7.2.1/../../../../arm-none-eabi/lib/thumb/v7e-m/fpv4-sp/hard\libcr_c.a(alloc.o)
                0x0000597c                malloc
 .text.free     0x00005a44       0x30 c:/nxp/mcuxpressoide_10.2.0_759/ide/tools/bin/../lib/gcc/arm-none-eabi/7.2.1/../../../../arm-none-eabi/lib/thumb/v7e-m/fpv4-sp/hard\libcr_c.a(alloc.o)
                0x00005a44                free
 .text._Csys_alloc
                0x00005a74       0x20 c:/nxp/mcuxpressoide_10.2.0_759/ide/tools/bin/../lib/gcc/arm-none-eabi/7.2.1/../../../../arm-none-eabi/lib/thumb/v7e-m/fpv4-sp/hard\libcr_c.a(alloc.o)
                0x00005a74                _Csys_alloc
 .text.fputs    0x00005a94       0x2c c:/nxp/mcuxpressoide_10.2.0_759/ide/tools/bin/../lib/gcc/arm-none-eabi/7.2.1/../../../../arm-none-eabi/lib/thumb/v7e-m/fpv4-sp/hard\libcr_c.a(fputs.o)
                0x00005a94                fputs
 .text.fseek    0x00005ac0      0x100 c:/nxp/mcuxpressoide_10.2.0_759/ide/tools/bin/../lib/gcc/arm-none-eabi/7.2.1/../../../../arm-none-eabi/lib/thumb/v7e-m/fpv4-sp/hard\libcr_c.a(fseek.o)
                0x00005ac0                fseek
 .text.ftell    0x00005bc0       0x44 c:/nxp/mcuxpressoide_10.2.0_759/ide/tools/bin/../lib/gcc/arm-none-eabi/7.2.1/../../../../arm-none-eabi/lib/thumb/v7e-m/fpv4-sp/hard\libcr_c.a(ftell.o)
                0x00005bc0                ftell
 .text._initio  0x00005c04       0x78 c:/nxp/mcuxpressoide_10.2.0_759/ide/tools/bin/../lib/gcc/arm-none-eabi/7.2.1/../../../../arm-none-eabi/lib/thumb/v7e-m/fpv4-sp/hard\libcr_c.a(initio.o)
                0x00005c04                _initio
 .text.no_fp_display
                0x00005c7c        0x4 c:/nxp/mcuxpressoide_10.2.0_759/ide/tools/bin/../lib/gcc/arm-none-eabi/7.2.1/../../../../arm-none-eabi/lib/thumb/v7e-m/fpv4-sp/hard\libcr_c.a(printf.o)
 .text.__vfprintf
                0x00005c80      0xb98 c:/nxp/mcuxpressoide_10.2.0_759/ide/tools/bin/../lib/gcc/arm-none-eabi/7.2.1/../../../../arm-none-eabi/lib/thumb/v7e-m/fpv4-sp/hard\libcr_c.a(printf.o)
                0x00005c80                __vfprintf
 .text._sprintf
                0x00006818       0x6c c:/nxp/mcuxpressoide_10.2.0_759/ide/tools/bin/../lib/gcc/arm-none-eabi/7.2.1/../../../../arm-none-eabi/lib/thumb/v7e-m/fpv4-sp/hard\libcr_c.a(printf.o)
                0x00006818                _sprintf
 .text.ch_val   0x00006884       0x30 c:/nxp/mcuxpressoide_10.2.0_759/ide/tools/bin/../lib/gcc/arm-none-eabi/7.2.1/../../../../arm-none-eabi/lib/thumb/v7e-m/fpv4-sp/hard\libcr_c.a(scanf.o)
 .text._strtoul
                0x000068b4       0xb8 c:/nxp/mcuxpressoide_10.2.0_759/ide/tools/bin/../lib/gcc/arm-none-eabi/7.2.1/../../../../arm-none-eabi/lib/thumb/v7e-m/fpv4-sp/hard\libcr_c.a(scanf.o)
 .text.strtol   0x0000696c       0x7c c:/nxp/mcuxpressoide_10.2.0_759/ide/tools/bin/../lib/gcc/arm-none-eabi/7.2.1/../../../../arm-none-eabi/lib/thumb/v7e-m/fpv4-sp/hard\libcr_c.a(scanf.o)
                0x0000696c                strtol
 .text.atoi     0x000069e8       0x18 c:/nxp/mcuxpressoide_10.2.0_759/ide/tools/bin/../lib/gcc/arm-none-eabi/7.2.1/../../../../arm-none-eabi/lib/thumb/v7e-m/fpv4-sp/hard\libcr_c.a(scanf.o)
                0x000069e8                atoi
 .text.setvbuf  0x00006a00       0x40 c:/nxp/mcuxpressoide_10.2.0_759/ide/tools/bin/../lib/gcc/arm-none-eabi/7.2.1/../../../../arm-none-eabi/lib/thumb/v7e-m/fpv4-sp/hard\libcr_c.a(setvbuf.o)
                0x00006a00                setvbuf
 .text.strchr   0x00006a40       0x18 c:/nxp/mcuxpressoide_10.2.0_759/ide/tools/bin/../lib/gcc/arm-none-eabi/7.2.1/../../../../arm-none-eabi/lib/thumb/v7e-m/fpv4-sp/hard\libcr_c.a(strchr.o)
                0x00006a40                strchr
 .text.strcpy   0x00006a58       0x42 c:/nxp/mcuxpressoide_10.2.0_759/ide/tools/bin/../lib/gcc/arm-none-eabi/7.2.1/../../../../arm-none-eabi/lib/thumb/v7e-m/fpv4-sp/hard\libcr_c.a(strcpy.o)
                0x00006a58                strcpy
 .text.strlen   0x00006a9a       0x4a c:/nxp/mcuxpressoide_10.2.0_759/ide/tools/bin/../lib/gcc/arm-none-eabi/7.2.1/../../../../arm-none-eabi/lib/thumb/v7e-m/fpv4-sp/hard\libcr_c.a(strlen.o)
                0x00006a9a                strlen
 .text.strncpy  0x00006ae4       0x5c c:/nxp/mcuxpressoide_10.2.0_759/ide/tools/bin/../lib/gcc/arm-none-eabi/7.2.1/../../../../arm-none-eabi/lib/thumb/v7e-m/fpv4-sp/hard\libcr_c.a(strncpy.o)
                0x00006ae4                strncpy
 .text.strspn   0x00006b40       0x20 c:/nxp/mcuxpressoide_10.2.0_759/ide/tools/bin/../lib/gcc/arm-none-eabi/7.2.1/../../../../arm-none-eabi/lib/thumb/v7e-m/fpv4-sp/hard\libcr_c.a(strspn.o)
                0x00006b40                strspn
 .text.strstr   0x00006b60       0x20 c:/nxp/mcuxpressoide_10.2.0_759/ide/tools/bin/../lib/gcc/arm-none-eabi/7.2.1/../../../../arm-none-eabi/lib/thumb/v7e-m/fpv4-sp/hard\libcr_c.a(strstr.o)
                0x00006b60                strstr
 .text._sbrk    0x00006b80       0x3c c:/nxp/mcuxpressoide_10.2.0_759/ide/tools/bin/../lib/gcc/arm-none-eabi/7.2.1/../../../../arm-none-eabi/lib/thumb/v7e-m/fpv4-sp/hard\libcr_c.a(_cr_sbrk.o)
                0x00006b80                _sbrk
 .text._fdopen  0x00006bbc       0x68 c:/nxp/mcuxpressoide_10.2.0_759/ide/tools/bin/../lib/gcc/arm-none-eabi/7.2.1/../../../../arm-none-eabi/lib/thumb/v7e-m/fpv4-sp/hard\libcr_c.a(_fdopen.o)
                0x00006bbc                _fdopen
 .text.fclose   0x00006c24       0x58 c:/nxp/mcuxpressoide_10.2.0_759/ide/tools/bin/../lib/gcc/arm-none-eabi/7.2.1/../../../../arm-none-eabi/lib/thumb/v7e-m/fpv4-sp/hard\libcr_c.a(fclose.o)
                0x00006c24                fclose
 .text.fflush   0x00006c7c       0x44 c:/nxp/mcuxpressoide_10.2.0_759/ide/tools/bin/../lib/gcc/arm-none-eabi/7.2.1/../../../../arm-none-eabi/lib/thumb/v7e-m/fpv4-sp/hard\libcr_c.a(fflush.o)
                0x00006c7c                fflush
 .text.remove   0x00006cc0       0x14 c:/nxp/mcuxpressoide_10.2.0_759/ide/tools/bin/../lib/gcc/arm-none-eabi/7.2.1/../../../../arm-none-eabi/lib/thumb/v7e-m/fpv4-sp/hard\libcr_c.a(remove.o)
                0x00006cc0                remove
 .text.__check_heap_overflow
                0x00006cd4       0x18 c:/nxp/mcuxpressoide_10.2.0_759/ide/tools/bin/../lib/gcc/arm-none-eabi/7.2.1/../../../../arm-none-eabi/lib/thumb/v7e-m/fpv4-sp/hard\libcr_c.a(_cr_check_heap.o)
                0x00006cd4                __check_heap_overflow
 .text._do_fflush
                0x00006cec       0x40 c:/nxp/mcuxpressoide_10.2.0_759/ide/tools/bin/../lib/gcc/arm-none-eabi/7.2.1/../../../../arm-none-eabi/lib/thumb/v7e-m/fpv4-sp/hard\libcr_c.a(_do_fflush.o)
                0x00006cec                _do_fflush
 .text.__aeabi_memcpy
                0x00006d2c       0x34 c:/nxp/mcuxpressoide_10.2.0_759/ide/tools/bin/../lib/gcc/arm-none-eabi/7.2.1/thumb/v7e-m/fpv4-sp/hard\libcr_eabihelpers.a(memcpy.o)
                0x00006d2c                __aeabi_memcpy
                0x00006d36                __aeabi_memcpy8
                0x00006d36                __aeabi_memcpy4
 .text.__aeabi_memset_lowlevel
                0x00006d60       0x32 c:/nxp/mcuxpressoide_10.2.0_759/ide/tools/bin/../lib/gcc/arm-none-eabi/7.2.1/thumb/v7e-m/fpv4-sp/hard\libcr_eabihelpers.a(memcpy.o)
                0x00006d60                __aeabi_lowlevel_memset
 .text.__sys_close
                0x00006d92        0x6 c:/nxp/mcuxpressoide_10.2.0_759/ide/tools/bin/../lib/gcc/arm-none-eabi/7.2.1/../../../../arm-none-eabi/lib/thumb/v7e-m/fpv4-sp/hard\libcr_nohost_nf.a(__sys_close.o)
                0x00006d92                __sys_close
 .text.__sys_flen
                0x00006d98        0x6 c:/nxp/mcuxpressoide_10.2.0_759/ide/tools/bin/../lib/gcc/arm-none-eabi/7.2.1/../../../../arm-none-eabi/lib/thumb/v7e-m/fpv4-sp/hard\libcr_nohost_nf.a(__sys_flen.o)
                0x00006d98                __sys_flen
 .text.__sys_istty
                0x00006d9e        0x6 c:/nxp/mcuxpressoide_10.2.0_759/ide/tools/bin/../lib/gcc/arm-none-eabi/7.2.1/../../../../arm-none-eabi/lib/thumb/v7e-m/fpv4-sp/hard\libcr_nohost_nf.a(__sys_istty.o)
                0x00006d9e                __sys_istty
 .text.__sys_remove
                0x00006da4        0x6 c:/nxp/mcuxpressoide_10.2.0_759/ide/tools/bin/../lib/gcc/arm-none-eabi/7.2.1/../../../../arm-none-eabi/lib/thumb/v7e-m/fpv4-sp/hard\libcr_nohost_nf.a(__sys_remove.o)
                0x00006da4                __sys_remove
 .text.__sys_seek
                0x00006daa        0x6 c:/nxp/mcuxpressoide_10.2.0_759/ide/tools/bin/../lib/gcc/arm-none-eabi/7.2.1/../../../../arm-none-eabi/lib/thumb/v7e-m/fpv4-sp/hard\libcr_nohost_nf.a(__sys_seek.o)
                0x00006daa                __sys_seek
 .text.__sys_tmpnam
                0x00006db0        0x6 c:/nxp/mcuxpressoide_10.2.0_759/ide/tools/bin/../lib/gcc/arm-none-eabi/7.2.1/../../../../arm-none-eabi/lib/thumb/v7e-m/fpv4-sp/hard\libcr_nohost_nf.a(__sys_tmpnam.o)
                0x00006db0                __sys_tmpnam
 .text.__sys_write
                0x00006db6        0x4 c:/nxp/mcuxpressoide_10.2.0_759/ide/tools/bin/../lib/gcc/arm-none-eabi/7.2.1/../../../../arm-none-eabi/lib/thumb/v7e-m/fpv4-sp/hard\libcr_nohost_nf.a(__sys_write.o)
                0x00006db6                __sys_write
 *(.rodata .rodata.* .constdata .constdata.*)
 *fill*         0x00006dba        0x2 ff
 .rodata        0x00006dbc       0x50 ./utilities/fsl_debug_console.o
 .rodata        0x00006e0c       0x27 ./utilities/fsl_io.o
 *fill*         0x00006e33        0x1 ff
 .rodata        0x00006e34       0x80 ./utilities/fsl_log.o
 .rodata        0x00006eb4       0x68 ./source/esp8266_app.o
 .rodata        0x00006f1c       0x18 ./freertos/source/tasks.o
                0x00006f24                FreeRTOSDebugConfig
 .rodata        0x00006f34        0xd ./freertos/source/timers.o
 *fill*         0x00006f41        0x3 ff
 .rodata.R_OK   0x00006f44        0x5 ./drivers/esp8266/esp8266.o
                0x00006f44                R_OK
 *fill*         0x00006f49        0x3 ff
 .rodata.R_ERROR
                0x00006f4c        0x8 ./drivers/esp8266/esp8266.o
                0x00006f4c                R_ERROR
 .rodata.ESP_TEST
                0x00006f54        0x1 ./drivers/esp8266/esp8266.o
                0x00006f54                ESP_TEST
 *fill*         0x00006f55        0x3 ff
 .rodata.ESP_VERSION
                0x00006f58        0x5 ./drivers/esp8266/esp8266.o
                0x00006f58                ESP_VERSION
 *fill*         0x00006f5d        0x3 ff
 .rodata.ESP_SLEEP
                0x00006f60        0x7 ./drivers/esp8266/esp8266.o
                0x00006f60                ESP_SLEEP
 *fill*         0x00006f67        0x1 ff
 .rodata.ESP_WIFI_MODE
                0x00006f68        0x8 ./drivers/esp8266/esp8266.o
                0x00006f68                ESP_WIFI_MODE
 .rodata.ESP_CONNECT_AP
                0x00006f70        0x7 ./drivers/esp8266/esp8266.o
                0x00006f70                ESP_CONNECT_AP
 *fill*         0x00006f77        0x1 ff
 .rodata.ESP_DISCONNECT
                0x00006f78        0x7 ./drivers/esp8266/esp8266.o
                0x00006f78                ESP_DISCONNECT
 *fill*         0x00006f7f        0x1 ff
 .rodata.ESP_TCP_STATUS
                0x00006f80        0xb ./drivers/esp8266/esp8266.o
                0x00006f80                ESP_TCP_STATUS
 *fill*         0x00006f8b        0x1 ff
 .rodata.ESP_TCP_CONNECT
                0x00006f8c        0xa ./drivers/esp8266/esp8266.o
                0x00006f8c                ESP_TCP_CONNECT
 *fill*         0x00006f96        0x2 ff
 .rodata.ESP_TCP_SEND
                0x00006f98        0x9 ./drivers/esp8266/esp8266.o
                0x00006f98                ESP_TCP_SEND
 *fill*         0x00006fa1        0x3 ff
 .rodata.ESP_GET_LOCAL_IP
                0x00006fa4        0x7 ./drivers/esp8266/esp8266.o
                0x00006fa4                ESP_GET_LOCAL_IP
 *fill*         0x00006fab        0x1 ff
 .rodata.ESP_PING
                0x00006fac        0x6 ./drivers/esp8266/esp8266.o
                0x00006fac                ESP_PING
 *fill*         0x00006fb2        0x2 ff
 .rodata        0x00006fb4      0x1e7 ./drivers/esp8266/esp8266.o
 *fill*         0x0000719b        0x1 ff
 .rodata        0x0000719c      0x149 ./drivers/fsl_clock.o
 *fill*         0x000072e5        0x3 ff
 .rodata.fllFactorTable.7628
                0x000072e8       0x10 ./drivers/fsl_clock.o
 .rodata.s_uartBases
                0x000072f8       0x18 ./drivers/fsl_uart.o
 .rodata.s_uartClock
                0x00007310       0x18 ./drivers/fsl_uart.o
 .rodata        0x00007328      0x513 ./drivers/fsl_uart.o
 *fill*         0x0000783b        0x1 ff
 .rodata.mcgConfig_BOARD_BootClockRUN
                0x0000783c        0xb ./board/clock_config.o
                0x0000783c                mcgConfig_BOARD_BootClockRUN
 *fill*         0x00007847        0x1 ff
 .rodata.simConfig_BOARD_BootClockRUN
                0x00007848        0x8 ./board/clock_config.o
                0x00007848                simConfig_BOARD_BootClockRUN
 .rodata.oscConfig_BOARD_BootClockRUN
                0x00007850        0x8 ./board/clock_config.o
                0x00007850                oscConfig_BOARD_BootClockRUN
 .rodata.__assertion_failed.str1.1
                0x00007858       0x15 c:/nxp/mcuxpressoide_10.2.0_759/ide/tools/bin/../lib/gcc/arm-none-eabi/7.2.1/../../../../arm-none-eabi/lib/thumb/v7e-m/fpv4-sp/hard\libcr_nohost_nf.a(_cr_assert.o)
 *fill*         0x0000786d        0x3 ff
 .rodata.__num_Ciob_streams
                0x00007870        0x4 c:/nxp/mcuxpressoide_10.2.0_759/ide/tools/bin/../lib/gcc/arm-none-eabi/7.2.1/../../../../arm-none-eabi/lib/thumb/v7e-m/fpv4-sp/hard\libcr_nohost_nf.a(__ciob.o)
                0x00007870                __num_Ciob_streams
 .rodata._Csys_alloc.str1.1
                0x00007874       0x18 c:/nxp/mcuxpressoide_10.2.0_759/ide/tools/bin/../lib/gcc/arm-none-eabi/7.2.1/../../../../arm-none-eabi/lib/thumb/v7e-m/fpv4-sp/hard\libcr_c.a(alloc.o)
 .rodata.__ctype
                0x0000788c      0x180 c:/nxp/mcuxpressoide_10.2.0_759/ide/tools/bin/../lib/gcc/arm-none-eabi/7.2.1/../../../../arm-none-eabi/lib/thumb/v7e-m/fpv4-sp/hard\libcr_c.a(ctype.o)
                0x0000788c                __ctype
 .rodata._initio.str1.1
                0x00007a0c        0x4 c:/nxp/mcuxpressoide_10.2.0_759/ide/tools/bin/../lib/gcc/arm-none-eabi/7.2.1/../../../../arm-none-eabi/lib/thumb/v7e-m/fpv4-sp/hard\libcr_c.a(initio.o)
 .rodata.__vfprintf.str1.1
                0x00007a10       0x35 c:/nxp/mcuxpressoide_10.2.0_759/ide/tools/bin/../lib/gcc/arm-none-eabi/7.2.1/../../../../arm-none-eabi/lib/thumb/v7e-m/fpv4-sp/hard\libcr_c.a(printf.o)
                                 0x38 (size before relaxing)
                0x00007a48                . = ALIGN (0x8)
 *fill*         0x00007a45        0x3 ff

.glue_7         0x00007a48        0x0
 .glue_7        0x00007a48        0x0 linker stubs

.glue_7t        0x00007a48        0x0
 .glue_7t       0x00007a48        0x0 linker stubs

.vfp11_veneer   0x00007a48        0x0
 .vfp11_veneer  0x00007a48        0x0 linker stubs

.v4_bx          0x00007a48        0x0
 .v4_bx         0x00007a48        0x0 linker stubs

.iplt           0x00007a48        0x0
 .iplt          0x00007a48        0x0 ./utilities/fsl_debug_console.o

.rel.dyn        0x00007a48        0x0
 .rel.iplt      0x00007a48        0x0 ./utilities/fsl_debug_console.o

.ARM.extab
 *(.ARM.extab* .gnu.linkonce.armextab.*)
                0x00007a48                __exidx_start = .

.ARM.exidx
 *(.ARM.exidx* .gnu.linkonce.armexidx.*)
                0x00007a48                __exidx_end = .
                0x00007a48                _etext = .

.m_usb_data
 *(m_usb_bdt)

.data_RAM2      0x1fff0000        0x0 load address 0x00007a48
 FILL mask 0xff
                [!provide]                PROVIDE (__start_data_RAM2, .)
 *(.ramfunc.$RAM2)
 *(.ramfunc.$SRAM_LOWER)
 *(.data.$RAM2*)
 *(.data.$SRAM_LOWER*)
                0x1fff0000                . = ALIGN (0x8)
                [!provide]                PROVIDE (__end_data_RAM2, .)

.data_RAM3      0x14000000        0x0 load address 0x00007a48
 FILL mask 0xff
                [!provide]                PROVIDE (__start_data_RAM3, .)
 *(.ramfunc.$RAM3)
 *(.ramfunc.$FLEX_RAM)
 *(.data.$RAM3*)
 *(.data.$FLEX_RAM*)
                0x14000000                . = ALIGN (0x8)
                [!provide]                PROVIDE (__end_data_RAM3, .)

.uninit_RESERVED
                0x20000000        0x0
 *(.bss.$RESERVED*)
                0x20000000                . = ALIGN (0x4)
                0x20000000                _end_uninit_RESERVED = .

.data           0x20000000       0xd8 load address 0x00007a48
 FILL mask 0xff
                0x20000000                _data = .
 *(vtable)
 *(.ramfunc*)
 *(.data*)
 .data.ConfigInfo
                0x20000000       0xc0 ./source/esp8266_app.o
                0x20000000                ConfigInfo
 .data.uxCriticalNesting
                0x200000c0        0x4 ./freertos/portable/port.o
 .data.ESP_UART
                0x200000c4        0x4 ./drivers/esp8266/esp8266.o
                0x200000c4                ESP_UART
 .data.s_slowIrcFreq
                0x200000c8        0x4 ./drivers/fsl_clock.o
 .data.s_fastIrcFreq
                0x200000cc        0x4 ./drivers/fsl_clock.o
 .data.SystemCoreClock
                0x200000d0        0x4 ./CMSIS/system_MK64F12.o
                0x200000d0                SystemCoreClock
                0x200000d8                . = ALIGN (0x8)
 *fill*         0x200000d4        0x4 ff
                0x200000d8                _edata = .

.igot.plt       0x200000d8        0x0 load address 0x00007b20
 .igot.plt      0x200000d8        0x0 ./utilities/fsl_debug_console.o

.bss_RAM2       0x1fff0000        0x0
                [!provide]                PROVIDE (__start_bss_RAM2, .)
 *(.bss.$RAM2*)
 *(.bss.$SRAM_LOWER*)
                0x1fff0000                . = ALIGN ((. != 0x0)?0x8:0x1)
                [!provide]                PROVIDE (__end_bss_RAM2, .)

.bss_RAM3       0x14000000        0x0
                [!provide]                PROVIDE (__start_bss_RAM3, .)
 *(.bss.$RAM3*)
 *(.bss.$FLEX_RAM*)
                0x14000000                . = ALIGN ((. != 0x0)?0x8:0x1)
                [!provide]                PROVIDE (__end_bss_RAM3, .)

.bss            0x200000d8     0x2cc8
                0x200000d8                _bss = .
 *(.bss*)
 .bss.s_debugConsoleIO
                0x200000d8        0x8 ./utilities/fsl_io.o
 .bss.xQueueRegistry
                0x200000e0       0x40 ./freertos/source/queue.o
                0x200000e0                xQueueRegistry
 .bss.pxCurrentTCB
                0x20000120        0x4 ./freertos/source/tasks.o
                0x20000120                pxCurrentTCB
 .bss.pxReadyTasksLists
                0x20000124       0x64 ./freertos/source/tasks.o
 .bss.xDelayedTaskList1
                0x20000188       0x14 ./freertos/source/tasks.o
 .bss.xDelayedTaskList2
                0x2000019c       0x14 ./freertos/source/tasks.o
 .bss.pxDelayedTaskList
                0x200001b0        0x4 ./freertos/source/tasks.o
 .bss.pxOverflowDelayedTaskList
                0x200001b4        0x4 ./freertos/source/tasks.o
 .bss.xPendingReadyList
                0x200001b8       0x14 ./freertos/source/tasks.o
 .bss.xTasksWaitingTermination
                0x200001cc       0x14 ./freertos/source/tasks.o
 .bss.uxDeletedTasksWaitingCleanUp
                0x200001e0        0x4 ./freertos/source/tasks.o
 .bss.xSuspendedTaskList
                0x200001e4       0x14 ./freertos/source/tasks.o
 .bss.uxCurrentNumberOfTasks
                0x200001f8        0x4 ./freertos/source/tasks.o
 .bss.xTickCount
                0x200001fc        0x4 ./freertos/source/tasks.o
 .bss.uxTopReadyPriority
                0x20000200        0x4 ./freertos/source/tasks.o
 .bss.xSchedulerRunning
                0x20000204        0x4 ./freertos/source/tasks.o
 .bss.uxPendedTicks
                0x20000208        0x4 ./freertos/source/tasks.o
 .bss.xYieldPending
                0x2000020c        0x4 ./freertos/source/tasks.o
 .bss.xNumOfOverflows
                0x20000210        0x4 ./freertos/source/tasks.o
 .bss.uxTaskNumber
                0x20000214        0x4 ./freertos/source/tasks.o
 .bss.xNextTaskUnblockTime
                0x20000218        0x4 ./freertos/source/tasks.o
 .bss.xIdleTaskHandle
                0x2000021c        0x4 ./freertos/source/tasks.o
 .bss.uxSchedulerSuspended
                0x20000220        0x4 ./freertos/source/tasks.o
 .bss.xActiveTimerList1
                0x20000224       0x14 ./freertos/source/timers.o
 .bss.xActiveTimerList2
                0x20000238       0x14 ./freertos/source/timers.o
 .bss.pxCurrentTimerList
                0x2000024c        0x4 ./freertos/source/timers.o
 .bss.pxOverflowTimerList
                0x20000250        0x4 ./freertos/source/timers.o
 .bss.xTimerQueue
                0x20000254        0x4 ./freertos/source/timers.o
 .bss.xTimerTaskHandle
                0x20000258        0x4 ./freertos/source/timers.o
 .bss.xLastTime.5826
                0x2000025c        0x4 ./freertos/source/timers.o
 .bss.ucHeap    0x20000260     0x2800 ./freertos/portable/heap_4.o
 .bss.xStart    0x20002a60        0x8 ./freertos/portable/heap_4.o
 .bss.pxEnd     0x20002a68        0x4 ./freertos/portable/heap_4.o
 .bss.xFreeBytesRemaining
                0x20002a6c        0x4 ./freertos/portable/heap_4.o
 .bss.xMinimumEverFreeBytesRemaining
                0x20002a70        0x4 ./freertos/portable/heap_4.o
 .bss.xBlockAllocatedBit
                0x20002a74        0x4 ./freertos/portable/heap_4.o
 .bss.ucMaxSysCallPriority
                0x20002a78        0x1 ./freertos/portable/port.o
 *fill*         0x20002a79        0x3 
 .bss.ulMaxPRIGROUPValue
                0x20002a7c        0x4 ./freertos/portable/port.o
 .bss.espRxBuffer
                0x20002a80      0x200 ./drivers/esp8266/esp8266.o
                0x20002a80                espRxBuffer
 .bss.bufferHead
                0x20002c80        0x4 ./drivers/esp8266/esp8266.o
                0x20002c80                bufferHead
 .bss.statusvalue
                0x20002c84       0x34 ./drivers/esp8266/esp8266.o
                0x20002c84                statusvalue
 .bss.g_xtal0Freq
                0x20002cb8        0x4 ./drivers/fsl_clock.o
                0x20002cb8                g_xtal0Freq
 .bss.g_xtal32Freq
                0x20002cbc        0x4 ./drivers/fsl_clock.o
                0x20002cbc                g_xtal32Freq
 .bss.s_uartHandle
                0x20002cc0       0x18 ./drivers/fsl_uart.o
 .bss.s_uartIsr
                0x20002cd8        0x4 ./drivers/fsl_uart.o
 .bss.__Ciob    0x20002cdc       0xb4 c:/nxp/mcuxpressoide_10.2.0_759/ide/tools/bin/../lib/gcc/arm-none-eabi/7.2.1/../../../../arm-none-eabi/lib/thumb/v7e-m/fpv4-sp/hard\libcr_nohost_nf.a(__ciob.o)
                0x20002cdc                __Ciob
 .bss.__end_of_heap
                0x20002d90        0x4 c:/nxp/mcuxpressoide_10.2.0_759/ide/tools/bin/../lib/gcc/arm-none-eabi/7.2.1/../../../../arm-none-eabi/lib/thumb/v7e-m/fpv4-sp/hard\libcr_c.a(__init_alloc.o)
                0x20002d90                __end_of_heap
 .bss.__heaps   0x20002d94        0x4 c:/nxp/mcuxpressoide_10.2.0_759/ide/tools/bin/../lib/gcc/arm-none-eabi/7.2.1/../../../../arm-none-eabi/lib/thumb/v7e-m/fpv4-sp/hard\libcr_c.a(__init_alloc.o)
                0x20002d94                __heaps
 .bss.errno     0x20002d98        0x4 c:/nxp/mcuxpressoide_10.2.0_759/ide/tools/bin/../lib/gcc/arm-none-eabi/7.2.1/../../../../arm-none-eabi/lib/thumb/v7e-m/fpv4-sp/hard\libcr_c.a(errno.o)
                0x20002d98                errno
 *(COMMON)
                0x20002da0                . = ALIGN (0x8)
 *fill*         0x20002d9c        0x4 
                0x20002da0                _ebss = .
                [!provide]                PROVIDE (end, .)

.noinit_RAM2    0x1fff0000        0x0
 *(.noinit.$RAM2*)
 *(.noinit.$SRAM_LOWER*)
                0x1fff0000                . = ALIGN (0x8)

.noinit_RAM3    0x14000000        0x0
 *(.noinit.$RAM3*)
 *(.noinit.$FLEX_RAM*)
                0x14000000                . = ALIGN (0x8)

.noinit         0x20002da0        0x0
                0x20002da0                _noinit = .
 *(.noinit*)
                0x20002da0                . = ALIGN (0x8)
                0x20002da0                _end_noinit = .
                0x00001000                _HeapSize = 0x1000

.heap           0x20002da0     0x1000
                0x20002da0                _pvHeapStart = .
                0x20003da0                . = (. + _HeapSize)
 *fill*         0x20002da0     0x1000 
                0x20003da0                . = ALIGN (0x8)
                0x20003da0                _pvHeapLimit = .
                0x00001000                _StackSize = 0x1000

.heap2stackfill
                0x20003da0     0x1000
                0x20004da0                . = (. + _StackSize)
 *fill*         0x20003da0     0x1000 

.stack          0x2002f000        0x0
                0x2002f000                _vStackBase = .
                0x2002f000                . = ALIGN (0x8)
                0x20030000                _vStackTop = (. + _StackSize)
                0x00000000                _image_start = LOADADDR (.text)
                0x00007b20                _image_end = (LOADADDR (.data) + SIZEOF (.data))
                0x00007b20                _image_size = (_image_end - _image_start)
OUTPUT(frdmk64f_freertos_ESP8266_Demo.axf elf32-littlearm)

.debug_info     0x00000000     0xe491
 .debug_info    0x00000000      0x370 ./utilities/fsl_debug_console.o
 .debug_info    0x00000370      0x819 ./utilities/fsl_io.o
 .debug_info    0x00000b89      0x344 ./utilities/fsl_log.o
 .debug_info    0x00000ecd      0x530 ./utilities/fsl_str.o
 .debug_info    0x000013fd      0x8ac ./startup/startup_mk64f12.o
 .debug_info    0x00001ca9      0xc22 ./source/esp8266_app.o
 .debug_info    0x000028cb       0x37 ./source/semihost_hardfault.o
 .debug_info    0x00002902      0x2c0 ./freertos/source/list.o
 .debug_info    0x00002bc2     0x140f ./freertos/source/queue.o
 .debug_info    0x00003fd1     0x1ebf ./freertos/source/tasks.o
 .debug_info    0x00005e90      0xd3f ./freertos/source/timers.o
 .debug_info    0x00006bcf       0xe2 ./freertos/portable/fsl_tickless_systick.o
 .debug_info    0x00006cb1      0x3e6 ./freertos/portable/heap_4.o
 .debug_info    0x00007097      0x500 ./freertos/portable/port.o
 .debug_info    0x00007597     0x197e ./drivers/esp8266/esp8266.o
 .debug_info    0x00008f15     0x1e94 ./drivers/fsl_clock.o
 .debug_info    0x0000ada9     0x19d5 ./drivers/fsl_uart.o
 .debug_info    0x0000c77e      0x60f ./board/board.o
 .debug_info    0x0000cd8d      0xa9c ./board/clock_config.o
 .debug_info    0x0000d829      0x64d ./board/pin_mux.o
 .debug_info    0x0000de76      0x61b ./CMSIS/system_MK64F12.o

.debug_abbrev   0x00000000     0x26f8
 .debug_abbrev  0x00000000      0x176 ./utilities/fsl_debug_console.o
 .debug_abbrev  0x00000176      0x21d ./utilities/fsl_io.o
 .debug_abbrev  0x00000393      0x17d ./utilities/fsl_log.o
 .debug_abbrev  0x00000510      0x194 ./utilities/fsl_str.o
 .debug_abbrev  0x000006a4      0x159 ./startup/startup_mk64f12.o
 .debug_abbrev  0x000007fd      0x215 ./source/esp8266_app.o
 .debug_abbrev  0x00000a12       0x2c ./source/semihost_hardfault.o
 .debug_abbrev  0x00000a3e      0x10f ./freertos/source/list.o
 .debug_abbrev  0x00000b4d      0x250 ./freertos/source/queue.o
 .debug_abbrev  0x00000d9d      0x306 ./freertos/source/tasks.o
 .debug_abbrev  0x000010a3      0x216 ./freertos/source/timers.o
 .debug_abbrev  0x000012b9       0x8f ./freertos/portable/fsl_tickless_systick.o
 .debug_abbrev  0x00001348      0x1e5 ./freertos/portable/heap_4.o
 .debug_abbrev  0x0000152d      0x249 ./freertos/portable/port.o
 .debug_abbrev  0x00001776      0x381 ./drivers/esp8266/esp8266.o
 .debug_abbrev  0x00001af7      0x306 ./drivers/fsl_clock.o
 .debug_abbrev  0x00001dfd      0x300 ./drivers/fsl_uart.o
 .debug_abbrev  0x000020fd      0x13b ./board/board.o
 .debug_abbrev  0x00002238      0x1f1 ./board/clock_config.o
 .debug_abbrev  0x00002429      0x196 ./board/pin_mux.o
 .debug_abbrev  0x000025bf      0x139 ./CMSIS/system_MK64F12.o

.debug_aranges  0x00000000      0xee8
 .debug_aranges
                0x00000000       0x58 ./utilities/fsl_debug_console.o
 .debug_aranges
                0x00000058       0x48 ./utilities/fsl_io.o
 .debug_aranges
                0x000000a0       0x58 ./utilities/fsl_log.o
 .debug_aranges
                0x000000f8       0x38 ./utilities/fsl_str.o
 .debug_aranges
                0x00000130      0x330 ./startup/startup_mk64f12.o
 .debug_aranges
                0x00000460       0x28 ./source/esp8266_app.o
 .debug_aranges
                0x00000488       0x20 ./source/semihost_hardfault.o
 .debug_aranges
                0x000004a8       0x40 ./freertos/source/list.o
 .debug_aranges
                0x000004e8      0x118 ./freertos/source/queue.o
 .debug_aranges
                0x00000600      0x1e8 ./freertos/source/tasks.o
 .debug_aranges
                0x000007e8       0xc8 ./freertos/source/timers.o
 .debug_aranges
                0x000008b0       0x20 ./freertos/portable/fsl_tickless_systick.o
 .debug_aranges
                0x000008d0       0x50 ./freertos/portable/heap_4.o
 .debug_aranges
                0x00000920       0x78 ./freertos/portable/port.o
 .debug_aranges
                0x00000998      0x130 ./drivers/esp8266/esp8266.o
 .debug_aranges
                0x00000ac8      0x1e8 ./drivers/fsl_clock.o
 .debug_aranges
                0x00000cb0      0x170 ./drivers/fsl_uart.o
 .debug_aranges
                0x00000e20       0x20 ./board/board.o
 .debug_aranges
                0x00000e40       0x50 ./board/clock_config.o
 .debug_aranges
                0x00000e90       0x30 ./board/pin_mux.o
 .debug_aranges
                0x00000ec0       0x28 ./CMSIS/system_MK64F12.o

.debug_ranges   0x00000000      0xd98
 .debug_ranges  0x00000000       0x48 ./utilities/fsl_debug_console.o
 .debug_ranges  0x00000048       0x38 ./utilities/fsl_io.o
 .debug_ranges  0x00000080       0x48 ./utilities/fsl_log.o
 .debug_ranges  0x000000c8       0x28 ./utilities/fsl_str.o
 .debug_ranges  0x000000f0      0x320 ./startup/startup_mk64f12.o
 .debug_ranges  0x00000410       0x18 ./source/esp8266_app.o
 .debug_ranges  0x00000428       0x10 ./source/semihost_hardfault.o
 .debug_ranges  0x00000438       0x30 ./freertos/source/list.o
 .debug_ranges  0x00000468      0x108 ./freertos/source/queue.o
 .debug_ranges  0x00000570      0x1d8 ./freertos/source/tasks.o
 .debug_ranges  0x00000748       0xb8 ./freertos/source/timers.o
 .debug_ranges  0x00000800       0x10 ./freertos/portable/fsl_tickless_systick.o
 .debug_ranges  0x00000810       0x40 ./freertos/portable/heap_4.o
 .debug_ranges  0x00000850       0x68 ./freertos/portable/port.o
 .debug_ranges  0x000008b8      0x120 ./drivers/esp8266/esp8266.o
 .debug_ranges  0x000009d8      0x1d8 ./drivers/fsl_clock.o
 .debug_ranges  0x00000bb0      0x160 ./drivers/fsl_uart.o
 .debug_ranges  0x00000d10       0x10 ./board/board.o
 .debug_ranges  0x00000d20       0x40 ./board/clock_config.o
 .debug_ranges  0x00000d60       0x20 ./board/pin_mux.o
 .debug_ranges  0x00000d80       0x18 ./CMSIS/system_MK64F12.o

.debug_line     0x00000000     0x61a0
 .debug_line    0x00000000      0x2b4 ./utilities/fsl_debug_console.o
 .debug_line    0x000002b4      0x2b3 ./utilities/fsl_io.o
 .debug_line    0x00000567      0x2bf ./utilities/fsl_log.o
 .debug_line    0x00000826      0x4d1 ./utilities/fsl_str.o
 .debug_line    0x00000cf7      0x6d4 ./startup/startup_mk64f12.o
 .debug_line    0x000013cb      0x2a4 ./source/esp8266_app.o
 .debug_line    0x0000166f       0x54 ./source/semihost_hardfault.o
 .debug_line    0x000016c3      0x245 ./freertos/source/list.o
 .debug_line    0x00001908      0x9bb ./freertos/source/queue.o
 .debug_line    0x000022c3      0xe79 ./freertos/source/tasks.o
 .debug_line    0x0000313c      0x592 ./freertos/source/timers.o
 .debug_line    0x000036ce      0x172 ./freertos/portable/fsl_tickless_systick.o
 .debug_line    0x00003840      0x29b ./freertos/portable/heap_4.o
 .debug_line    0x00003adb      0x3ac ./freertos/portable/port.o
 .debug_line    0x00003e87      0x7f7 ./drivers/esp8266/esp8266.o
 .debug_line    0x0000467e      0x97f ./drivers/fsl_clock.o
 .debug_line    0x00004ffd      0x98f ./drivers/fsl_uart.o
 .debug_line    0x0000598c      0x1ea ./board/board.o
 .debug_line    0x00005b76      0x298 ./board/clock_config.o
 .debug_line    0x00005e0e      0x21c ./board/pin_mux.o
 .debug_line    0x0000602a      0x176 ./CMSIS/system_MK64F12.o

.debug_str      0x00000000     0x6506
 .debug_str     0x00000000      0x3d7 ./utilities/fsl_debug_console.o
                                0x40e (size before relaxing)
 .debug_str     0x000003d7      0x9ca ./utilities/fsl_io.o
                                0xce8 (size before relaxing)
 .debug_str     0x00000da1       0x85 ./utilities/fsl_log.o
                                0x3d3 (size before relaxing)
 .debug_str     0x00000e26      0x1d9 ./utilities/fsl_str.o
                                0x452 (size before relaxing)
 .debug_str     0x00000fff      0x7ed ./startup/startup_mk64f12.o
                                0x951 (size before relaxing)
 .debug_str     0x000017ec      0x6d4 ./source/esp8266_app.o
                               0x10eb (size before relaxing)
 .debug_str     0x00001ec0       0x1f ./source/semihost_hardfault.o
                                0x173 (size before relaxing)
 .debug_str     0x00001edf      0x14e ./freertos/source/list.o
                                0x365 (size before relaxing)
 .debug_str     0x0000202d      0x5cf ./freertos/source/queue.o
                                0x8ea (size before relaxing)
 .debug_str     0x000025fc      0xc4e ./freertos/source/tasks.o
                               0x1092 (size before relaxing)
 .debug_str     0x0000324a      0x4e4 ./freertos/source/timers.o
                                0x866 (size before relaxing)
 .debug_str     0x0000372e       0x45 ./freertos/portable/fsl_tickless_systick.o
                                0x271 (size before relaxing)
 .debug_str     0x00003773      0x1c8 ./freertos/portable/heap_4.o
                                0x41b (size before relaxing)
 .debug_str     0x0000393b      0x198 ./freertos/portable/port.o
                                0x476 (size before relaxing)
 .debug_str     0x00003ad3      0x706 ./drivers/esp8266/esp8266.o
                               0x141f (size before relaxing)
 .debug_str     0x000041d9     0x1017 ./drivers/fsl_clock.o
                               0x1d0e (size before relaxing)
 .debug_str     0x000051f0      0xe58 ./drivers/fsl_uart.o
                               0x1e6a (size before relaxing)
 .debug_str     0x00006048       0x37 ./board/board.o
                                0x6bf (size before relaxing)
 .debug_str     0x0000607f      0x222 ./board/clock_config.o
                                0xed3 (size before relaxing)
 .debug_str     0x000062a1      0x164 ./board/pin_mux.o
                                0x719 (size before relaxing)
 .debug_str     0x00006405      0x101 ./CMSIS/system_MK64F12.o
                                0x40d (size before relaxing)

.comment        0x00000000       0x7e
 .comment       0x00000000       0x7e ./utilities/fsl_debug_console.o
                                 0x7f (size before relaxing)
 .comment       0x0000007e       0x7f ./utilities/fsl_io.o
 .comment       0x0000007e       0x7f ./utilities/fsl_log.o
 .comment       0x0000007e       0x7f ./utilities/fsl_str.o
 .comment       0x0000007e       0x7f ./startup/startup_mk64f12.o
 .comment       0x0000007e       0x7f ./source/esp8266_app.o
 .comment       0x0000007e       0x7f ./source/semihost_hardfault.o
 .comment       0x0000007e       0x7f ./freertos/source/list.o
 .comment       0x0000007e       0x7f ./freertos/source/queue.o
 .comment       0x0000007e       0x7f ./freertos/source/tasks.o
 .comment       0x0000007e       0x7f ./freertos/source/timers.o
 .comment       0x0000007e       0x7f ./freertos/portable/fsl_tickless_systick.o
 .comment       0x0000007e       0x7f ./freertos/portable/heap_4.o
 .comment       0x0000007e       0x7f ./freertos/portable/port.o
 .comment       0x0000007e       0x7f ./drivers/esp8266/esp8266.o
 .comment       0x0000007e       0x7f ./drivers/fsl_clock.o
 .comment       0x0000007e       0x7f ./drivers/fsl_uart.o
 .comment       0x0000007e       0x7f ./board/board.o
 .comment       0x0000007e       0x7f ./board/clock_config.o
 .comment       0x0000007e       0x7f ./board/pin_mux.o
 .comment       0x0000007e       0x7f ./CMSIS/system_MK64F12.o
 .comment       0x0000007e       0x7f c:/nxp/mcuxpressoide_10.2.0_759/ide/tools/bin/../lib/gcc/arm-none-eabi/7.2.1/../../../../arm-none-eabi/lib/thumb/v7e-m/fpv4-sp/hard\libcr_nohost_nf.a(_cr__main.o)
 .comment       0x0000007e       0x7f c:/nxp/mcuxpressoide_10.2.0_759/ide/tools/bin/../lib/gcc/arm-none-eabi/7.2.1/../../../../arm-none-eabi/lib/thumb/v7e-m/fpv4-sp/hard\libcr_nohost_nf.a(_cr_assert.o)
 .comment       0x0000007e       0x7f c:/nxp/mcuxpressoide_10.2.0_759/ide/tools/bin/../lib/gcc/arm-none-eabi/7.2.1/../../../../arm-none-eabi/lib/thumb/v7e-m/fpv4-sp/hard\libcr_nohost_nf.a(__ciob.o)
 .comment       0x0000007e       0x7f c:/nxp/mcuxpressoide_10.2.0_759/ide/tools/bin/../lib/gcc/arm-none-eabi/7.2.1/../../../../arm-none-eabi/lib/thumb/v7e-m/fpv4-sp/hard\libcr_nohost_nf.a(__sys_appexit.o)
 .comment       0x0000007e       0x7f c:/nxp/mcuxpressoide_10.2.0_759/ide/tools/bin/../lib/gcc/arm-none-eabi/7.2.1/../../../../arm-none-eabi/lib/thumb/v7e-m/fpv4-sp/hard\libcr_c.a(memcpy.o)
 .comment       0x0000007e       0x7f c:/nxp/mcuxpressoide_10.2.0_759/ide/tools/bin/../lib/gcc/arm-none-eabi/7.2.1/../../../../arm-none-eabi/lib/thumb/v7e-m/fpv4-sp/hard\libcr_c.a(memset.o)
 .comment       0x0000007e       0x7f c:/nxp/mcuxpressoide_10.2.0_759/ide/tools/bin/../lib/gcc/arm-none-eabi/7.2.1/../../../../arm-none-eabi/lib/thumb/v7e-m/fpv4-sp/hard\libcr_c.a(_deferredlazyseek.o)
 .comment       0x0000007e       0x7f c:/nxp/mcuxpressoide_10.2.0_759/ide/tools/bin/../lib/gcc/arm-none-eabi/7.2.1/../../../../arm-none-eabi/lib/thumb/v7e-m/fpv4-sp/hard\libcr_c.a(_fflush.o)
 .comment       0x0000007e       0x7f c:/nxp/mcuxpressoide_10.2.0_759/ide/tools/bin/../lib/gcc/arm-none-eabi/7.2.1/../../../../arm-none-eabi/lib/thumb/v7e-m/fpv4-sp/hard\libcr_c.a(_writebuf.o)
 .comment       0x0000007e       0x7f c:/nxp/mcuxpressoide_10.2.0_759/ide/tools/bin/../lib/gcc/arm-none-eabi/7.2.1/../../../../arm-none-eabi/lib/thumb/v7e-m/fpv4-sp/hard\libcr_c.a(alloc.o)
 .comment       0x0000007e       0x7f c:/nxp/mcuxpressoide_10.2.0_759/ide/tools/bin/../lib/gcc/arm-none-eabi/7.2.1/../../../../arm-none-eabi/lib/thumb/v7e-m/fpv4-sp/hard\libcr_c.a(ctype.o)
 .comment       0x0000007e       0x7f c:/nxp/mcuxpressoide_10.2.0_759/ide/tools/bin/../lib/gcc/arm-none-eabi/7.2.1/../../../../arm-none-eabi/lib/thumb/v7e-m/fpv4-sp/hard\libcr_c.a(fputs.o)
 .comment       0x0000007e       0x7f c:/nxp/mcuxpressoide_10.2.0_759/ide/tools/bin/../lib/gcc/arm-none-eabi/7.2.1/../../../../arm-none-eabi/lib/thumb/v7e-m/fpv4-sp/hard\libcr_c.a(fseek.o)
 .comment       0x0000007e       0x7f c:/nxp/mcuxpressoide_10.2.0_759/ide/tools/bin/../lib/gcc/arm-none-eabi/7.2.1/../../../../arm-none-eabi/lib/thumb/v7e-m/fpv4-sp/hard\libcr_c.a(ftell.o)
 .comment       0x0000007e       0x7f c:/nxp/mcuxpressoide_10.2.0_759/ide/tools/bin/../lib/gcc/arm-none-eabi/7.2.1/../../../../arm-none-eabi/lib/thumb/v7e-m/fpv4-sp/hard\libcr_c.a(initio.o)
 .comment       0x0000007e       0x7f c:/nxp/mcuxpressoide_10.2.0_759/ide/tools/bin/../lib/gcc/arm-none-eabi/7.2.1/../../../../arm-none-eabi/lib/thumb/v7e-m/fpv4-sp/hard\libcr_c.a(printf.o)
 .comment       0x0000007e       0x7f c:/nxp/mcuxpressoide_10.2.0_759/ide/tools/bin/../lib/gcc/arm-none-eabi/7.2.1/../../../../arm-none-eabi/lib/thumb/v7e-m/fpv4-sp/hard\libcr_c.a(scanf.o)
 .comment       0x0000007e       0x7f c:/nxp/mcuxpressoide_10.2.0_759/ide/tools/bin/../lib/gcc/arm-none-eabi/7.2.1/../../../../arm-none-eabi/lib/thumb/v7e-m/fpv4-sp/hard\libcr_c.a(setvbuf.o)
 .comment       0x0000007e       0x7f c:/nxp/mcuxpressoide_10.2.0_759/ide/tools/bin/../lib/gcc/arm-none-eabi/7.2.1/../../../../arm-none-eabi/lib/thumb/v7e-m/fpv4-sp/hard\libcr_c.a(strchr.o)
 .comment       0x0000007e       0x7f c:/nxp/mcuxpressoide_10.2.0_759/ide/tools/bin/../lib/gcc/arm-none-eabi/7.2.1/../../../../arm-none-eabi/lib/thumb/v7e-m/fpv4-sp/hard\libcr_c.a(strcpy.o)
 .comment       0x0000007e       0x7f c:/nxp/mcuxpressoide_10.2.0_759/ide/tools/bin/../lib/gcc/arm-none-eabi/7.2.1/../../../../arm-none-eabi/lib/thumb/v7e-m/fpv4-sp/hard\libcr_c.a(strlen.o)
 .comment       0x0000007e       0x7f c:/nxp/mcuxpressoide_10.2.0_759/ide/tools/bin/../lib/gcc/arm-none-eabi/7.2.1/../../../../arm-none-eabi/lib/thumb/v7e-m/fpv4-sp/hard\libcr_c.a(strncpy.o)
 .comment       0x0000007e       0x7f c:/nxp/mcuxpressoide_10.2.0_759/ide/tools/bin/../lib/gcc/arm-none-eabi/7.2.1/../../../../arm-none-eabi/lib/thumb/v7e-m/fpv4-sp/hard\libcr_c.a(strspn.o)
 .comment       0x0000007e       0x7f c:/nxp/mcuxpressoide_10.2.0_759/ide/tools/bin/../lib/gcc/arm-none-eabi/7.2.1/../../../../arm-none-eabi/lib/thumb/v7e-m/fpv4-sp/hard\libcr_c.a(strstr.o)
 .comment       0x0000007e       0x7f c:/nxp/mcuxpressoide_10.2.0_759/ide/tools/bin/../lib/gcc/arm-none-eabi/7.2.1/../../../../arm-none-eabi/lib/thumb/v7e-m/fpv4-sp/hard\libcr_c.a(__init_alloc.o)
 .comment       0x0000007e       0x7f c:/nxp/mcuxpressoide_10.2.0_759/ide/tools/bin/../lib/gcc/arm-none-eabi/7.2.1/../../../../arm-none-eabi/lib/thumb/v7e-m/fpv4-sp/hard\libcr_c.a(_cr_sbrk.o)
 .comment       0x0000007e       0x7f c:/nxp/mcuxpressoide_10.2.0_759/ide/tools/bin/../lib/gcc/arm-none-eabi/7.2.1/../../../../arm-none-eabi/lib/thumb/v7e-m/fpv4-sp/hard\libcr_c.a(_fdopen.o)
 .comment       0x0000007e       0x7f c:/nxp/mcuxpressoide_10.2.0_759/ide/tools/bin/../lib/gcc/arm-none-eabi/7.2.1/../../../../arm-none-eabi/lib/thumb/v7e-m/fpv4-sp/hard\libcr_c.a(errno.o)
 .comment       0x0000007e       0x7f c:/nxp/mcuxpressoide_10.2.0_759/ide/tools/bin/../lib/gcc/arm-none-eabi/7.2.1/../../../../arm-none-eabi/lib/thumb/v7e-m/fpv4-sp/hard\libcr_c.a(fclose.o)
 .comment       0x0000007e       0x7f c:/nxp/mcuxpressoide_10.2.0_759/ide/tools/bin/../lib/gcc/arm-none-eabi/7.2.1/../../../../arm-none-eabi/lib/thumb/v7e-m/fpv4-sp/hard\libcr_c.a(fflush.o)
 .comment       0x0000007e       0x7f c:/nxp/mcuxpressoide_10.2.0_759/ide/tools/bin/../lib/gcc/arm-none-eabi/7.2.1/../../../../arm-none-eabi/lib/thumb/v7e-m/fpv4-sp/hard\libcr_c.a(remove.o)
 .comment       0x0000007e       0x7f c:/nxp/mcuxpressoide_10.2.0_759/ide/tools/bin/../lib/gcc/arm-none-eabi/7.2.1/../../../../arm-none-eabi/lib/thumb/v7e-m/fpv4-sp/hard\libcr_c.a(_cr_check_heap.o)
 .comment       0x0000007e       0x7f c:/nxp/mcuxpressoide_10.2.0_759/ide/tools/bin/../lib/gcc/arm-none-eabi/7.2.1/../../../../arm-none-eabi/lib/thumb/v7e-m/fpv4-sp/hard\libcr_c.a(_do_fflush.o)
 .comment       0x0000007e       0x7f c:/nxp/mcuxpressoide_10.2.0_759/ide/tools/bin/../lib/gcc/arm-none-eabi/7.2.1/../../../../arm-none-eabi/lib/thumb/v7e-m/fpv4-sp/hard\libcr_nohost_nf.a(__sys_close.o)
 .comment       0x0000007e       0x7f c:/nxp/mcuxpressoide_10.2.0_759/ide/tools/bin/../lib/gcc/arm-none-eabi/7.2.1/../../../../arm-none-eabi/lib/thumb/v7e-m/fpv4-sp/hard\libcr_nohost_nf.a(__sys_flen.o)
 .comment       0x0000007e       0x7f c:/nxp/mcuxpressoide_10.2.0_759/ide/tools/bin/../lib/gcc/arm-none-eabi/7.2.1/../../../../arm-none-eabi/lib/thumb/v7e-m/fpv4-sp/hard\libcr_nohost_nf.a(__sys_istty.o)
 .comment       0x0000007e       0x7f c:/nxp/mcuxpressoide_10.2.0_759/ide/tools/bin/../lib/gcc/arm-none-eabi/7.2.1/../../../../arm-none-eabi/lib/thumb/v7e-m/fpv4-sp/hard\libcr_nohost_nf.a(__sys_remove.o)
 .comment       0x0000007e       0x7f c:/nxp/mcuxpressoide_10.2.0_759/ide/tools/bin/../lib/gcc/arm-none-eabi/7.2.1/../../../../arm-none-eabi/lib/thumb/v7e-m/fpv4-sp/hard\libcr_nohost_nf.a(__sys_seek.o)
 .comment       0x0000007e       0x7f c:/nxp/mcuxpressoide_10.2.0_759/ide/tools/bin/../lib/gcc/arm-none-eabi/7.2.1/../../../../arm-none-eabi/lib/thumb/v7e-m/fpv4-sp/hard\libcr_nohost_nf.a(__sys_tmpnam.o)
 .comment       0x0000007e       0x7f c:/nxp/mcuxpressoide_10.2.0_759/ide/tools/bin/../lib/gcc/arm-none-eabi/7.2.1/../../../../arm-none-eabi/lib/thumb/v7e-m/fpv4-sp/hard\libcr_nohost_nf.a(__sys_write.o)

.ARM.attributes
                0x00000000       0x37
 .ARM.attributes
                0x00000000       0x39 ./utilities/fsl_debug_console.o
 .ARM.attributes
                0x00000039       0x39 ./utilities/fsl_io.o
 .ARM.attributes
                0x00000072       0x39 ./utilities/fsl_log.o
 .ARM.attributes
                0x000000ab       0x39 ./utilities/fsl_str.o
 .ARM.attributes
                0x000000e4       0x39 ./startup/startup_mk64f12.o
 .ARM.attributes
                0x0000011d       0x39 ./source/esp8266_app.o
 .ARM.attributes
                0x00000156       0x39 ./source/semihost_hardfault.o
 .ARM.attributes
                0x0000018f       0x39 ./freertos/source/list.o
 .ARM.attributes
                0x000001c8       0x39 ./freertos/source/queue.o
 .ARM.attributes
                0x00000201       0x39 ./freertos/source/tasks.o
 .ARM.attributes