Archive member included to satisfy reference by file (symbol)

c:/nxp/mcuxpressoide_10.2.0_759/ide/tools/bin/../lib/gcc/arm-none-eabi/7.2.1/../../../../arm-none-eabi/lib/thumb/v7e-m/fpv4-sp/hard\libcr_semihost_nf.a(_cr__main.o)
                              ./startup/startup_mk64f12.o (__main)
c:/nxp/mcuxpressoide_10.2.0_759/ide/tools/bin/../lib/gcc/arm-none-eabi/7.2.1/../../../../arm-none-eabi/lib/thumb/v7e-m/fpv4-sp/hard\libcr_semihost_nf.a(_cr_assert.o)
                              ./utilities/fsl_debug_console.o (__assertion_failed)
c:/nxp/mcuxpressoide_10.2.0_759/ide/tools/bin/../lib/gcc/arm-none-eabi/7.2.1/../../../../arm-none-eabi/lib/thumb/v7e-m/fpv4-sp/hard\libcr_semihost_nf.a(__ciob.o)
                              c:/nxp/mcuxpressoide_10.2.0_759/ide/tools/bin/../lib/gcc/arm-none-eabi/7.2.1/../../../../arm-none-eabi/lib/thumb/v7e-m/fpv4-sp/hard\libcr_semihost_nf.a(_cr_assert.o) (__Ciob)
c:/nxp/mcuxpressoide_10.2.0_759/ide/tools/bin/../lib/gcc/arm-none-eabi/7.2.1/../../../../arm-none-eabi/lib/thumb/v7e-m/fpv4-sp/hard\libcr_semihost_nf.a(__sys_appexit.o)
                              c:/nxp/mcuxpressoide_10.2.0_759/ide/tools/bin/../lib/gcc/arm-none-eabi/7.2.1/../../../../arm-none-eabi/lib/thumb/v7e-m/fpv4-sp/hard\libcr_semihost_nf.a(_cr_assert.o) (__sys_appexit)
c:/nxp/mcuxpressoide_10.2.0_759/ide/tools/bin/../lib/gcc/arm-none-eabi/7.2.1/../../../../arm-none-eabi/lib/thumb/v7e-m/fpv4-sp/hard\libcr_c.a(memcpy.o)
                              ./source/lin1d3_driver.o (memcpy)
c:/nxp/mcuxpressoide_10.2.0_759/ide/tools/bin/../lib/gcc/arm-none-eabi/7.2.1/../../../../arm-none-eabi/lib/thumb/v7e-m/fpv4-sp/hard\libcr_c.a(memset.o)
                              ./source/lin1d3_driver.o (memset)
c:/nxp/mcuxpressoide_10.2.0_759/ide/tools/bin/../lib/gcc/arm-none-eabi/7.2.1/../../../../arm-none-eabi/lib/thumb/v7e-m/fpv4-sp/hard\libcr_c.a(_deferredlazyseek.o)
                              c:/nxp/mcuxpressoide_10.2.0_759/ide/tools/bin/../lib/gcc/arm-none-eabi/7.2.1/../../../../arm-none-eabi/lib/thumb/v7e-m/fpv4-sp/hard\libcr_semihost_nf.a(_cr_assert.o) (__flsbuf)
c:/nxp/mcuxpressoide_10.2.0_759/ide/tools/bin/../lib/gcc/arm-none-eabi/7.2.1/../../../../arm-none-eabi/lib/thumb/v7e-m/fpv4-sp/hard\libcr_c.a(_fflush.o)
                              c:/nxp/mcuxpressoide_10.2.0_759/ide/tools/bin/../lib/gcc/arm-none-eabi/7.2.1/../../../../arm-none-eabi/lib/thumb/v7e-m/fpv4-sp/hard\libcr_c.a(_deferredlazyseek.o) (_fflush)
c:/nxp/mcuxpressoide_10.2.0_759/ide/tools/bin/../lib/gcc/arm-none-eabi/7.2.1/../../../../arm-none-eabi/lib/thumb/v7e-m/fpv4-sp/hard\libcr_c.a(_writebuf.o)
                              c:/nxp/mcuxpressoide_10.2.0_759/ide/tools/bin/../lib/gcc/arm-none-eabi/7.2.1/../../../../arm-none-eabi/lib/thumb/v7e-m/fpv4-sp/hard\libcr_c.a(_deferredlazyseek.o) (_Cwritebuf)
c:/nxp/mcuxpressoide_10.2.0_759/ide/tools/bin/../lib/gcc/arm-none-eabi/7.2.1/../../../../arm-none-eabi/lib/thumb/v7e-m/fpv4-sp/hard\libcr_c.a(alloc.o)
                              ./drivers/fsl_common.o (malloc)
c:/nxp/mcuxpressoide_10.2.0_759/ide/tools/bin/../lib/gcc/arm-none-eabi/7.2.1/../../../../arm-none-eabi/lib/thumb/v7e-m/fpv4-sp/hard\libcr_c.a(fputs.o)
                              c:/nxp/mcuxpressoide_10.2.0_759/ide/tools/bin/../lib/gcc/arm-none-eabi/7.2.1/../../../../arm-none-eabi/lib/thumb/v7e-m/fpv4-sp/hard\libcr_semihost_nf.a(_cr_assert.o) (fputs)
c:/nxp/mcuxpressoide_10.2.0_759/ide/tools/bin/../lib/gcc/arm-none-eabi/7.2.1/../../../../arm-none-eabi/lib/thumb/v7e-m/fpv4-sp/hard\libcr_c.a(fseek.o)
                              c:/nxp/mcuxpressoide_10.2.0_759/ide/tools/bin/../lib/gcc/arm-none-eabi/7.2.1/../../../../arm-none-eabi/lib/thumb/v7e-m/fpv4-sp/hard\libcr_c.a(_deferredlazyseek.o) (fseek)
c:/nxp/mcuxpressoide_10.2.0_759/ide/tools/bin/../lib/gcc/arm-none-eabi/7.2.1/../../../../arm-none-eabi/lib/thumb/v7e-m/fpv4-sp/hard\libcr_c.a(ftell.o)
                              c:/nxp/mcuxpressoide_10.2.0_759/ide/tools/bin/../lib/gcc/arm-none-eabi/7.2.1/../../../../arm-none-eabi/lib/thumb/v7e-m/fpv4-sp/hard\libcr_c.a(fseek.o) (ftell)
c:/nxp/mcuxpressoide_10.2.0_759/ide/tools/bin/../lib/gcc/arm-none-eabi/7.2.1/../../../../arm-none-eabi/lib/thumb/v7e-m/fpv4-sp/hard\libcr_c.a(initio.o)
                              c:/nxp/mcuxpressoide_10.2.0_759/ide/tools/bin/../lib/gcc/arm-none-eabi/7.2.1/../../../../arm-none-eabi/lib/thumb/v7e-m/fpv4-sp/hard\libcr_semihost_nf.a(_cr__main.o) (_initio)
c:/nxp/mcuxpressoide_10.2.0_759/ide/tools/bin/../lib/gcc/arm-none-eabi/7.2.1/../../../../arm-none-eabi/lib/thumb/v7e-m/fpv4-sp/hard\libcr_c.a(printf.o)
                              ./utilities/fsl_assert.o (_printf)
c:/nxp/mcuxpressoide_10.2.0_759/ide/tools/bin/../lib/gcc/arm-none-eabi/7.2.1/../../../../arm-none-eabi/lib/thumb/v7e-m/fpv4-sp/hard\libcr_c.a(setvbuf.o)
[...]
Memory Configuration

Name             Origin             Length             Attributes
PROGRAM_FLASH    0x00000000         0x00100000         xr
SRAM_UPPER       0x20000000         0x00030000         xrw
SRAM_LOWER       0x1fff0000         0x00010000         xrw
FLEX_RAM         0x14000000         0x00001000         xrw
*default*        0x00000000         0xffffffff

Linker script and memory map

LOAD ./utilities/fsl_assert.o
LOAD ./utilities/fsl_debug_console.o
LOAD ./utilities/fsl_io.o
LOAD ./utilities/fsl_log.o
LOAD ./utilities/fsl_str.o
LOAD ./startup/startup_mk64f12.o
LOAD ./source/freertos_uart.o
LOAD ./source/lin1d3_driver.o
LOAD ./source/lin_driver_test_main.o
LOAD ./source/semihost_hardfault.o
LOAD ./drivers/freertos/fsl_uart_freertos.o
LOAD ./drivers/fsl_clock.o
LOAD ./drivers/fsl_common.o
LOAD ./drivers/fsl_ftfx_cache.o
LOAD ./drivers/fsl_ftfx_controller.o
LOAD ./drivers/fsl_ftfx_flash.o
LOAD ./drivers/fsl_ftfx_flexnvm.o
LOAD ./drivers/fsl_gpio.o
LOAD ./drivers/fsl_smc.o
LOAD ./drivers/fsl_uart.o
LOAD ./board/src/board.o
LOAD ./board/src/clock_config.o
LOAD ./board/peripherals.o
LOAD ./board/pin_mux.o
LOAD ./amazon-freertos/portable/fsl_tickless_systick.o
LOAD ./amazon-freertos/FreeRTOS/portable/heap_4.o
LOAD ./amazon-freertos/FreeRTOS/portable/port.o
LOAD ./amazon-freertos/FreeRTOS/event_groups.o
LOAD ./amazon-freertos/FreeRTOS/list.o
LOAD ./amazon-freertos/FreeRTOS/queue.o
LOAD ./amazon-freertos/FreeRTOS/stream_buffer.o
LOAD ./amazon-freertos/FreeRTOS/tasks.o
LOAD ./amazon-freertos/FreeRTOS/timers.o
LOAD ./CMSIS/system_MK64F12.o
START GROUP
LOAD c:/nxp/mcuxpressoide_10.2.0_759/ide/tools/bin/../lib/gcc/arm-none-eabi/7.2.1/../../../../arm-none-eabi/lib/thumb/v7e-m/fpv4-sp/hard\libcr_semihost_nf.a
LOAD c:/nxp/mcuxpressoide_10.2.0_759/ide/tools/bin/../lib/gcc/arm-none-eabi/7.2.1/../../../../arm-none-eabi/lib/thumb/v7e-m/fpv4-sp/hard\libcr_c.a
LOAD c:/nxp/mcuxpressoide_10.2.0_759/ide/tools/bin/../lib/gcc/arm-none-eabi/7.2.1/thumb/v7e-m/fpv4-sp/hard\libcr_eabihelpers.a
END GROUP
                0x00000000                __base_PROGRAM_FLASH = 0x0
                0x00000000                __base_Flash = 0x0
                0x00100000                __top_PROGRAM_FLASH = 0x100000
                0x00100000                __top_Flash = 0x100000
                0x20000000                __base_SRAM_UPPER = 0x20000000
                0x20000000                __base_RAM = 0x20000000
                0x20030000                __top_SRAM_UPPER = 0x20030000
                0x20030000                __top_RAM = 0x20030000
                0x1fff0000                __base_SRAM_LOWER = 0x1fff0000
                0x1fff0000                __base_RAM2 = 0x1fff0000
                0x20000000                __top_SRAM_LOWER = 0x20000000
                0x20000000                __top_RAM2 = 0x20000000
                0x14000000                __base_FLEX_RAM = 0x14000000
                0x14000000                __base_RAM3 = 0x14000000
                0x14001000                __top_FLEX_RAM = 0x14001000
                0x14001000                __top_RAM3 = 0x14001000

.text           0x00000000     0x8118
 FILL mask 0xff
                0x00000000                __vectors_start__ = ABSOLUTE (.)
 *(SORT_BY_ALIGNMENT(.isr_vector))
 .isr_vector    0x00000000      0x198 ./startup/startup_mk64f12.o
                0x00000000                g_pfnVectors
                0x00000000                __Vectors
                0x00000198                . = ALIGN (0x4)
                0x00000198                __section_table_start = .
                0x00000198                __data_section_table = .
                0x00000198        0x4 LONG 0x8118 LOADADDR (.data)
                0x0000019c        0x4 LONG 0x20000000 ADDR (.data)
                0x000001a0        0x4 LONG 0x10 SIZEOF (.data)
                0x000001a4        0x4 LONG 0x8118 LOADADDR (.data_RAM2)
                0x000001a8        0x4 LONG 0x1fff0000 ADDR (.data_RAM2)
                0x000001ac        0x4 LONG 0x0 SIZEOF (.data_RAM2)
                0x000001b0        0x4 LONG 0x8118 LOADADDR (.data_RAM3)
                0x000001b4        0x4 LONG 0x14000000 ADDR (.data_RAM3)
                0x000001b8        0x4 LONG 0x0 SIZEOF (.data_RAM3)
                0x000001bc                __data_section_table_end = .
                0x000001bc                __bss_section_table = .
                0x000001bc        0x4 LONG 0x20000010 ADDR (.bss)
                0x000001c0        0x4 LONG 0x2a88 SIZEOF (.bss)
                0x000001c4        0x4 LONG 0x1fff0000 ADDR (.bss_RAM2)
                0x000001c8        0x4 LONG 0x0 SIZEOF (.bss_RAM2)
                0x000001cc        0x4 LONG 0x14000000 ADDR (.bss_RAM3)
                0x000001d0        0x4 LONG 0x0 SIZEOF (.bss_RAM3)
                0x000001d4                __bss_section_table_end = .
                0x000001d4                __section_table_end = .
 *(SORT_BY_ALIGNMENT(.after_vectors*))
 .after_vectors.reset
                0x000001d4       0x4c ./startup/startup_mk64f12.o
                0x000001d4                ResetISR
 .after_vectors.init_data
                0x00000220       0x1e ./startup/startup_mk64f12.o
                0x00000220                data_init
 .after_vectors.init_bss
                0x0000023e       0x12 ./startup/startup_mk64f12.o
                0x0000023e                bss_init
 .after_vectors
                0x00000250       0x14 ./startup/startup_mk64f12.o
                0x00000250                NMI_Handler
                0x00000254                MemManage_Handler
                0x00000256                BusFault_Handler
                0x00000258                UsageFault_Handler
                0x0000025c                DebugMon_Handler
                0x00000262                LPTMR0_DriverIRQHandler
                0x00000262                DMA_Error_DriverIRQHandler
                0x00000262                SPI1_DriverIRQHandler
                0x00000262                FTM1_DriverIRQHandler
                0x00000262                FTM2_DriverIRQHandler
                0x00000262                PIT2_DriverIRQHandler
                0x00000262                SDHC_DriverIRQHandler
                0x00000262                I2S0_Tx_DriverIRQHandler
                0x00000262                RTC_Seconds_DriverIRQHandler
                0x00000262                DMA6_DriverIRQHandler
                0x00000262                LLWU_DriverIRQHandler
                0x00000262                MCM_DriverIRQHandler
                0x00000262                MCG_DriverIRQHandler
                0x00000262                ENET_1588_Timer_DriverIRQHandler
                0x00000262                I2C2_DriverIRQHandler
                0x00000262                DAC1_DriverIRQHandler
                0x00000262                DMA12_DriverIRQHandler
                0x00000262                CMP1_DriverIRQHandler
                0x00000262                FTM0_DriverIRQHandler
                0x00000262                IntDefaultHandler
                0x00000262                USB0_DriverIRQHandler
                0x00000262                UART5_ERR_DriverIRQHandler
                0x00000262                PORTC_DriverIRQHandler
                0x00000262                DMA11_DriverIRQHandler
                0x00000262                DAC0_DriverIRQHandler
                0x00000262                DMA10_DriverIRQHandler
                0x00000262                CMP2_DriverIRQHandler
                0x00000262                UART2_ERR_DriverIRQHandler
                0x00000262                SPI2_DriverIRQHandler
                0x00000262                LVD_LVW_DriverIRQHandler
                0x00000262                PIT0_DriverIRQHandler
                0x00000262                PORTB_DriverIRQHandler
                0x00000262                DMA5_DriverIRQHandler
                0x00000262                DMA4_DriverIRQHandler
                0x00000262                USBDCD_DriverIRQHandler
                0x00000262                UART3_ERR_DriverIRQHandler
                0x00000262                DMA3_DriverIRQHandler
                0x00000262                DMA8_DriverIRQHandler
                0x00000262                DMA9_DriverIRQHandler
                0x00000262                UART0_ERR_DriverIRQHandler
                0x00000262                CMT_DriverIRQHandler
                0x00000262                Reserved71_DriverIRQHandler
                0x00000262                ADC1_DriverIRQHandler
                0x00000262                PORTA_DriverIRQHandler
                0x00000262                DMA14_DriverIRQHandler
                0x00000262                PIT3_DriverIRQHandler
                0x00000262                PIT1_DriverIRQHandler
                0x00000262                WDOG_EWM_DriverIRQHandler
                0x00000262                PDB0_DriverIRQHandler
                0x00000262                RTC_DriverIRQHandler
                0x00000262                I2S0_Rx_DriverIRQHandler
                0x00000262                Read_Collision_DriverIRQHandler
                0x00000262                SWI_DriverIRQHandler
                0x00000262                UART4_ERR_DriverIRQHandler
                0x00000262                DMA0_DriverIRQHandler
                0x00000262                UART0_LON_DriverIRQHandler
                0x00000262                DMA1_DriverIRQHandler
                0x00000262                I2C1_DriverIRQHandler
                0x00000262                ENET_Receive_DriverIRQHandler
                0x00000262                DMA13_DriverIRQHandler
                0x00000262                ENET_Error_DriverIRQHandler
                0x00000262                DMA15_DriverIRQHandler
                0x00000262                SPI0_DriverIRQHandler
                0x00000262                ADC0_DriverIRQHandler
                0x00000262                CMP0_DriverIRQHandler
                0x00000262                CAN0_DriverIRQHandler
                0x00000262                FTM3_DriverIRQHandler
                0x00000262                RNG_DriverIRQHandler
                0x00000262                UART1_ERR_DriverIRQHandler
                0x00000262                DMA2_DriverIRQHandler
                0x00000262                ENET_Transmit_DriverIRQHandler
                0x00000262                PORTD_DriverIRQHandler
                0x00000262                PORTE_DriverIRQHandler
                0x00000262                FTFE_DriverIRQHandler
                0x00000262                I2C0_DriverIRQHandler
                0x00000262                DMA7_DriverIRQHandler
                0x00000400                . = 0x400
 *fill*         0x00000264      0x19c ff
                0x00000400                PROVIDE (__FLASH_CONFIG_START__, .)
 *(SORT_BY_ALIGNMENT(.FlashConfig))
 .FlashConfig   0x00000400       0x10 ./startup/startup_mk64f12.o
                0x00000400                Flash_Config
                0x00000410                PROVIDE (__FLASH_CONFIG_END__, .)
                0x00000001                ASSERT (! ((__FLASH_CONFIG_START__ == __FLASH_CONFIG_END__)), Linker Flash Config Support Enabled, but no .FlashConfig section provided within application)
 *(SORT_BY_ALIGNMENT(.text*))
 .text.SVC_Handler
                0x00000410       0x28 ./amazon-freertos/FreeRTOS/portable/port.o
                0x00000410                SVC_Handler
 *fill*         0x00000438        0x8 ff
 .text.PendSV_Handler
                0x00000440       0x68 ./amazon-freertos/FreeRTOS/portable/port.o
                0x00000440                PendSV_Handler
 .text.lin1d3_InitNode
                0x000004a8      0x17c ./source/lin1d3_driver.o
                0x000004a8                lin1d3_InitNode
 .text.master_task
                0x00000624      0x18c ./source/lin1d3_driver.o
 .text.slave_task
                0x000007b0      0x180 ./source/lin1d3_driver.o
 .text.__NVIC_SetPriority
                0x00000930       0x54 ./source/lin_driver_test_main.o
 .text.main     0x00000984       0x5c ./source/lin_driver_test_main.o
                0x00000984                main
 .text.test_task
                0x000009e0      0x150 ./source/lin_driver_test_main.o
 .text.message_1_callback_master
                0x00000b30       0x2c ./source/lin_driver_test_main.o
 .text.message_2_callback_master
                0x00000b5c       0x40 ./source/lin_driver_test_main.o
 .text.message_3_callback_master
                0x00000b9c       0x6c ./source/lin_driver_test_main.o
 .text.message_1_callback_slave
                0x00000c08       0x2c ./source/lin_driver_test_main.o
 .text.message_2_callback_slave
                0x00000c34       0x3c ./source/lin_driver_test_main.o
 .text.message_3_callback_slave
                0x00000c70       0x5c ./source/lin_driver_test_main.o
 .text.UART_RTOS_Callback
                0x00000ccc       0xc0 ./drivers/freertos/fsl_uart_freertos.o
 .text.UART_RTOS_Init
                0x00000d8c      0x16c ./drivers/freertos/fsl_uart_freertos.o
                0x00000d8c                UART_RTOS_Init
 .text.CLOCK_SetEr32kClock
                0x00000ef8       0x30 ./drivers/fsl_clock.o
 .text.CLOCK_SetPllFllSelClock
                0x00000f28       0x3c ./drivers/fsl_clock.o
 .text.CLOCK_GetMcgExtClkFreq
                0x00000f64       0x78 ./drivers/fsl_clock.o
 .text.CLOCK_GetFllExtRefClkFreq
                0x00000fdc       0xd0 ./drivers/fsl_clock.o
 .text.CLOCK_GetInternalRefClkSelectFreq
                0x000010ac       0x44 ./drivers/fsl_clock.o
 .text.CLOCK_GetFllRefClkFreq
                0x000010f0       0x2c ./drivers/fsl_clock.o
 .text.CLOCK_GetOscRangeFromFreq
                0x0000111c       0x3c ./drivers/fsl_clock.o
 .text.CLOCK_GetOsc0ErClkFreq
                0x00001158       0x38 ./drivers/fsl_clock.o
                0x00001158                CLOCK_GetOsc0ErClkFreq
 .text.CLOCK_GetEr32kClkFreq
                0x00001190       0x70 ./drivers/fsl_clock.o
                0x00001190                CLOCK_GetEr32kClkFreq
 .text.CLOCK_GetPllFllSelClkFreq
                0x00001200       0x54 ./drivers/fsl_clock.o
                0x00001200                CLOCK_GetPllFllSelClkFreq
 .text.CLOCK_GetFreq
                0x00001254      0x148 ./drivers/fsl_clock.o
                0x00001254                CLOCK_GetFreq
 .text.CLOCK_SetSimConfig
                0x0000139c       0x38 ./drivers/fsl_clock.o
                0x0000139c                CLOCK_SetSimConfig
 .text.CLOCK_GetOutClkFreq
                0x000013d4       0x64 ./drivers/fsl_clock.o
                0x000013d4                CLOCK_GetOutClkFreq
 .text.CLOCK_GetFllFreq
                0x00001438       0x7c ./drivers/fsl_clock.o
                0x00001438                CLOCK_GetFllFreq
 .text.CLOCK_GetInternalRefClkFreq
                0x000014b4       0x24 ./drivers/fsl_clock.o
                0x000014b4                CLOCK_GetInternalRefClkFreq
 .text.CLOCK_GetPll0Freq
                0x000014d8       0x68 ./drivers/fsl_clock.o
                0x000014d8                CLOCK_GetPll0Freq
 .text.CLOCK_SetExternalRefClkConfig
                0x00001540       0x6c ./drivers/fsl_clock.o
                0x00001540                CLOCK_SetExternalRefClkConfig
 .text.CLOCK_SetInternalRefClkConfig
                0x000015ac      0x104 ./drivers/fsl_clock.o
                0x000015ac                CLOCK_SetInternalRefClkConfig
 .text.CLOCK_EnablePll0
                0x000016b0       0x84 ./drivers/fsl_clock.o
                0x000016b0                CLOCK_EnablePll0
 .text.CLOCK_InitOsc0
                0x00001734       0x8c ./drivers/fsl_clock.o
                0x00001734                CLOCK_InitOsc0
 .text.CLOCK_SetPbeMode
                0x000017c0       0xa8 ./drivers/fsl_clock.o
                0x000017c0                CLOCK_SetPbeMode
 .text.CLOCK_BootToPeeMode
                0x00001868       0x64 ./drivers/fsl_clock.o
                0x00001868                CLOCK_BootToPeeMode
 .text.__NVIC_EnableIRQ
                0x000018cc       0x3c ./drivers/fsl_uart.o
 .text.UART_GetInstance
                0x00001908       0x54 ./drivers/fsl_uart.o
                0x00001908                UART_GetInstance
 .text.UART_TransferGetRxRingBufferLength
                0x0000195c       0x60 ./drivers/fsl_uart.o
                0x0000195c                UART_TransferGetRxRingBufferLength
 .text.UART_TransferIsRxRingBufferFull
                0x000019bc       0x40 ./drivers/fsl_uart.o
 .text.UART_Init
                0x000019fc      0x2d8 ./drivers/fsl_uart.o
                0x000019fc                UART_Init
 .text.UART_GetDefaultConfig
                0x00001cd4       0x60 ./drivers/fsl_uart.o
                0x00001cd4                UART_GetDefaultConfig
 .text.UART_EnableInterrupts
                0x00001d34       0x70 ./drivers/fsl_uart.o
                0x00001d34                UART_EnableInterrupts
 .text.UART_DisableInterrupts
                0x00001da4       0x80 ./drivers/fsl_uart.o
                0x00001da4                UART_DisableInterrupts
 .text.UART_WriteNonBlocking
                0x00001e24       0x44 ./drivers/fsl_uart.o
 .text.UART_ReadNonBlocking
                0x00001e68       0x48 ./drivers/fsl_uart.o
 .text.UART_TransferCreateHandle
                0x00001eb0       0x84 ./drivers/fsl_uart.o
                0x00001eb0                UART_TransferCreateHandle
 .text.UART_TransferStartRingBuffer
                0x00001f34       0x74 ./drivers/fsl_uart.o
                0x00001f34                UART_TransferStartRingBuffer
 .text.UART_TransferSendNonBlocking
                0x00001fa8       0x9c ./drivers/fsl_uart.o
                0x00001fa8                UART_TransferSendNonBlocking
 .text.UART_TransferReceiveNonBlocking
                0x00002044      0x1b0 ./drivers/fsl_uart.o
                0x00002044                UART_TransferReceiveNonBlocking
 .text.UART_TransferAbortReceive
                0x000021f4       0x5c ./drivers/fsl_uart.o
                0x000021f4                UART_TransferAbortReceive
 .text.UART_TransferHandleIRQ
                0x00002250      0x510 ./drivers/fsl_uart.o
                0x00002250                UART_TransferHandleIRQ
 .text.UART0_DriverIRQHandler
                0x00002760       0x28 ./drivers/fsl_uart.o
                0x00002760                UART0_DriverIRQHandler
 .text.UART1_DriverIRQHandler
                0x00002788       0x28 ./drivers/fsl_uart.o
                0x00002788                UART1_DriverIRQHandler
 .text.UART2_DriverIRQHandler
                0x000027b0       0x28 ./drivers/fsl_uart.o
                0x000027b0                UART2_DriverIRQHandler
 .text.UART3_DriverIRQHandler
                0x000027d8       0x28 ./drivers/fsl_uart.o
                0x000027d8                UART3_DriverIRQHandler
 .text.UART4_DriverIRQHandler
                0x00002800       0x28 ./drivers/fsl_uart.o
                0x00002800                UART4_DriverIRQHandler
 .text.UART5_DriverIRQHandler
                0x00002828       0x28 ./drivers/fsl_uart.o
                0x00002828                UART5_DriverIRQHandler
 .text.CLOCK_SetSimSafeDivs
                0x00002850       0x20 ./board/src/clock_config.o
 .text.CLOCK_SetXtal0Freq
                0x00002870       0x20 ./board/src/clock_config.o
 .text.CLOCK_CONFIG_SetFllExtRefDiv
                0x00002890       0x3c ./board/src/clock_config.o
 .text.BOARD_BootClockRUN
                0x000028cc       0x60 ./board/src/clock_config.o
                0x000028cc                BOARD_BootClockRUN
 .text.BOARD_InitPins
                0x0000292c       0x7c ./board/pin_mux.o
                0x0000292c                BOARD_InitPins
 .text.vPortSetupTimerInterrupt
                0x000029a8       0x48 ./amazon-freertos/portable/fsl_tickless_systick.o
                0x000029a8                vPortSetupTimerInterrupt
 .text.pvPortMalloc
                0x000029f0      0x184 ./amazon-freertos/FreeRTOS/portable/heap_4.o
                0x000029f0                pvPortMalloc
 .text.vPortFree
                0x00002b74       0xb0 ./amazon-freertos/FreeRTOS/portable/heap_4.o
                0x00002b74                vPortFree
 .text.prvHeapInit
                0x00002c24       0xc4 ./amazon-freertos/FreeRTOS/portable/heap_4.o
 .text.prvInsertBlockIntoFreeList
                0x00002ce8       0xb4 ./amazon-freertos/FreeRTOS/portable/heap_4.o
 .text.pxPortInitialiseStack
                0x00002d9c       0x68 ./amazon-freertos/FreeRTOS/portable/port.o
                0x00002d9c                pxPortInitialiseStack
 .text.prvTaskExitError
                0x00002e04       0x54 ./amazon-freertos/FreeRTOS/portable/port.o
 .text.prvPortStartFirstTask
                0x00002e58       0x28 ./amazon-freertos/FreeRTOS/portable/port.o
 .text.xPortStartScheduler
                0x00002e80      0x13c ./amazon-freertos/FreeRTOS/portable/port.o
                0x00002e80                xPortStartScheduler
 .text.vPortEnterCritical
                0x00002fbc       0x5c ./amazon-freertos/FreeRTOS/portable/port.o
                0x00002fbc                vPortEnterCritical
 .text.vPortExitCritical
                0x00003018       0x50 ./amazon-freertos/FreeRTOS/portable/port.o
                0x00003018                vPortExitCritical
 .text.SysTick_Handler
                0x00003068       0x40 ./amazon-freertos/FreeRTOS/portable/port.o
                0x00003068                SysTick_Handler
 .text.vPortEnableVFP
                0x000030a8       0x14 ./amazon-freertos/FreeRTOS/portable/port.o
 .text.vPortValidateInterruptPriority
                0x000030bc       0x7c ./amazon-freertos/FreeRTOS/portable/port.o
                0x000030bc                vPortValidateInterruptPriority
 .text.xEventGroupWaitBits
                0x00003138      0x194 ./amazon-freertos/FreeRTOS/event_groups.o
                0x00003138                xEventGroupWaitBits
 .text.xEventGroupSetBitsFromISR
                0x000032cc       0x28 ./amazon-freertos/FreeRTOS/event_groups.o
                0x000032cc                xEventGroupSetBitsFromISR
 .text.xQueueGenericReset
                0x000032f4       0xd0 ./amazon-freertos/FreeRTOS/queue.o
                0x000032f4                xQueueGenericReset
 .text.xQueueGenericSend
                0x000033c4      0x1f4 ./amazon-freertos/FreeRTOS/queue.o
                0x000033c4                xQueueGenericSend
 .text.xQueueReceive
                0x000035b8      0x1b8 ./amazon-freertos/FreeRTOS/queue.o
                0x000035b8                xQueueReceive
 .text.xQueueSemaphoreTake
                0x00003770      0x214 ./amazon-freertos/FreeRTOS/queue.o
                0x00003770                xQueueSemaphoreTake
 .text.vQueueAddToRegistry
                0x00003984       0x50 ./amazon-freertos/FreeRTOS/queue.o
                0x00003984                vQueueAddToRegistry
 .text.vQueueUnregisterQueue
                0x000039d4       0x54 ./amazon-freertos/FreeRTOS/queue.o
                0x000039d4                vQueueUnregisterQueue
 .text.prvAddNewTaskToReadyList
                0x00003a28       0xdc ./amazon-freertos/FreeRTOS/tasks.o
 .text.vTaskDelay
                0x00003b04       0x68 ./amazon-freertos/FreeRTOS/tasks.o
                0x00003b04                vTaskDelay
 .text.vTaskSuspend
                0x00003b6c      0x124 ./amazon-freertos/FreeRTOS/tasks.o
                0x00003b6c                vTaskSuspend
 .text.vTaskStartScheduler
                0x00003c90       0x98 ./amazon-freertos/FreeRTOS/tasks.o
                0x00003c90                vTaskStartScheduler
 .text.vTaskSuspendAll
                0x00003d28       0x1c ./amazon-freertos/FreeRTOS/tasks.o
                0x00003d28                vTaskSuspendAll
 .text.xTaskResumeAll
                0x00003d44      0x138 ./amazon-freertos/FreeRTOS/tasks.o
                0x00003d44                xTaskResumeAll
 .text.xTaskGetTickCount
                0x00003e7c       0x20 ./amazon-freertos/FreeRTOS/tasks.o
                0x00003e7c                xTaskGetTickCount
 .text.xTaskIncrementTick
                0x00003e9c      0x158 ./amazon-freertos/FreeRTOS/tasks.o
                0x00003e9c                xTaskIncrementTick
 .text.vTaskSwitchContext
                0x00003ff4       0xb4 ./amazon-freertos/FreeRTOS/tasks.o
                0x00003ff4                vTaskSwitchContext
 .text.vTaskPlaceOnEventList
                0x000040a8       0x48 ./amazon-freertos/FreeRTOS/tasks.o
                0x000040a8                vTaskPlaceOnEventList
 .text.vTaskPlaceOnUnorderedEventList
                0x000040f0       0x74 ./amazon-freertos/FreeRTOS/tasks.o
                0x000040f0                vTaskPlaceOnUnorderedEventList
 .text.vTaskPlaceOnEventListRestricted
                0x00004164       0x54 ./amazon-freertos/FreeRTOS/tasks.o
                0x00004164                vTaskPlaceOnEventListRestricted
 .text.xTaskRemoveFromEventList
                0x000041b8       0xc4 ./amazon-freertos/FreeRTOS/tasks.o
                0x000041b8                xTaskRemoveFromEventList
 .text.vTaskRemoveFromUnorderedEventList
                0x0000427c       0xc0 ./amazon-freertos/FreeRTOS/tasks.o
                0x0000427c                vTaskRemoveFromUnorderedEventList
 .text.vTaskInternalSetTimeOutState
                0x0000433c       0x2c ./amazon-freertos/FreeRTOS/tasks.o
                0x0000433c                vTaskInternalSetTimeOutState
 .text.xTaskCheckForTimeOut
                0x00004368       0xc0 ./amazon-freertos/FreeRTOS/tasks.o
                0x00004368                xTaskCheckForTimeOut
 .text.vTaskMissedYield
                0x00004428       0x18 ./amazon-freertos/FreeRTOS/tasks.o
                0x00004428                vTaskMissedYield
 .text.prvIdleTask
                0x00004440       0x30 ./amazon-freertos/FreeRTOS/tasks.o
 .text.prvInitialiseTaskLists
                0x00004470       0x80 ./amazon-freertos/FreeRTOS/tasks.o
 .text.prvCheckTasksWaitingTermination
                0x000044f0       0x58 ./amazon-freertos/FreeRTOS/tasks.o
 .text.prvResetNextTaskUnblockTime
                0x00004548       0x4c ./amazon-freertos/FreeRTOS/tasks.o
 .text.xTaskGetSchedulerState
                0x00004594       0x3c ./amazon-freertos/FreeRTOS/tasks.o
                0x00004594                xTaskGetSchedulerState
 .text.xTaskPriorityInherit
                0x000045d0      0x10c ./amazon-freertos/FreeRTOS/tasks.o
                0x000045d0                xTaskPriorityInherit
 .text.xTaskPriorityDisinherit
                0x000046dc      0x108 ./amazon-freertos/FreeRTOS/tasks.o
                0x000046dc                xTaskPriorityDisinherit
 .text.vTaskPriorityDisinheritAfterTimeout
                0x000047e4      0x13c ./amazon-freertos/FreeRTOS/tasks.o
                0x000047e4                vTaskPriorityDisinheritAfterTimeout
 .text.uxTaskResetEventItemValue
                0x00004920       0x30 ./amazon-freertos/FreeRTOS/tasks.o
                0x00004920                uxTaskResetEventItemValue
 .text.pvTaskIncrementMutexHeldCount
                0x00004950       0x28 ./amazon-freertos/FreeRTOS/tasks.o
                0x00004950                pvTaskIncrementMutexHeldCount
 .text.prvAddCurrentTaskToDelayedList
                0x00004978       0xcc ./amazon-freertos/FreeRTOS/tasks.o
 .text.xTimerCreateTimerTask
                0x00004a44       0x60 ./amazon-freertos/FreeRTOS/timers.o
                0x00004a44                xTimerCreateTimerTask
 .text.xTimerGenericCommand
                0x00004aa4       0x98 ./amazon-freertos/FreeRTOS/timers.o
                0x00004aa4                xTimerGenericCommand
 .text.prvProcessExpiredTimer
                0x00004b3c       0x80 ./amazon-freertos/FreeRTOS/timers.o
 .text.prvProcessTimerOrBlockTask
                0x00004bbc       0x9c ./amazon-freertos/FreeRTOS/timers.o
 .text.prvGetNextExpireTime
                0x00004c58       0x48 ./amazon-freertos/FreeRTOS/timers.o
 .text.prvSampleTimeNow
                0x00004ca0       0x40 ./amazon-freertos/FreeRTOS/timers.o
 .text.prvInsertTimerInActiveList
                0x00004ce0       0x84 ./amazon-freertos/FreeRTOS/timers.o
 .text.prvProcessReceivedCommands
                0x00004d64      0x154 ./amazon-freertos/FreeRTOS/timers.o
 .text.prvSwitchTimerLists
                0x00004eb8       0xc0 ./amazon-freertos/FreeRTOS/timers.o
 .text.prvCheckForValidListAndQueue
                0x00004f78       0x6c ./amazon-freertos/FreeRTOS/timers.o
 .text.xTimerPendFunctionCallFromISR
                0x00004fe4       0x40 ./amazon-freertos/FreeRTOS/timers.o
                0x00004fe4                xTimerPendFunctionCallFromISR
 .text.SystemInit
                0x00005024       0x3c ./CMSIS/system_MK64F12.o
                0x00005024                SystemInit
 .text.__assertion_failed
                0x00005060       0x4c c:/nxp/mcuxpressoide_10.2.0_759/ide/tools/bin/../lib/gcc/arm-none-eabi/7.2.1/../../../../arm-none-eabi/lib/thumb/v7e-m/fpv4-sp/hard\libcr_semihost_nf.a(_cr_assert.o)
                0x00005060                __assertion_failed
 .text.__sys_appexit
                0x000050ac        0xc c:/nxp/mcuxpressoide_10.2.0_759/ide/tools/bin/../lib/gcc/arm-none-eabi/7.2.1/../../../../arm-none-eabi/lib/thumb/v7e-m/fpv4-sp/hard\libcr_semihost_nf.a(__sys_appexit.o)
                0x000050ac                __sys_appexit
                0x000050ac                __exit
 .text._Cwritebuf
                0x000050b8       0x6c c:/nxp/mcuxpressoide_10.2.0_759/ide/tools/bin/../lib/gcc/arm-none-eabi/7.2.1/../../../../arm-none-eabi/lib/thumb/v7e-m/fpv4-sp/hard\libcr_c.a(_writebuf.o)
                0x000050b8                _Cwritebuf
 .text.malloc   0x00005124       0xc8 c:/nxp/mcuxpressoide_10.2.0_759/ide/tools/bin/../lib/gcc/arm-none-eabi/7.2.1/../../../../arm-none-eabi/lib/thumb/v7e-m/fpv4-sp/hard\libcr_c.a(alloc.o)
                0x00005124                malloc
 .text._Csys_alloc
                0x000051ec       0x20 c:/nxp/mcuxpressoide_10.2.0_759/ide/tools/bin/../lib/gcc/arm-none-eabi/7.2.1/../../../../arm-none-eabi/lib/thumb/v7e-m/fpv4-sp/hard\libcr_c.a(alloc.o)
                0x000051ec                _Csys_alloc
 .text.fseek    0x0000520c      0x100 c:/nxp/mcuxpressoide_10.2.0_759/ide/tools/bin/../lib/gcc/arm-none-eabi/7.2.1/../../../../arm-none-eabi/lib/thumb/v7e-m/fpv4-sp/hard\libcr_c.a(fseek.o)
                0x0000520c                fseek
 .text.ftell    0x0000530c       0x44 c:/nxp/mcuxpressoide_10.2.0_759/ide/tools/bin/../lib/gcc/arm-none-eabi/7.2.1/../../../../arm-none-eabi/lib/thumb/v7e-m/fpv4-sp/hard\libcr_c.a(ftell.o)
                0x0000530c                ftell
 .text._initio  0x00005350       0x78 c:/nxp/mcuxpressoide_10.2.0_759/ide/tools/bin/../lib/gcc/arm-none-eabi/7.2.1/../../../../arm-none-eabi/lib/thumb/v7e-m/fpv4-sp/hard\libcr_c.a(initio.o)
                0x00005350                _initio
 .text.__vfprintf
                0x000053c8      0xb98 c:/nxp/mcuxpressoide_10.2.0_759/ide/tools/bin/../lib/gcc/arm-none-eabi/7.2.1/../../../../arm-none-eabi/lib/thumb/v7e-m/fpv4-sp/hard\libcr_c.a(printf.o)
                0x000053c8                __vfprintf
 .text._vsnprintf
                0x00005f60       0x5c c:/nxp/mcuxpressoide_10.2.0_759/ide/tools/bin/../lib/gcc/arm-none-eabi/7.2.1/../../../../arm-none-eabi/lib/thumb/v7e-m/fpv4-sp/hard\libcr_c.a(printf.o)
                0x00005f60                _vsnprintf
 .text._printf  0x00005fbc       0x54 c:/nxp/mcuxpressoide_10.2.0_759/ide/tools/bin/../lib/gcc/arm-none-eabi/7.2.1/../../../../arm-none-eabi/lib/thumb/v7e-m/fpv4-sp/hard\libcr_c.a(printf.o)
                0x00005fbc                _printf
 .text.setvbuf  0x00006010       0x40 c:/nxp/mcuxpressoide_10.2.0_759/ide/tools/bin/../lib/gcc/arm-none-eabi/7.2.1/../../../../arm-none-eabi/lib/thumb/v7e-m/fpv4-sp/hard\libcr_c.a(setvbuf.o)
                0x00006010                setvbuf
 .text._sbrk    0x00006050       0x3c c:/nxp/mcuxpressoide_10.2.0_759/ide/tools/bin/../lib/gcc/arm-none-eabi/7.2.1/../../../../arm-none-eabi/lib/thumb/v7e-m/fpv4-sp/hard\libcr_c.a(_cr_sbrk.o)
                0x00006050                _sbrk
 .text.fflush   0x0000608c       0x44 c:/nxp/mcuxpressoide_10.2.0_759/ide/tools/bin/../lib/gcc/arm-none-eabi/7.2.1/../../../../arm-none-eabi/lib/thumb/v7e-m/fpv4-sp/hard\libcr_c.a(fflush.o)
                0x0000608c                fflush
 .text.__check_heap_overflow
                0x000060d0       0x18 c:/nxp/mcuxpressoide_10.2.0_759/ide/tools/bin/../lib/gcc/arm-none-eabi/7.2.1/../../../../arm-none-eabi/lib/thumb/v7e-m/fpv4-sp/hard\libcr_c.a(_cr_check_heap.o)
                0x000060d0                __check_heap_overflow
 .text.DMA0_IRQHandler
                0x000060e8        0x8 ./startup/startup_mk64f12.o
                0x000060e8                DMA0_IRQHandler
 .text.DMA1_IRQHandler
                0x000060f0        0x8 ./startup/startup_mk64f12.o
                0x000060f0                DMA1_IRQHandler
 .text.DMA2_IRQHandler
                0x000060f8        0x8 ./startup/startup_mk64f12.o
                0x000060f8                DMA2_IRQHandler
 .text.DMA3_IRQHandler
                0x00006100        0x8 ./startup/startup_mk64f12.o
                0x00006100                DMA3_IRQHandler
 .text.DMA4_IRQHandler
                0x00006108        0x8 ./startup/startup_mk64f12.o
                0x00006108                DMA4_IRQHandler
 .text.DMA5_IRQHandler
                0x00006110        0x8 ./startup/startup_mk64f12.o
                0x00006110                DMA5_IRQHandler
 .text.DMA6_IRQHandler
                0x00006118        0x8 ./startup/startup_mk64f12.o
                0x00006118                DMA6_IRQHandler
 .text.DMA7_IRQHandler
                0x00006120        0x8 ./startup/startup_mk64f12.o
                0x00006120                DMA7_IRQHandler
 .text.DMA8_IRQHandler
                0x00006128        0x8 ./startup/startup_mk64f12.o
                0x00006128                DMA8_IRQHandler
 .text.DMA9_IRQHandler
                0x00006130        0x8 ./startup/startup_mk64f12.o
                0x00006130                DMA9_IRQHandler
 .text.DMA10_IRQHandler
                0x00006138        0x8 ./startup/startup_mk64f12.o
                0x00006138                DMA10_IRQHandler
 .text.DMA11_IRQHandler
                0x00006140        0x8 ./startup/startup_mk64f12.o
                0x00006140                DMA11_IRQHandler
 .text.DMA12_IRQHandler
                0x00006148        0x8 ./startup/startup_mk64f12.o
                0x00006148                DMA12_IRQHandler
 .text.DMA13_IRQHandler
                0x00006150        0x8 ./startup/startup_mk64f12.o
                0x00006150                DMA13_IRQHandler
 .text.DMA14_IRQHandler
                0x00006158        0x8 ./startup/startup_mk64f12.o
                0x00006158                DMA14_IRQHandler
 .text.DMA15_IRQHandler
                0x00006160        0x8 ./startup/startup_mk64f12.o
                0x00006160                DMA15_IRQHandler
 .text.DMA_Error_IRQHandler
                0x00006168        0x8 ./startup/startup_mk64f12.o
                0x00006168                DMA_Error_IRQHandler
 .text.MCM_IRQHandler
                0x00006170        0x8 ./startup/startup_mk64f12.o
                0x00006170                MCM_IRQHandler
 .text.FTFE_IRQHandler
                0x00006178        0x8 ./startup/startup_mk64f12.o
                0x00006178                FTFE_IRQHandler
 .text.Read_Collision_IRQHandler
                0x00006180        0x8 ./startup/startup_mk64f12.o
                0x00006180                Read_Collision_IRQHandler
 .text.LVD_LVW_IRQHandler
                0x00006188        0x8 ./startup/startup_mk64f12.o
                0x00006188                LVD_LVW_IRQHandler
 .text.LLWU_IRQHandler
                0x00006190        0x8 ./startup/startup_mk64f12.o
                0x00006190                LLWU_IRQHandler
 .text.WDOG_EWM_IRQHandler
                0x00006198        0x8 ./startup/startup_mk64f12.o
                0x00006198                WDOG_EWM_IRQHandler
 .text.RNG_IRQHandler
                0x000061a0        0x8 ./startup/startup_mk64f12.o
                0x000061a0                RNG_IRQHandler
 .text.I2C0_IRQHandler
                0x000061a8        0x8 ./startup/startup_mk64f12.o
                0x000061a8                I2C0_IRQHandler
 .text.I2C1_IRQHandler
                0x000061b0        0x8 ./startup/startup_mk64f12.o
                0x000061b0                I2C1_IRQHandler
 .text.SPI0_IRQHandler
                0x000061b8        0x8 ./startup/startup_mk64f12.o
                0x000061b8                SPI0_IRQHandler
 .text.SPI1_IRQHandler
                0x000061c0        0x8 ./startup/startup_mk64f12.o
                0x000061c0                SPI1_IRQHandler
 .text.I2S0_Tx_IRQHandler
                0x000061c8        0x8 ./startup/startup_mk64f12.o
                0x000061c8                I2S0_Tx_IRQHandler
 .text.I2S0_Rx_IRQHandler
                0x000061d0        0x8 ./startup/startup_mk64f12.o
                0x000061d0                I2S0_Rx_IRQHandler
 .text.UART0_LON_IRQHandler
                0x000061d8        0x8 ./startup/startup_mk64f12.o
                0x000061d8                UART0_LON_IRQHandler
 .text.UART0_RX_TX_IRQHandler
                0x000061e0        0x8 ./startup/startup_mk64f12.o
                0x000061e0                UART0_RX_TX_IRQHandler
 .text.UART0_ERR_IRQHandler
                0x000061e8        0x8 ./startup/startup_mk64f12.o
                0x000061e8                UART0_ERR_IRQHandler
 .text.UART1_RX_TX_IRQHandler
                0x000061f0        0x8 ./startup/startup_mk64f12.o
                0x000061f0                UART1_RX_TX_IRQHandler
 .text.UART1_ERR_IRQHandler
                0x000061f8        0x8 ./startup/startup_mk64f12.o
                0x000061f8                UART1_ERR_IRQHandler
 .text.UART2_RX_TX_IRQHandler
                0x00006200        0x8 ./startup/startup_mk64f12.o
                0x00006200                UART2_RX_TX_IRQHandler
 .text.UART2_ERR_IRQHandler
                0x00006208        0x8 ./startup/startup_mk64f12.o
                0x00006208                UART2_ERR_IRQHandler
 .text.UART3_RX_TX_IRQHandler
                0x00006210        0x8 ./startup/startup_mk64f12.o
                0x00006210                UART3_RX_TX_IRQHandler
 .text.UART3_ERR_IRQHandler
                0x00006218        0x8 ./startup/startup_mk64f12.o
                0x00006218                UART3_ERR_IRQHandler
 .text.ADC0_IRQHandler
                0x00006220        0x8 ./startup/startup_mk64f12.o
                0x00006220                ADC0_IRQHandler
 .text.CMP0_IRQHandler
                0x00006228        0x8 ./startup/startup_mk64f12.o
                0x00006228                CMP0_IRQHandler
 .text.CMP1_IRQHandler
                0x00006230        0x8 ./startup/startup_mk64f12.o
                0x00006230                CMP1_IRQHandler
 .text.FTM0_IRQHandler
                0x00006238        0x8 ./startup/startup_mk64f12.o
                0x00006238                FTM0_IRQHandler
 .text.FTM1_IRQHandler
                0x00006240        0x8 ./startup/startup_mk64f12.o
                0x00006240                FTM1_IRQHandler
 .text.FTM2_IRQHandler
                0x00006248        0x8 ./startup/startup_mk64f12.o
                0x00006248                FTM2_IRQHandler
 .text.CMT_IRQHandler
                0x00006250        0x8 ./startup/startup_mk64f12.o
                0x00006250                CMT_IRQHandler
 .text.RTC_IRQHandler
                0x00006258        0x8 ./startup/startup_mk64f12.o
                0x00006258                RTC_IRQHandler
 .text.RTC_Seconds_IRQHandler
                0x00006260        0x8 ./startup/startup_mk64f12.o
                0x00006260                RTC_Seconds_IRQHandler
 .text.PIT0_IRQHandler
                0x00006268        0x8 ./startup/startup_mk64f12.o
                0x00006268                PIT0_IRQHandler
 .text.PIT1_IRQHandler
                0x00006270        0x8 ./startup/startup_mk64f12.o
                0x00006270                PIT1_IRQHandler
 .text.PIT2_IRQHandler
                0x00006278        0x8 ./startup/startup_mk64f12.o
                0x00006278                PIT2_IRQHandler
 .text.PIT3_IRQHandler
                0x00006280        0x8 ./startup/startup_mk64f12.o
                0x00006280                PIT3_IRQHandler
 .text.PDB0_IRQHandler
                0x00006288        0x8 ./startup/startup_mk64f12.o
                0x00006288                PDB0_IRQHandler
 .text.USB0_IRQHandler
                0x00006290        0x8 ./startup/startup_mk64f12.o
                0x00006290                USB0_IRQHandler
 .text.USBDCD_IRQHandler
                0x00006298        0x8 ./startup/startup_mk64f12.o
                0x00006298                USBDCD_IRQHandler
 .text.Reserved71_IRQHandler
                0x000062a0        0x8 ./startup/startup_mk64f12.o
                0x000062a0                Reserved71_IRQHandler
 .text.DAC0_IRQHandler
                0x000062a8        0x8 ./startup/startup_mk64f12.o
                0x000062a8                DAC0_IRQHandler
 .text.MCG_IRQHandler
                0x000062b0        0x8 ./startup/startup_mk64f12.o
                0x000062b0                MCG_IRQHandler
 .text.LPTMR0_IRQHandler
                0x000062b8        0x8 ./startup/startup_mk64f12.o
                0x000062b8                LPTMR0_IRQHandler
 .text.PORTA_IRQHandler
                0x000062c0        0x8 ./startup/startup_mk64f12.o
                0x000062c0                PORTA_IRQHandler
 .text.PORTB_IRQHandler
                0x000062c8        0x8 ./startup/startup_mk64f12.o
                0x000062c8                PORTB_IRQHandler
 .text.PORTC_IRQHandler
                0x000062d0        0x8 ./startup/startup_mk64f12.o
                0x000062d0                PORTC_IRQHandler
 .text.PORTD_IRQHandler
                0x000062d8        0x8 ./startup/startup_mk64f12.o
                0x000062d8                PORTD_IRQHandler
 .text.PORTE_IRQHandler
                0x000062e0        0x8 ./startup/startup_mk64f12.o
                0x000062e0                PORTE_IRQHandler
 .text.SWI_IRQHandler
                0x000062e8        0x8 ./startup/startup_mk64f12.o
                0x000062e8                SWI_IRQHandler
 .text.SPI2_IRQHandler
                0x000062f0        0x8 ./startup/startup_mk64f12.o
                0x000062f0                SPI2_IRQHandler
 .text.UART4_RX_TX_IRQHandler
                0x000062f8        0x8 ./startup/startup_mk64f12.o
                0x000062f8                UART4_RX_TX_IRQHandler
 .text.UART4_ERR_IRQHandler
                0x00006300        0x8 ./startup/startup_mk64f12.o
                0x00006300                UART4_ERR_IRQHandler
 .text.UART5_RX_TX_IRQHandler
                0x00006308        0x8 ./startup/startup_mk64f12.o
                0x00006308                UART5_RX_TX_IRQHandler
 .text.UART5_ERR_IRQHandler
                0x00006310        0x8 ./startup/startup_mk64f12.o
                0x00006310                UART5_ERR_IRQHandler
 .text.CMP2_IRQHandler
                0x00006318        0x8 ./startup/startup_mk64f12.o
                0x00006318                CMP2_IRQHandler
 .text.FTM3_IRQHandler
                0x00006320        0x8 ./startup/startup_mk64f12.o
                0x00006320                FTM3_IRQHandler
 .text.DAC1_IRQHandler
                0x00006328        0x8 ./startup/startup_mk64f12.o
                0x00006328                DAC1_IRQHandler
 .text.ADC1_IRQHandler
                0x00006330        0x8 ./startup/startup_mk64f12.o
                0x00006330                ADC1_IRQHandler
 .text.I2C2_IRQHandler
                0x00006338        0x8 ./startup/startup_mk64f12.o
                0x00006338                I2C2_IRQHandler
 .text.CAN0_ORed_Message_buffer_IRQHandler
                0x00006340        0x8 ./startup/startup_mk64f12.o
                0x00006340                CAN0_ORed_Message_buffer_IRQHandler
 .text.CAN0_Bus_Off_IRQHandler
                0x00006348        0x8 ./startup/startup_mk64f12.o
                0x00006348                CAN0_Bus_Off_IRQHandler
 .text.CAN0_Error_IRQHandler
                0x00006350        0x8 ./startup/startup_mk64f12.o
                0x00006350                CAN0_Error_IRQHandler
 .text.CAN0_Tx_Warning_IRQHandler
                0x00006358        0x8 ./startup/startup_mk64f12.o
                0x00006358                CAN0_Tx_Warning_IRQHandler
 .text.CAN0_Rx_Warning_IRQHandler
                0x00006360        0x8 ./startup/startup_mk64f12.o
                0x00006360                CAN0_Rx_Warning_IRQHandler
 .text.CAN0_Wake_Up_IRQHandler
                0x00006368        0x8 ./startup/startup_mk64f12.o
                0x00006368                CAN0_Wake_Up_IRQHandler
 .text.SDHC_IRQHandler
                0x00006370        0x8 ./startup/startup_mk64f12.o
                0x00006370                SDHC_IRQHandler
 .text.ENET_1588_Timer_IRQHandler
                0x00006378        0x8 ./startup/startup_mk64f12.o
                0x00006378                ENET_1588_Timer_IRQHandler
 .text.ENET_Transmit_IRQHandler
                0x00006380        0x8 ./startup/startup_mk64f12.o
                0x00006380                ENET_Transmit_IRQHandler
 .text.ENET_Receive_IRQHandler
                0x00006388        0x8 ./startup/startup_mk64f12.o
                0x00006388                ENET_Receive_IRQHandler
 .text.ENET_Error_IRQHandler
                0x00006390        0x8 ./startup/startup_mk64f12.o
                0x00006390                ENET_Error_IRQHandler
 .text.lin1d3_masterSendMessage
                0x00006398       0x2c ./source/lin1d3_driver.o
                0x00006398                lin1d3_masterSendMessage
 .text.HardFault_Handler
                0x000063c4       0x2c ./source/semihost_hardfault.o
                0x000063c4                HardFault_Handler
 .text.UART_EnableTx
                0x000063f0       0x40 ./drivers/freertos/fsl_uart_freertos.o
 .text.UART_EnableRx
                0x00006430       0x40 ./drivers/freertos/fsl_uart_freertos.o
 .text.UART_RTOS_Send
                0x00006470       0xaa ./drivers/freertos/fsl_uart_freertos.o
                0x00006470                UART_RTOS_Send
 .text.UART_RTOS_Receive
                0x0000651a      0x13a ./drivers/freertos/fsl_uart_freertos.o
                0x0000651a                UART_RTOS_Receive
 .text.OSC_SetExtRefClkConfig
                0x00006654       0x34 ./drivers/fsl_clock.o
 .text.OSC_SetCapLoad
                0x00006688       0x34 ./drivers/fsl_clock.o
 .text.CLOCK_GetPll0RefFreq
                0x000066bc        0xe ./drivers/fsl_clock.o
 .text.CLOCK_GetFixedFreqClkFreq
                0x000066ca       0x2e ./drivers/fsl_clock.o
                0x000066ca                CLOCK_GetFixedFreqClkFreq
 .text.CLOCK_EnableClock
                0x000066f8       0x34 ./drivers/fsl_uart.o
 .text.EnableIRQ
                0x0000672c       0x2c ./drivers/fsl_uart.o
 .text.UART_GetStatusFlags
                0x00006758       0x46 ./drivers/fsl_uart.o
                0x00006758                UART_GetStatusFlags
 .text.UART_ClearStatusFlags
                0x0000679e       0x8c ./drivers/fsl_uart.o
                0x0000679e                UART_ClearStatusFlags
 .text.UART0_RX_TX_DriverIRQHandler
                0x0000682a       0x10 ./drivers/fsl_uart.o
                0x0000682a                UART0_RX_TX_DriverIRQHandler
 .text.UART1_RX_TX_DriverIRQHandler
                0x0000683a       0x10 ./drivers/fsl_uart.o
                0x0000683a                UART1_RX_TX_DriverIRQHandler
 .text.UART2_RX_TX_DriverIRQHandler
                0x0000684a       0x10 ./drivers/fsl_uart.o
                0x0000684a                UART2_RX_TX_DriverIRQHandler
 .text.UART3_RX_TX_DriverIRQHandler
                0x0000685a       0x10 ./drivers/fsl_uart.o
                0x0000685a                UART3_RX_TX_DriverIRQHandler
 .text.UART4_RX_TX_DriverIRQHandler
                0x0000686a       0x10 ./drivers/fsl_uart.o
                0x0000686a                UART4_RX_TX_DriverIRQHandler
 .text.UART5_RX_TX_DriverIRQHandler
                0x0000687a       0x10 ./drivers/fsl_uart.o
                0x0000687a                UART5_RX_TX_DriverIRQHandler
 .text.CLOCK_EnableClock
                0x0000688a       0x34 ./board/pin_mux.o
 .text.PORT_SetPinMux
                0x000068be       0x3a ./board/pin_mux.o
 .text.xEventGroupCreate
                0x000068f8       0x2e ./amazon-freertos/FreeRTOS/event_groups.o
                0x000068f8                xEventGroupCreate
 .text.xEventGroupClearBits
                0x00006926       0x6c ./amazon-freertos/FreeRTOS/event_groups.o
                0x00006926                xEventGroupClearBits
 .text.xEventGroupSetBits
                0x00006992      0x112 ./amazon-freertos/FreeRTOS/event_groups.o
                0x00006992                xEventGroupSetBits
 .text.vEventGroupDelete
                0x00006aa4       0x60 ./amazon-freertos/FreeRTOS/event_groups.o
                0x00006aa4                vEventGroupDelete
 .text.vEventGroupSetBitsCallback
                0x00006b04       0x1a ./amazon-freertos/FreeRTOS/event_groups.o
                0x00006b04                vEventGroupSetBitsCallback
 .text.prvTestWaitCondition
                0x00006b1e       0x44 ./amazon-freertos/FreeRTOS/event_groups.o
 .text.vListInitialise
                0x00006b62       0x40 ./amazon-freertos/FreeRTOS/list.o
                0x00006b62                vListInitialise
 .text.vListInitialiseItem
                0x00006ba2       0x1a ./amazon-freertos/FreeRTOS/list.o
                0x00006ba2                vListInitialiseItem
 .text.vListInsertEnd
                0x00006bbc       0x48 ./amazon-freertos/FreeRTOS/list.o
                0x00006bbc                vListInsertEnd
 .text.vListInsert
                0x00006c04       0x72 ./amazon-freertos/FreeRTOS/list.o
                0x00006c04                vListInsert
 .text.uxListRemove
                0x00006c76       0x54 ./amazon-freertos/FreeRTOS/list.o
                0x00006c76                uxListRemove
 .text.xQueueGenericCreate
                0x00006cca       0x72 ./amazon-freertos/FreeRTOS/queue.o
                0x00006cca                xQueueGenericCreate
 .text.prvInitialiseNewQueue
                0x00006d3c       0x46 ./amazon-freertos/FreeRTOS/queue.o
 .text.prvInitialiseMutex
                0x00006d82       0x34 ./amazon-freertos/FreeRTOS/queue.o
 .text.xQueueCreateMutex
                0x00006db6       0x30 ./amazon-freertos/FreeRTOS/queue.o
                0x00006db6                xQueueCreateMutex
 .text.xQueueGenericSendFromISR
                0x00006de6      0x128 ./amazon-freertos/FreeRTOS/queue.o
                0x00006de6                xQueueGenericSendFromISR
 .text.vQueueDelete
                0x00006f0e       0x3a ./amazon-freertos/FreeRTOS/queue.o
                0x00006f0e                vQueueDelete
 .text.prvGetDisinheritPriorityAfterTimeout
                0x00006f48       0x30 ./amazon-freertos/FreeRTOS/queue.o
 .text.prvCopyDataToQueue
                0x00006f78       0xd4 ./amazon-freertos/FreeRTOS/queue.o
 .text.prvCopyDataFromQueue
                0x0000704c       0x4c ./amazon-freertos/FreeRTOS/queue.o
 .text.prvUnlockQueue
                0x00007098       0xa4 ./amazon-freertos/FreeRTOS/queue.o
 .text.prvIsQueueEmpty
                0x0000713c       0x2c ./amazon-freertos/FreeRTOS/queue.o
 .text.prvIsQueueFull
                0x00007168       0x30 ./amazon-freertos/FreeRTOS/queue.o
 .text.vQueueWaitForMessageRestricted
                0x00007198       0x68 ./amazon-freertos/FreeRTOS/queue.o
                0x00007198                vQueueWaitForMessageRestricted
 .text.xTaskCreate
                0x00007200       0x82 ./amazon-freertos/FreeRTOS/tasks.o
                0x00007200                xTaskCreate
 .text.prvInitialiseNewTask
                0x00007282      0x132 ./amazon-freertos/FreeRTOS/tasks.o
 .text.prvDeleteTCB
                0x000073b4       0x20 ./amazon-freertos/FreeRTOS/tasks.o
 .text.prvTimerTask
                0x000073d4       0x24 ./amazon-freertos/FreeRTOS/timers.o
 .text.SystemInitHook
                0x000073f8        0xe ./CMSIS/system_MK64F12.o
                0x000073f8                SystemInitHook
 .text.__main   0x00007406        0xe c:/nxp/mcuxpressoide_10.2.0_759/ide/tools/bin/../lib/gcc/arm-none-eabi/7.2.1/../../../../arm-none-eabi/lib/thumb/v7e-m/fpv4-sp/hard\libcr_semihost_nf.a(_cr__main.o)
                0x00007406                __CR_SEMIHOST
                0x00007406                __main
 .text.memcpy   0x00007414        0x4 c:/nxp/mcuxpressoide_10.2.0_759/ide/tools/bin/../lib/gcc/arm-none-eabi/7.2.1/../../../../arm-none-eabi/lib/thumb/v7e-m/fpv4-sp/hard\libcr_c.a(memcpy.o)
                0x00007414                memcpy
 .text.memset   0x00007418        0x4 c:/nxp/mcuxpressoide_10.2.0_759/ide/tools/bin/../lib/gcc/arm-none-eabi/7.2.1/../../../../arm-none-eabi/lib/thumb/v7e-m/fpv4-sp/hard\libcr_c.a(memset.o)
                0x00007418                memset
 .text._deferredlazyseek
                0x0000741c       0x40 c:/nxp/mcuxpressoide_10.2.0_759/ide/tools/bin/../lib/gcc/arm-none-eabi/7.2.1/../../../../arm-none-eabi/lib/thumb/v7e-m/fpv4-sp/hard\libcr_c.a(_deferredlazyseek.o)
                0x0000741c                _deferredlazyseek
 .text.__flsbuf
                0x0000745c      0x140 c:/nxp/mcuxpressoide_10.2.0_759/ide/tools/bin/../lib/gcc/arm-none-eabi/7.2.1/../../../../arm-none-eabi/lib/thumb/v7e-m/fpv4-sp/hard\libcr_c.a(_deferredlazyseek.o)
                0x0000745c                __flsbuf
 .text._fflush  0x0000759c       0x52 c:/nxp/mcuxpressoide_10.2.0_759/ide/tools/bin/../lib/gcc/arm-none-eabi/7.2.1/../../../../arm-none-eabi/lib/thumb/v7e-m/fpv4-sp/hard\libcr_c.a(_fflush.o)
                0x0000759c                _fflush
 .text.free     0x000075ee       0x30 c:/nxp/mcuxpressoide_10.2.0_759/ide/tools/bin/../lib/gcc/arm-none-eabi/7.2.1/../../../../arm-none-eabi/lib/thumb/v7e-m/fpv4-sp/hard\libcr_c.a(alloc.o)
                0x000075ee                free
 .text.fputs    0x0000761e       0x2c c:/nxp/mcuxpressoide_10.2.0_759/ide/tools/bin/../lib/gcc/arm-none-eabi/7.2.1/../../../../arm-none-eabi/lib/thumb/v7e-m/fpv4-sp/hard\libcr_c.a(fputs.o)
                0x0000761e                fputs
 .text.no_fp_display
                0x0000764a        0x4 c:/nxp/mcuxpressoide_10.2.0_759/ide/tools/bin/../lib/gcc/arm-none-eabi/7.2.1/../../../../arm-none-eabi/lib/thumb/v7e-m/fpv4-sp/hard\libcr_c.a(printf.o)
 .text.strlen   0x0000764e       0x4a c:/nxp/mcuxpressoide_10.2.0_759/ide/tools/bin/../lib/gcc/arm-none-eabi/7.2.1/../../../../arm-none-eabi/lib/thumb/v7e-m/fpv4-sp/hard\libcr_c.a(strlen.o)
                0x0000764e                strlen
 .text._fdopen  0x00007698       0x68 c:/nxp/mcuxpressoide_10.2.0_759/ide/tools/bin/../lib/gcc/arm-none-eabi/7.2.1/../../../../arm-none-eabi/lib/thumb/v7e-m/fpv4-sp/hard\libcr_c.a(_fdopen.o)
                0x00007698                _fdopen
 .text.fclose   0x00007700       0x58 c:/nxp/mcuxpressoide_10.2.0_759/ide/tools/bin/../lib/gcc/arm-none-eabi/7.2.1/../../../../arm-none-eabi/lib/thumb/v7e-m/fpv4-sp/hard\libcr_c.a(fclose.o)
                0x00007700                fclose
 .text.remove   0x00007758       0x14 c:/nxp/mcuxpressoide_10.2.0_759/ide/tools/bin/../lib/gcc/arm-none-eabi/7.2.1/../../../../arm-none-eabi/lib/thumb/v7e-m/fpv4-sp/hard\libcr_c.a(remove.o)
                0x00007758                remove
 .text._do_fflush
                0x0000776c       0x40 c:/nxp/mcuxpressoide_10.2.0_759/ide/tools/bin/../lib/gcc/arm-none-eabi/7.2.1/../../../../arm-none-eabi/lib/thumb/v7e-m/fpv4-sp/hard\libcr_c.a(_do_fflush.o)
                0x0000776c                _do_fflush
 .text.__aeabi_memcpy
                0x000077ac       0x34 c:/nxp/mcuxpressoide_10.2.0_759/ide/tools/bin/../lib/gcc/arm-none-eabi/7.2.1/thumb/v7e-m/fpv4-sp/hard\libcr_eabihelpers.a(memcpy.o)
                0x000077ac                __aeabi_memcpy
                0x000077b6                __aeabi_memcpy8
                0x000077b6                __aeabi_memcpy4
 .text.__aeabi_memset_lowlevel
                0x000077e0       0x32 c:/nxp/mcuxpressoide_10.2.0_759/ide/tools/bin/../lib/gcc/arm-none-eabi/7.2.1/thumb/v7e-m/fpv4-sp/hard\libcr_eabihelpers.a(memcpy.o)
                0x000077e0                __aeabi_lowlevel_memset
 .text.__sys_close
                0x00007812        0xc c:/nxp/mcuxpressoide_10.2.0_759/ide/tools/bin/../lib/gcc/arm-none-eabi/7.2.1/../../../../arm-none-eabi/lib/thumb/v7e-m/fpv4-sp/hard\libcr_semihost_nf.a(__sys_close.o)
                0x00007812                __sys_close
 .text.__sys_flen
                0x0000781e        0xc c:/nxp/mcuxpressoide_10.2.0_759/ide/tools/bin/../lib/gcc/arm-none-eabi/7.2.1/../../../../arm-none-eabi/lib/thumb/v7e-m/fpv4-sp/hard\libcr_semihost_nf.a(__sys_flen.o)
                0x0000781e                __sys_flen
 .text.__sys_istty
                0x0000782a        0xc c:/nxp/mcuxpressoide_10.2.0_759/ide/tools/bin/../lib/gcc/arm-none-eabi/7.2.1/../../../../arm-none-eabi/lib/thumb/v7e-m/fpv4-sp/hard\libcr_semihost_nf.a(__sys_istty.o)
                0x0000782a                __sys_istty
 .text.__sys_remove
                0x00007836        0xc c:/nxp/mcuxpressoide_10.2.0_759/ide/tools/bin/../lib/gcc/arm-none-eabi/7.2.1/../../../../arm-none-eabi/lib/thumb/v7e-m/fpv4-sp/hard\libcr_semihost_nf.a(__sys_remove.o)
                0x00007836                __sys_remove
 .text.__sys_seek
                0x00007842        0xc c:/nxp/mcuxpressoide_10.2.0_759/ide/tools/bin/../lib/gcc/arm-none-eabi/7.2.1/../../../../arm-none-eabi/lib/thumb/v7e-m/fpv4-sp/hard\libcr_semihost_nf.a(__sys_seek.o)
                0x00007842                __sys_seek
 .text.__sys_tmpnam
                0x0000784e        0xc c:/nxp/mcuxpressoide_10.2.0_759/ide/tools/bin/../lib/gcc/arm-none-eabi/7.2.1/../../../../arm-none-eabi/lib/thumb/v7e-m/fpv4-sp/hard\libcr_semihost_nf.a(__sys_tmpnam.o)
                0x0000784e                __sys_tmpnam
 .text.__sys_write
                0x0000785a        0xc c:/nxp/mcuxpressoide_10.2.0_759/ide/tools/bin/../lib/gcc/arm-none-eabi/7.2.1/../../../../arm-none-eabi/lib/thumb/v7e-m/fpv4-sp/hard\libcr_semihost_nf.a(__sys_write.o)
                0x0000785a                __sys_write
 *(SORT_BY_ALIGNMENT(.rodata) SORT_BY_ALIGNMENT(.rodata.*) SORT_BY_ALIGNMENT(.constdata) SORT_BY_ALIGNMENT(.constdata.*))
 *fill*         0x00007866        0x2 ff
 .rodata        0x00007868       0x16 ./source/lin1d3_driver.o
 *fill*         0x0000787e        0x2 ff
 .rodata        0x00007880      0x13e ./source/lin_driver_test_main.o
 *fill*         0x000079be        0x2 ff
 .rodata        0x000079c0      0x149 ./drivers/fsl_clock.o
 *fill*         0x00007b09        0x3 ff
 .rodata.fllFactorTable.7747
                0x00007b0c       0x10 ./drivers/fsl_clock.o
 .rodata.s_uartBases
                0x00007b1c       0x18 ./drivers/fsl_uart.o
 .rodata.s_uartIRQ
                0x00007b34        0x6 ./drivers/fsl_uart.o
 *fill*         0x00007b3a        0x2 ff
 .rodata.s_uartClock
                0x00007b3c       0x18 ./drivers/fsl_uart.o
 .rodata        0x00007b54      0x513 ./drivers/fsl_uart.o
 *fill*         0x00008067        0x1 ff
 .rodata.mcgConfig_BOARD_BootClockRUN
                0x00008068        0xb ./board/src/clock_config.o
                0x00008068                mcgConfig_BOARD_BootClockRUN
 *fill*         0x00008073        0x1 ff
 .rodata.simConfig_BOARD_BootClockRUN
                0x00008074        0x8 ./board/src/clock_config.o
                0x00008074                simConfig_BOARD_BootClockRUN
 .rodata.oscConfig_BOARD_BootClockRUN
                0x0000807c        0x8 ./board/src/clock_config.o
                0x0000807c                oscConfig_BOARD_BootClockRUN
 .rodata        0x00008084       0x18 ./amazon-freertos/FreeRTOS/tasks.o
                0x0000808c                FreeRTOSDebugConfig
 .rodata        0x0000809c        0xd ./amazon-freertos/FreeRTOS/timers.o
 *fill*         0x000080a9        0x3 ff
 .rodata.__num_Ciob_streams
                0x000080ac        0x4 c:/nxp/mcuxpressoide_10.2.0_759/ide/tools/bin/../lib/gcc/arm-none-eabi/7.2.1/../../../../arm-none-eabi/lib/thumb/v7e-m/fpv4-sp/hard\libcr_semihost_nf.a(__ciob.o)
                0x000080ac                __num_Ciob_streams
 .rodata.__assertion_failed.str1.1
                0x000080b0       0x15 c:/nxp/mcuxpressoide_10.2.0_759/ide/tools/bin/../lib/gcc/arm-none-eabi/7.2.1/../../../../arm-none-eabi/lib/thumb/v7e-m/fpv4-sp/hard\libcr_semihost_nf.a(_cr_assert.o)
 .rodata._Csys_alloc.str1.1
                0x000080c5       0x18 c:/nxp/mcuxpressoide_10.2.0_759/ide/tools/bin/../lib/gcc/arm-none-eabi/7.2.1/../../../../arm-none-eabi/lib/thumb/v7e-m/fpv4-sp/hard\libcr_c.a(alloc.o)
 .rodata._initio.str1.1
                0x000080dd        0x4 c:/nxp/mcuxpressoide_10.2.0_759/ide/tools/bin/../lib/gcc/arm-none-eabi/7.2.1/../../../../arm-none-eabi/lib/thumb/v7e-m/fpv4-sp/hard\libcr_c.a(initio.o)
 .rodata.__vfprintf.str1.1
                0x000080e1       0x35 c:/nxp/mcuxpressoide_10.2.0_759/ide/tools/bin/../lib/gcc/arm-none-eabi/7.2.1/../../../../arm-none-eabi/lib/thumb/v7e-m/fpv4-sp/hard\libcr_c.a(printf.o)
                                 0x38 (size before relaxing)
                0x00008118                . = ALIGN (0x8)
 *fill*         0x00008116        0x2 ff

.glue_7         0x00008118        0x0
 .glue_7        0x00008118        0x0 linker stubs

.glue_7t        0x00008118        0x0
 .glue_7t       0x00008118        0x0 linker stubs

.vfp11_veneer   0x00008118        0x0
 .vfp11_veneer  0x00008118        0x0 linker stubs

.v4_bx          0x00008118        0x0
 .v4_bx         0x00008118        0x0 linker stubs

.iplt           0x00008118        0x0
 .iplt          0x00008118        0x0 ./startup/startup_mk64f12.o

.rel.dyn        0x00008118        0x0
 .rel.iplt      0x00008118        0x0 ./startup/startup_mk64f12.o

.ARM.extab
 *(SORT_BY_ALIGNMENT(.ARM.extab*) SORT_BY_ALIGNMENT(.gnu.linkonce.armextab.*))
                0x00008118                __exidx_start = .

.ARM.exidx
 *(SORT_BY_ALIGNMENT(.ARM.exidx*) SORT_BY_ALIGNMENT(.gnu.linkonce.armexidx.*))
                0x00008118                __exidx_end = .
                0x00008118                _etext = .

.m_usb_data
 *(SORT_BY_ALIGNMENT(m_usb_bdt))

.data_RAM2      0x1fff0000        0x0 load address 0x00008118
 FILL mask 0xff
                [!provide]                PROVIDE (__start_data_RAM2, .)
 *(SORT_BY_ALIGNMENT(.ramfunc.$RAM2))
 *(SORT_BY_ALIGNMENT(.ramfunc.$SRAM_LOWER))
 *(SORT_BY_ALIGNMENT(.data.$RAM2*))
 *(SORT_BY_ALIGNMENT(.data.$SRAM_LOWER*))
                0x1fff0000                . = ALIGN (0x8)
                [!provide]                PROVIDE (__end_data_RAM2, .)

.data_RAM3      0x14000000        0x0 load address 0x00008118
 FILL mask 0xff
                [!provide]                PROVIDE (__start_data_RAM3, .)
 *(SORT_BY_ALIGNMENT(.ramfunc.$RAM3))
 *(SORT_BY_ALIGNMENT(.ramfunc.$FLEX_RAM))
 *(SORT_BY_ALIGNMENT(.data.$RAM3*))
 *(SORT_BY_ALIGNMENT(.data.$FLEX_RAM*))
                0x14000000                . = ALIGN (0x8)
                [!provide]                PROVIDE (__end_data_RAM3, .)

.uninit_RESERVED
                0x20000000        0x0
 *(SORT_BY_ALIGNMENT(.bss.$RESERVED*))
                0x20000000                . = ALIGN (0x4)
                0x20000000                _end_uninit_RESERVED = .

.data           0x20000000       0x10 load address 0x00008118
 FILL mask 0xff
                0x20000000                _data = .
 *(SORT_BY_ALIGNMENT(vtable))
 *(SORT_BY_ALIGNMENT(.ramfunc*))
 *(SORT_BY_ALIGNMENT(.data*))
 .data.s_slowIrcFreq
                0x20000000        0x4 ./drivers/fsl_clock.o
 .data.s_fastIrcFreq
                0x20000004        0x4 ./drivers/fsl_clock.o
 .data.uxCriticalNesting
                0x20000008        0x4 ./amazon-freertos/FreeRTOS/portable/port.o
 .data.SystemCoreClock
                0x2000000c        0x4 ./CMSIS/system_MK64F12.o
                0x2000000c                SystemCoreClock
                0x20000010                . = ALIGN (0x8)
                0x20000010                _edata = .

.igot.plt       0x20000010        0x0 load address 0x00008128
 .igot.plt      0x20000010        0x0 ./startup/startup_mk64f12.o

.bss_RAM2       0x1fff0000        0x0
                [!provide]                PROVIDE (__start_bss_RAM2, .)
 *(SORT_BY_ALIGNMENT(.bss.$RAM2*))
 *(SORT_BY_ALIGNMENT(.bss.$SRAM_LOWER*))
                0x1fff0000                . = ALIGN ((. != 0x0)?0x8:0x1)
                [!provide]                PROVIDE (__end_bss_RAM2, .)

.bss_RAM3       0x14000000        0x0
                [!provide]                PROVIDE (__start_bss_RAM3, .)
 *(SORT_BY_ALIGNMENT(.bss.$RAM3*))
 *(SORT_BY_ALIGNMENT(.bss.$FLEX_RAM*))
                0x14000000                . = ALIGN ((. != 0x0)?0x8:0x1)
                [!provide]                PROVIDE (__end_bss_RAM3, .)

.bss            0x20000010     0x2a88
                0x20000010                _bss = .
 *(SORT_BY_ALIGNMENT(.bss*))
 .bss.g_xtal0Freq
                0x20000010        0x4 ./drivers/fsl_clock.o
                0x20000010                g_xtal0Freq
 .bss.g_xtal32Freq
                0x20000014        0x4 ./drivers/fsl_clock.o
                0x20000014                g_xtal32Freq
 .bss.s_uartHandle
                0x20000018       0x18 ./drivers/fsl_uart.o
 .bss.s_uartIsr
                0x20000030        0x4 ./drivers/fsl_uart.o
 .bss.ucHeap    0x20000034     0x2800 ./amazon-freertos/FreeRTOS/portable/heap_4.o
 .bss.xStart    0x20002834        0x8 ./amazon-freertos/FreeRTOS/portable/heap_4.o
 .bss.pxEnd     0x2000283c        0x4 ./amazon-freertos/FreeRTOS/portable/heap_4.o
 .bss.xFreeBytesRemaining
                0x20002840        0x4 ./amazon-freertos/FreeRTOS/portable/heap_4.o
 .bss.xMinimumEverFreeBytesRemaining
                0x20002844        0x4 ./amazon-freertos/FreeRTOS/portable/heap_4.o
 .bss.xBlockAllocatedBit
                0x20002848        0x4 ./amazon-freertos/FreeRTOS/portable/heap_4.o
 .bss.ulMaxPRIGROUPValue
                0x2000284c        0x4 ./amazon-freertos/FreeRTOS/portable/port.o
 .bss.xQueueRegistry
                0x20002850       0x40 ./amazon-freertos/FreeRTOS/queue.o
                0x20002850                xQueueRegistry
 .bss.pxCurrentTCB
                0x20002890        0x4 ./amazon-freertos/FreeRTOS/tasks.o
                0x20002890                pxCurrentTCB
 .bss.pxReadyTasksLists
                0x20002894       0x64 ./amazon-freertos/FreeRTOS/tasks.o
 .bss.xDelayedTaskList1
                0x200028f8       0x14 ./amazon-freertos/FreeRTOS/tasks.o
 .bss.xDelayedTaskList2
                0x2000290c       0x14 ./amazon-freertos/FreeRTOS/tasks.o
 .bss.pxDelayedTaskList
                0x20002920        0x4 ./amazon-freertos/FreeRTOS/tasks.o
 .bss.pxOverflowDelayedTaskList
                0x20002924        0x4 ./amazon-freertos/FreeRTOS/tasks.o
 .bss.xPendingReadyList
                0x20002928       0x14 ./amazon-freertos/FreeRTOS/tasks.o
 .bss.xTasksWaitingTermination
                0x2000293c       0x14 ./amazon-freertos/FreeRTOS/tasks.o
 .bss.uxDeletedTasksWaitingCleanUp
                0x20002950        0x4 ./amazon-freertos/FreeRTOS/tasks.o
 .bss.xSuspendedTaskList
                0x20002954       0x14 ./amazon-freertos/FreeRTOS/tasks.o
 .bss.uxCurrentNumberOfTasks
                0x20002968        0x4 ./amazon-freertos/FreeRTOS/tasks.o
 .bss.xTickCount
                0x2000296c        0x4 ./amazon-freertos/FreeRTOS/tasks.o
 .bss.uxTopReadyPriority
                0x20002970        0x4 ./amazon-freertos/FreeRTOS/tasks.o
 .bss.xSchedulerRunning
                0x20002974        0x4 ./amazon-freertos/FreeRTOS/tasks.o
 .bss.uxPendedTicks
                0x20002978        0x4 ./amazon-freertos/FreeRTOS/tasks.o
 .bss.xYieldPending
                0x2000297c        0x4 ./amazon-freertos/FreeRTOS/tasks.o
 .bss.xNumOfOverflows
                0x20002980        0x4 ./amazon-freertos/FreeRTOS/tasks.o
 .bss.uxTaskNumber
                0x20002984        0x4 ./amazon-freertos/FreeRTOS/tasks.o
 .bss.xNextTaskUnblockTime
                0x20002988        0x4 ./amazon-freertos/FreeRTOS/tasks.o
 .bss.xIdleTaskHandle
                0x2000298c        0x4 ./amazon-freertos/FreeRTOS/tasks.o
 .bss.uxSchedulerSuspended
                0x20002990        0x4 ./amazon-freertos/FreeRTOS/tasks.o
 .bss.xActiveTimerList1
                0x20002994       0x14 ./amazon-freertos/FreeRTOS/timers.o
 .bss.xActiveTimerList2
                0x200029a8       0x14 ./amazon-freertos/FreeRTOS/timers.o
 .bss.pxCurrentTimerList
                0x200029bc        0x4 ./amazon-freertos/FreeRTOS/timers.o
 .bss.pxOverflowTimerList
                0x200029c0        0x4 ./amazon-freertos/FreeRTOS/timers.o
 .bss.xTimerQueue
                0x200029c4        0x4 ./amazon-freertos/FreeRTOS/timers.o
 .bss.xTimerTaskHandle
                0x200029c8        0x4 ./amazon-freertos/FreeRTOS/timers.o
 .bss.xLastTime.5851
                0x200029cc        0x4 ./amazon-freertos/FreeRTOS/timers.o
 .bss.__Ciob    0x200029d0       0xb4 c:/nxp/mcuxpressoide_10.2.0_759/ide/tools/bin/../lib/gcc/arm-none-eabi/7.2.1/../../../../arm-none-eabi/lib/thumb/v7e-m/fpv4-sp/hard\libcr_semihost_nf.a(__ciob.o)
                0x200029d0                __Ciob
 .bss.__end_of_heap
                0x20002a84        0x4 c:/nxp/mcuxpressoide_10.2.0_759/ide/tools/bin/../lib/gcc/arm-none-eabi/7.2.1/../../../../arm-none-eabi/lib/thumb/v7e-m/fpv4-sp/hard\libcr_c.a(__init_alloc.o)
                0x20002a84                __end_of_heap
 .bss.__heaps   0x20002a88        0x4 c:/nxp/mcuxpressoide_10.2.0_759/ide/tools/bin/../lib/gcc/arm-none-eabi/7.2.1/../../../../arm-none-eabi/lib/thumb/v7e-m/fpv4-sp/hard\libcr_c.a(__init_alloc.o)
                0x20002a88                __heaps
 .bss.errno     0x20002a8c        0x4 c:/nxp/mcuxpressoide_10.2.0_759/ide/tools/bin/../lib/gcc/arm-none-eabi/7.2.1/../../../../arm-none-eabi/lib/thumb/v7e-m/fpv4-sp/hard\libcr_c.a(errno.o)
                0x20002a8c                errno
 .bss.node_idx.8699
                0x20002a90        0x1 ./source/lin1d3_driver.o
 .bss.ucMaxSysCallPriority
                0x20002a91        0x1 ./amazon-freertos/FreeRTOS/portable/port.o
 *(SORT_BY_ALIGNMENT(COMMON))
                0x20002a98                . = ALIGN (0x8)
 *fill*         0x20002a92        0x6 
                0x20002a98                _ebss = .
                [!provide]                PROVIDE (end, .)

.noinit_RAM2    0x1fff0000        0x0
 *(SORT_BY_ALIGNMENT(.noinit.$RAM2*))
 *(SORT_BY_ALIGNMENT(.noinit.$SRAM_LOWER*))
                0x1fff0000                . = ALIGN (0x8)

.noinit_RAM3    0x14000000        0x0
 *(SORT_BY_ALIGNMENT(.noinit.$RAM3*))
 *(SORT_BY_ALIGNMENT(.noinit.$FLEX_RAM*))
                0x14000000                . = ALIGN (0x8)

.noinit         0x20002a98        0x0
                0x20002a98                _noinit = .
 *(SORT_BY_ALIGNMENT(.noinit*))
                0x20002a98                . = ALIGN (0x8)
                0x20002a98                _end_noinit = .
                0x00001000                _HeapSize = 0x1000

.heap           0x20002a98     0x1000
                0x20002a98                _pvHeapStart = .
                0x20003a98                . = (. + _HeapSize)
 *fill*         0x20002a98     0x1000 
                0x20003a98                . = ALIGN (0x8)
                0x20003a98                _pvHeapLimit = .
                0x00001000                _StackSize = 0x1000

.heap2stackfill
                0x20003a98     0x1000
                0x20004a98                . = (. + _StackSize)
 *fill*         0x20003a98     0x1000 

.stack          0x2002f000        0x0
                0x2002f000                _vStackBase = .
                0x2002f000                . = ALIGN (0x8)
                0x20030000                _vStackTop = (. + _StackSize)
                0x00000000                _image_start = LOADADDR (.text)
                0x00008128                _image_end = (LOADADDR (.data) + SIZEOF (.data))
                0x00008128                _image_size = (_image_end - _image_start)
OUTPUT(frdmk64f_LIN_Driver.axf elf32-littlearm)

.debug_info     0x00000000     0xdc89
 .debug_info    0x00000000      0x8ac ./startup/startup_mk64f12.o
 .debug_info    0x000008ac      0xce9 ./source/lin1d3_driver.o
 .debug_info    0x00001595     0x12c1 ./source/lin_driver_test_main.o
 .debug_info    0x00002856       0x37 ./source/semihost_hardfault.o
 .debug_info    0x0000288d      0xa35 ./drivers/freertos/fsl_uart_freertos.o
 .debug_info    0x000032c2     0x1e9b ./drivers/fsl_clock.o
 .debug_info    0x0000515d     0x19db ./drivers/fsl_uart.o
 .debug_info    0x00006b38      0xaa2 ./board/src/clock_config.o
 .debug_info    0x000075da      0x64d ./board/pin_mux.o
 .debug_info    0x00007c27       0xe1 ./amazon-freertos/portable/fsl_tickless_systick.o
 .debug_info    0x00007d08      0x3e6 ./amazon-freertos/FreeRTOS/portable/heap_4.o
 .debug_info    0x000080ee      0x52a ./amazon-freertos/FreeRTOS/portable/port.o
 .debug_info    0x00008618      0x9c9 ./amazon-freertos/FreeRTOS/event_groups.o
 .debug_info    0x00008fe1      0x2c5 ./amazon-freertos/FreeRTOS/list.o
 .debug_info    0x000092a6     0x168c ./amazon-freertos/FreeRTOS/queue.o
 .debug_info    0x0000a932     0x1f89 ./amazon-freertos/FreeRTOS/tasks.o
 .debug_info    0x0000c8bb      0xda1 ./amazon-freertos/FreeRTOS/timers.o
 .debug_info    0x0000d65c      0x62d ./CMSIS/system_MK64F12.o

.debug_abbrev   0x00000000     0x231d
 .debug_abbrev  0x00000000      0x159 ./startup/startup_mk64f12.o
 .debug_abbrev  0x00000159      0x21c ./source/lin1d3_driver.o
 .debug_abbrev  0x00000375      0x257 ./source/lin_driver_test_main.o
 .debug_abbrev  0x000005cc       0x2c ./source/semihost_hardfault.o
 .debug_abbrev  0x000005f8      0x233 ./drivers/freertos/fsl_uart_freertos.o
 .debug_abbrev  0x0000082b      0x31e ./drivers/fsl_clock.o
 .debug_abbrev  0x00000b49      0x300 ./drivers/fsl_uart.o
 .debug_abbrev  0x00000e49      0x1f1 ./board/src/clock_config.o
 .debug_abbrev  0x0000103a      0x196 ./board/pin_mux.o
 .debug_abbrev  0x000011d0       0x8f ./amazon-freertos/portable/fsl_tickless_systick.o
 .debug_abbrev  0x0000125f      0x1e5 ./amazon-freertos/FreeRTOS/portable/heap_4.o
 .debug_abbrev  0x00001444      0x249 ./amazon-freertos/FreeRTOS/portable/port.o
 .debug_abbrev  0x0000168d      0x23b ./amazon-freertos/FreeRTOS/event_groups.o
 .debug_abbrev  0x000018c8      0x116 ./amazon-freertos/FreeRTOS/list.o
 .debug_abbrev  0x000019de      0x2b3 ./amazon-freertos/FreeRTOS/queue.o
 .debug_abbrev  0x00001c91      0x2e8 ./amazon-freertos/FreeRTOS/tasks.o
 .debug_abbrev  0x00001f79      0x253 ./amazon-freertos/FreeRTOS/timers.o
 .debug_abbrev  0x000021cc      0x151 ./CMSIS/system_MK64F12.o

.debug_aranges  0x00000000      0xdf0
 .debug_aranges
                0x00000000      0x330 ./startup/startup_mk64f12.o
 .debug_aranges
                0x00000330       0x38 ./source/lin1d3_driver.o
 .debug_aranges
                0x00000368       0x60 ./source/lin_driver_test_main.o
 .debug_aranges
                0x000003c8       0x20 ./source/semihost_hardfault.o
 .debug_aranges
                0x000003e8       0x50 ./drivers/freertos/fsl_uart_freertos.o
 .debug_aranges
                0x00000438      0x1e8 ./drivers/fsl_clock.o
 .debug_aranges
                0x00000620      0x170 ./drivers/fsl_uart.o
 .debug_aranges
                0x00000790       0x50 ./board/src/clock_config.o
 .debug_aranges
                0x000007e0       0x30 ./board/pin_mux.o
 .debug_aranges
                0x00000810       0x20 ./amazon-freertos/portable/fsl_tickless_systick.o
 .debug_aranges
                0x00000830       0x50 ./amazon-freertos/FreeRTOS/portable/heap_4.o
 .debug_aranges
                0x00000880       0x78 ./amazon-freertos/FreeRTOS/portable/port.o
 .debug_aranges
                0x000008f8       0x88 ./amazon-freertos/FreeRTOS/event_groups.o
 .debug_aranges
                0x00000980       0x40 ./amazon-freertos/FreeRTOS/list.o
 .debug_aranges
                0x000009c0      0x130 ./amazon-freertos/FreeRTOS/queue.o
 .debug_aranges
                0x00000af0      0x1f8 ./amazon-freertos/FreeRTOS/tasks.o
 .debug_aranges
                0x00000ce8       0xd8 ./amazon-freertos/FreeRTOS/timers.o
 .debug_aranges
                0x00000dc0       0x30 ./CMSIS/system_MK64F12.o

.debug_ranges   0x00000000      0xcd0
 .debug_ranges  0x00000000      0x320 ./startup/startup_mk64f12.o
 .debug_ranges  0x00000320       0x28 ./source/lin1d3_driver.o
 .debug_ranges  0x00000348       0x50 ./source/lin_driver_test_main.o
 .debug_ranges  0x00000398       0x10 ./source/semihost_hardfault.o
 .debug_ranges  0x000003a8       0x40 ./drivers/freertos/fsl_uart_freertos.o
 .debug_ranges  0x000003e8      0x1d8 ./drivers/fsl_clock.o
 .debug_ranges  0x000005c0      0x160 ./drivers/fsl_uart.o
 .debug_ranges  0x00000720       0x40 ./board/src/clock_config.o
 .debug_ranges  0x00000760       0x20 ./board/pin_mux.o
 .debug_ranges  0x00000780       0x10 ./amazon-freertos/portable/fsl_tickless_systick.o
 .debug_ranges  0x00000790       0x40 ./amazon-freertos/FreeRTOS/portable/heap_4.o
 .debug_ranges  0x000007d0       0x68 ./amazon-freertos/FreeRTOS/portable/port.o
 .debug_ranges  0x00000838       0x78 ./amazon-freertos/FreeRTOS/event_groups.o
 .debug_ranges  0x000008b0       0x30 ./amazon-freertos/FreeRTOS/list.o
 .debug_ranges  0x000008e0      0x120 ./amazon-freertos/FreeRTOS/queue.o
 .debug_ranges  0x00000a00      0x1e8 ./amazon-freertos/FreeRTOS/tasks.o
 .debug_ranges  0x00000be8       0xc8 ./amazon-freertos/FreeRTOS/timers.o
 .debug_ranges  0x00000cb0       0x20 ./CMSIS/system_MK64F12.o

.debug_line     0x00000000     0x5246
 .debug_line    0x00000000      0x6d4 ./startup/startup_mk64f12.o
 .debug_line    0x000006d4      0x2f0 ./source/lin1d3_driver.o
 .debug_line    0x000009c4      0x347 ./source/lin_driver_test_main.o
 .debug_line    0x00000d0b       0x54 ./source/semihost_hardfault.o
 .debug_line    0x00000d5f      0x2eb ./drivers/freertos/fsl_uart_freertos.o
 .debug_line    0x0000104a      0x928 ./drivers/fsl_clock.o
 .debug_line    0x00001972      0x938 ./drivers/fsl_uart.o
 .debug_line    0x000022aa      0x1ee ./board/src/clock_config.o
 .debug_line    0x00002498      0x16d ./board/pin_mux.o
 .debug_line    0x00002605      0x133 ./amazon-freertos/portable/fsl_tickless_systick.o
 .debug_line    0x00002738      0x23f ./amazon-freertos/FreeRTOS/portable/heap_4.o
 .debug_line    0x00002977      0x320 ./amazon-freertos/FreeRTOS/portable/port.o
 .debug_line    0x00002c97      0x40f ./amazon-freertos/FreeRTOS/event_groups.o
 .debug_line    0x000030a6      0x1b5 ./amazon-freertos/FreeRTOS/list.o
 .debug_line    0x0000325b      0xaca ./amazon-freertos/FreeRTOS/queue.o
 .debug_line    0x00003d25      0xe71 ./amazon-freertos/FreeRTOS/tasks.o
 .debug_line    0x00004b96      0x528 ./amazon-freertos/FreeRTOS/timers.o
 .debug_line    0x000050be      0x188 ./CMSIS/system_MK64F12.o

.debug_str      0x00000000     0x62cc
 .debug_str     0x00000000      0x92b ./startup/startup_mk64f12.o
                                0x94d (size before relaxing)
 .debug_str     0x0000092b      0xa61 ./source/lin1d3_driver.o
                                0xbf3 (size before relaxing)
 .debug_str     0x0000138c      0x8c3 ./source/lin_driver_test_main.o
                               0x1404 (size before relaxing)
 .debug_str     0x00001c4f       0x1f ./source/semihost_hardfault.o
                                0x16f (size before relaxing)
 .debug_str     0x00001c6e      0x520 ./drivers/freertos/fsl_uart_freertos.o
                                0xbc0 (size before relaxing)
 .debug_str     0x0000218e     0x1577 ./drivers/fsl_clock.o
                               0x1d23 (size before relaxing)
 .debug_str     0x00003705      0x75c ./drivers/fsl_uart.o
                               0x1e7f (size before relaxing)
 .debug_str     0x00003e61      0x226 ./board/src/clock_config.o
                                0xeec (size before relaxing)
 .debug_str     0x00004087      0x164 ./board/pin_mux.o
                                0x70b (size before relaxing)
 .debug_str     0x000041eb       0x4c ./amazon-freertos/portable/fsl_tickless_systick.o
                                0x274 (size before relaxing)
 .debug_str     0x00004237      0x20b ./amazon-freertos/FreeRTOS/portable/heap_4.o
                                0x427 (size before relaxing)
 .debug_str     0x00004442      0x203 ./amazon-freertos/FreeRTOS/portable/port.o
                                0x48a (size before relaxing)
 .debug_str     0x00004645      0x3bf ./amazon-freertos/FreeRTOS/event_groups.o
                                0x689 (size before relaxing)
 .debug_str     0x00004a04       0xa5 ./amazon-freertos/FreeRTOS/list.o
                                0x36a (size before relaxing)
 .debug_str     0x00004aa9      0x5bc ./amazon-freertos/FreeRTOS/queue.o
                                0x97e (size before relaxing)
 .debug_str     0x00005065      0xc9b ./amazon-freertos/FreeRTOS/tasks.o
                               0x1129 (size before relaxing)
 .debug_str     0x00005d00      0x510 ./amazon-freertos/FreeRTOS/timers.o
                                0x896 (size before relaxing)
 .debug_str     0x00006210       0xbc ./CMSIS/system_MK64F12.o
                                0x418 (size before relaxing)

.comment        0x00000000       0x7e
 .comment       0x00000000       0x7e ./startup/startup_mk64f12.o
                                 0x7f (size before relaxing)
 .comment       0x0000007e       0x7f ./source/lin1d3_driver.o
 .comment       0x0000007e       0x7f ./source/lin_driver_test_main.o
 .comment       0x0000007e       0x7f ./source/semihost_hardfault.o
 .comment       0x0000007e       0x7f ./drivers/freertos/fsl_uart_freertos.o
 .comment       0x0000007e       0x7f ./drivers/fsl_clock.o
 .comment       0x0000007e       0x7f ./drivers/fsl_uart.o
 .comment       0x0000007e       0x7f ./board/src/clock_config.o
 .comment       0x0000007e       0x7f ./board/pin_mux.o
 .comment       0x0000007e       0x7f ./amazon-freertos/portable/fsl_tickless_systick.o
 .comment       0x0000007e       0x7f ./amazon-freertos/FreeRTOS/portable/heap_4.o
 .comment       0x0000007e       0x7f ./amazon-freertos/FreeRTOS/portable/port.o
 .comment       0x0000007e       0x7f ./amazon-freertos/FreeRTOS/event_groups.o
 .comment       0x0000007e       0x7f ./amazon-freertos/FreeRTOS/list.o
 .comment       0x0000007e       0x7f ./amazon-freertos/FreeRTOS/queue.o
 .comment       0x0000007e       0x7f ./amazon-freertos/FreeRTOS/tasks.o
 .comment       0x0000007e       0x7f ./amazon-freertos/FreeRTOS/timers.o
 .comment       0x0000007e       0x7f ./CMSIS/system_MK64F12.o
 .comment       0x0000007e       0x7f c:/nxp/mcuxpressoide_10.2.0_759/ide/tools/bin/../lib/gcc/arm-none-eabi/7.2.1/../../../../arm-none-eabi/lib/thumb/v7e-m/fpv4-sp/hard\libcr_semihost_nf.a(_cr__main.o)
 .comment       0x0000007e       0x7f c:/nxp/mcuxpressoide_10.2.0_759/ide/tools/bin/../lib/gcc/arm-none-eabi/7.2.1/../../../../arm-none-eabi/lib/thumb/v7e-m/fpv4-sp/hard\libcr_semihost_nf.a(_cr_assert.o)
 .comment       0x0000007e       0x7f c:/nxp/mcuxpressoide_10.2.0_759/ide/tools/bin/../lib/gcc/arm-none-eabi/7.2.1/../../../../arm-none-eabi/lib/thumb/v7e-m/fpv4-sp/hard\libcr_semihost_nf.a(__ciob.o)
 .comment       0x0000007e       0x7f c:/nxp/mcuxpressoide_10.2.0_759/ide/tools/bin/../lib/gcc/arm-none-eabi/7.2.1/../../../../arm-none-eabi/lib/thumb/v7e-m/fpv4-sp/hard\libcr_c.a(memcpy.o)
 .comment       0x0000007e       0x7f c:/nxp/mcuxpressoide_10.2.0_759/ide/tools/bin/../lib/gcc/arm-none-eabi/7.2.1/../../../../arm-none-eabi/lib/thumb/v7e-m/fpv4-sp/hard\libcr_c.a(memset.o)
 .comment       0x0000007e       0x7f c:/nxp/mcuxpressoide_10.2.0_759/ide/tools/bin/../lib/gcc/arm-none-eabi/7.2.1/../../../../arm-none-eabi/lib/thumb/v7e-m/fpv4-sp/hard\libcr_c.a(_deferredlazyseek.o)
 .comment       0x0000007e       0x7f c:/nxp/mcuxpressoide_10.2.0_759/ide/tools/bin/../lib/gcc/arm-none-eabi/7.2.1/../../../../arm-none-eabi/lib/thumb/v7e-m/fpv4-sp/hard\libcr_c.a(_fflush.o)
 .comment       0x0000007e       0x7f c:/nxp/mcuxpressoide_10.2.0_759/ide/tools/bin/../lib/gcc/arm-none-eabi/7.2.1/../../../../arm-none-eabi/lib/thumb/v7e-m/fpv4-sp/hard\libcr_c.a(_writebuf.o)
 .comment       0x0000007e       0x7f c:/nxp/mcuxpressoide_10.2.0_759/ide/tools/bin/../lib/gcc/arm-none-eabi/7.2.1/../../../../arm-none-eabi/lib/thumb/v7e-m/fpv4-sp/hard\libcr_c.a(alloc.o)
 .comment       0x0000007e       0x7f c:/nxp/mcuxpressoide_10.2.0_759/ide/tools/bin/../lib/gcc/arm-none-eabi/7.2.1/../../../../arm-none-eabi/lib/thumb/v7e-m/fpv4-sp/hard\libcr_c.a(fputs.o)
 .comment       0x0000007e       0x7f c:/nxp/mcuxpressoide_10.2.0_759/ide/tools/bin/../lib/gcc/arm-none-eabi/7.2.1/../../../../arm-none-eabi/lib/thumb/v7e-m/fpv4-sp/hard\libcr_c.a(fseek.o)
 .comment       0x0000007e       0x7f c:/nxp/mcuxpressoide_10.2.0_759/ide/tools/bin/../lib/gcc/arm-none-eabi/7.2.1/../../../../arm-none-eabi/lib/thumb/v7e-m/fpv4-sp/hard\libcr_c.a(ftell.o)
 .comment       0x0000007e       0x7f c:/nxp/mcuxpressoide_10.2.0_759/ide/tools/bin/../lib/gcc/arm-none-eabi/7.2.1/../../../../arm-none-eabi/lib/thumb/v7e-m/fpv4-sp/hard\libcr_c.a(initio.o)
 .comment       0x0000007e       0x7f c:/nxp/mcuxpressoide_10.2.0_759/ide/tools/bin/../lib/gcc/arm-none-eabi/7.2.1/../../../../arm-none-eabi/lib/thumb/v7e-m/fpv4-sp/hard\libcr_c.a(printf.o)
 .comment       0x0000007e       0x7f c:/nxp/mcuxpressoide_10.2.0_759/ide/tools/bin/../lib/gcc/arm-none-eabi/7.2.1/../../../../arm-none-eabi/lib/thumb/v7e-m/fpv4-sp/hard\libcr_c.a(setvbuf.o)
 .comment       0x0000007e       0x7f c:/nxp/mcuxpressoide_10.2.0_759/ide/tools/bin/../lib/gcc/arm-none-eabi/7.2.1/../../../../arm-none-eabi/lib/thumb/v7e-m/fpv4-sp/hard\libcr_c.a(strlen.o)
 .comment       0x0000007e       0x7f c:/nxp/mcuxpressoide_10.2.0_759/ide/tools/bin/../lib/gcc/arm-none-eabi/7.2.1/../../../../arm-none-eabi/lib/thumb/v7e-m/fpv4-sp/hard\libcr_c.a(__init_alloc.o)
 .comment       0x0000007e       0x7f c:/nxp/mcuxpressoide_10.2.0_759/ide/tools/bin/../lib/gcc/arm-none-eabi/7.2.1/../../../../arm-none-eabi/lib/thumb/v7e-m/fpv4-sp/hard\libcr_c.a(_cr_sbrk.o)
 .comment       0x0000007e       0x7f c:/nxp/mcuxpressoide_10.2.0_759/ide/tools/bin/../lib/gcc/arm-none-eabi/7.2.1/../../../../arm-none-eabi/lib/thumb/v7e-m/fpv4-sp/hard\libcr_c.a(_fdopen.o)
 .comment       0x0000007e       0x7f c:/nxp/mcuxpressoide_10.2.0_759/ide/tools/bin/../lib/gcc/arm-none-eabi/7.2.1/../../../../arm-none-eabi/lib/thumb/v7e-m/fpv4-sp/hard\libcr_c.a(errno.o)
 .comment       0x0000007e       0x7f c:/nxp/mcuxpressoide_10.2.0_759/ide/tools/bin/../lib/gcc/arm-none-eabi/7.2.1/../../../../arm-none-eabi/lib/thumb/v7e-m/fpv4-sp/hard\libcr_c.a(fclose.o)
 .comment       0x0000007e       0x7f c:/nxp/mcuxpressoide_10.2.0_759/ide/tools/bin/../lib/gcc/arm-none-eabi/7.2.1/../../../../arm-none-eabi/lib/thumb/v7e-m/fpv4-sp/hard\libcr_c.a(fflush.o)
 .comment       0x0000007e       0x7f c:/nxp/mcuxpressoide_10.2.0_759/ide/tools/bin/../lib/gcc/arm-none-eabi/7.2.1/../../../../arm-none-eabi/lib/thumb/v7e-m/fpv4-sp/hard\libcr_c.a(remove.o)
 .comment       0x0000007e       0x7f c:/nxp/mcuxpressoide_10.2.0_759/ide/tools/bin/../lib/gcc/arm-none-eabi/7.2.1/../../../../arm-none-eabi/lib/thumb/v7e-m/fpv4-sp/hard\libcr_c.a(_cr_check_heap.o)
 .comment       0x0000007e       0x7f c:/nxp/mcuxpressoide_10.2.0_759/ide/tools/bin/../lib/gcc/arm-none-eabi/7.2.1/../../../../arm-none-eabi/lib/thumb/v7e-m/fpv4-sp/hard\libcr_c.a(_do_fflush.o)

.ARM.attributes
                0x00000000       0x37
 .ARM.attributes
                0x00000000       0x39 ./startup/startup_mk64f12.o
 .ARM.attributes
                0x00000039       0x39 ./source/lin1d3_driver.o
 .ARM.attributes
                0x00000072       0x39 ./source/lin_driver_test_main.o
 .ARM.attributes
                0x000000ab       0x39 ./source/semihost_hardfault.o
 .ARM.attributes
                0x000000e4       0x39 ./drivers/freertos/fsl_uart_freertos.o
 .ARM.attributes
                0x0000011d       0x39 ./drivers/fsl_clock.o
 .ARM.attributes
                0x00000156       0x39 ./drivers/fsl_uart.o
 .ARM.attributes
                0x0000018f       0x39 ./board/src/clock_config.o
 .ARM.attributes
                0x000001c8       0x39 ./board/pin_mux.o
 .ARM.attributes
                0x00000201       0x39 ./amazon-freertos/portable/fsl_tickless_systick.o
 .ARM.attributes
                0x0000023a       0x39 ./amazon-freertos/FreeRTOS/portable/heap_4.o
 .ARM.attributes
                0x00000273       0x39 ./amazon-freertos/FreeRTOS/portable/port.o
 .ARM.attributes
                0x000002ac       0x39 ./amazon-freertos/FreeRTOS/event_groups.o
 .ARM.attributes
                0x000002e5       0x39 ./amazon-freertos/FreeRTOS/list.o
 .ARM.attributes
                0x0000031e       0x39 ./amazon-freertos/FreeRTOS/queue.o
 .ARM.attributes
                0x00000357       0x39 ./amazon-freertos/FreeRTOS/tasks.o
 .ARM.attributes
                0x00000390       0x39 ./amazon-freertos/FreeRTOS/timers.o
 .ARM.attributes
                0x000003c9       0x39 ./CMSIS/system_MK64F12.o
 .ARM.attributes
                0x00000402       0x39 c:/nxp/mcuxpressoide_10.2.0_759/ide/tools/bin/../lib/gcc/arm-none-eabi/7.2.1/../../../../arm-none-eabi/lib/thumb/v7e-m/fpv4-sp/hard\libcr_semihost_nf.a(_cr__main.o)
 .ARM.attributes
                0x0000043b       0x39 c:/nxp/mcuxpressoide_10.2.0_759/ide/tools/bin/../lib/gcc/arm-none-eabi/7.2.1/../../../../arm-none-eabi/lib/thumb/v7e-m/fpv4-sp/hard\libcr_semihost_nf.a(_cr_assert.o)
 .ARM.attributes
                0x00000474       0x39 c:/nxp/mcuxpressoide_10.2.0_759/ide/tools/bin/../lib/gcc/arm-none-eabi/7.2.1/../../../../arm-none-eabi/lib/thumb/v7e-m/fpv4-sp/hard\libcr_semihost_nf.a(__ciob.o)
 .ARM.attributes
                0x000004ad       0x25 c:/nxp/mcuxpressoide_10.2.0_759/ide/tools/bin/../lib/gcc/arm-none-eabi/7.2.1/../../../../arm-none-eabi/lib/thumb/v7e-m/fpv4-sp/hard\libcr_semihost_nf.a(__sys_appexit.o)
 .ARM.attributes
                0x000004d2       0x39 c:/nxp/mcuxpressoide_10.2.0_759/ide/tools/bin/../lib/gcc/arm-none-eabi/7.2.1/../../../../arm-none-eabi/lib/thumb/v7e-m/fpv4-sp/hard\libcr_c.a(memcpy.o)
 .ARM.attributes
                0x0000050b       0x39 c:/nxp/mcuxpressoide_10.2.0_759/ide/tools/bin/../lib/gcc/arm-none-eabi/7.2.1/../../../../arm-none-eabi/lib/thumb/v7e-m/fpv4-sp/hard\libcr_c.a(memset.o)
 .ARM.attributes
                0x00000544       0x39 c:/nxp/mcuxpressoide_10.2.0_759/ide/tools/bin/../lib/gcc/arm-none-eabi/7.2.1/../../../../arm-none-eabi/lib/thumb/v7e-m/fpv4-sp/hard\libcr_c.a(_deferredlazyseek.o)
 .ARM.attributes
                0x0000057d       0x39 c:/nxp/mcuxpressoide_10.2.0_759/ide/tools/bin/../lib/gcc/arm-none-eabi/7.2.1/../../../../arm-none-eabi/lib/thumb/v7e-m/fpv4-sp/hard\libcr_c.a(_fflush.o)
 .ARM.attributes
                0x000005b6       0x39 c:/nxp/mcuxpressoide_10.2.0_759/ide/tools/bin/../lib/gcc/arm-none-eabi/7.2.1/../../../../arm-none-eabi/lib/thumb/v7e-m/fpv4-sp/hard\libcr_c.a(_writebuf.o)
 .ARM.attributes
                0x000005ef       0x39 c:/nxp/mcuxpressoide_10.2.0_759/ide/tools/bin/../lib/gcc/arm-none-eabi/7.2.1/../../../../arm-none-eabi/lib/thumb/v7e-m/fpv4-sp/hard\libcr_c.a(alloc.o)
 .ARM.attributes
                0x00000628       0x39 c:/nxp/mcuxpressoide_10.2.0_759/ide/tools/bin/../lib/gcc/arm-none-eabi/7.2.1/../../../../arm-none-eabi/lib/thumb/v7e-m/fpv4-sp/hard\libcr_c.a(fputs.o)
 .ARM.attributes
                0x00000661       0x39 c:/nxp/mcuxpressoide_10.2.0_759/ide/tools/bin/../lib/gcc/arm-none-eabi/7.2.1/../../../../arm-none-eabi/lib/thumb/v7e-m/fpv4-sp/hard\libcr_c.a(fseek.o)
 .ARM.attributes
                0x0000069a       0x39 c:/nxp/mcuxpressoide_10.2.0_759/ide/tools/bin/../lib/gcc/arm-none-eabi/7.2.1/../../../../arm-none-eabi/lib/thumb/v7e-m/fpv4-sp/hard\libcr_c.a(ftell.o)
 .ARM.attributes
                0x000006d3       0x39 c:/nxp/mcuxpressoide_10.2.0_759/ide/tools/bin/../lib/gcc/arm-none-eabi/7.2.1/../../../../arm-none-eabi/lib/thumb/v7e-m/fpv4-sp/hard\libcr_c.a(initio.o)
 .ARM.attributes
                0x0000070c       0x39 c:/nxp/mcuxpressoide_10.2.0_759/ide/tools/bin/../lib/gcc/arm-none-eabi/7.2.1/../../../../arm-none-eabi/lib/thumb/v7e-m/fpv4-sp/hard\libcr_c.a(printf.o)
 .ARM.attributes
                0x00000745       0x39 c:/nxp/mcuxpressoide_10.2.0_759/ide/tools/bin/../lib/gcc/arm-none-eabi/7.2.1/../../../../arm-none-eabi/lib/thumb/v7e-m/fpv4-sp/hard\libcr_c.a(setvbuf.o)
 .ARM.attributes